******************************************************************************
             TMS320C2000 Linker PC v6.4.6                      
******************************************************************************
>> Linked Sat Apr 28 14:53:40 2018

OUTPUT FILE NAME:   <F281x_BASE_PROJECT_CCSV6+_18_4_2.out>
ENTRY POINT SYMBOL: "_c_int00"  address: 00101b49


MEMORY CONFIGURATION

         name            origin    length      used     unused   attr    fill
----------------------  --------  ---------  --------  --------  ----  --------
PAGE 0:
  RAMM0                 00000000   00000400  00000080  00000380  RWIX
  BEGIN                 003f8000   00000002  00000002  00000000  RWIX
  PRAMH0                003f8002   00000ffe  00000081  00000f7d  RWIX
  RESET                 003fffc0   00000002  00000000  00000002  RWIX

PAGE 1:
  RAMM1                 00000400   00000400  00000400  00000000  RWIX
  DEV_EMU               00000880   00000180  000000d0  000000b0  RWIX
  FLASH_REGS            00000a80   00000060  00000008  00000058  RWIX
  CSM                   00000ae0   00000010  00000010  00000000  RWIX
  XINTF                 00000b20   00000020  00000020  00000000  RWIX
  CPU_TIMER0            00000c00   00000008  00000008  00000000  RWIX
  CPU_TIMER1            00000c08   00000008  00000008  00000000  RWIX
  CPU_TIMER2            00000c10   00000008  00000008  00000000  RWIX
  PIE_CTRL              00000ce0   00000020  0000001a  00000006  RWIX
  PIE_VECT              00000d00   00000100  00000100  00000000  RWIX
  ECANA                 00006000   00000040  00000034  0000000c  RWIX
  ECANA_LAM             00006040   00000040  00000040  00000000  RWIX
  ECANA_MOTS            00006080   00000040  00000040  00000000  RWIX
  ECANA_MOTO            000060c0   00000040  00000040  00000000  RWIX
  ECANA_MBOX            00006100   00000100  00000100  00000000  RWIX
  SYSTEM                00007010   00000020  00000020  00000000  RWIX
  SPIA                  00007040   00000010  00000010  00000000  RWIX
  SCIA                  00007050   00000010  00000010  00000000  RWIX
  XINTRUPT              00007070   00000010  00000010  00000000  RWIX
  GPIOMUX               000070c0   00000020  00000020  00000000  RWIX
  GPIODAT               000070e0   00000020  00000020  00000000  RWIX
  ADC                   00007100   00000020  0000001a  00000006  RWIX
  EVA                   00007400   00000040  00000032  0000000e  RWIX
  EVB                   00007500   00000040  00000032  0000000e  RWIX
  SCIB                  00007750   00000010  00000010  00000000  RWIX
  MCBSPA                00007800   00000040  00000025  0000001b  RWIX
  DRAMH1                00100000   0000ffff  00002328  0000dcd7  RWIX
  CSM_PWL               003f7ff8   00000008  00000008  00000000  RWIX
  DRAMH0                003f9000   00001000  0000068e  00000972  RWIX


SECTION ALLOCATION MAP

 output                                  attributes/
section   page    origin      length       input sections
--------  ----  ----------  ----------   ----------------
csm_rsvd   0    00000000    00000076     
                  00000000    00000076     DSP281x_CSMPasswords.obj (csm_rsvd)

csmpasswds 
*          0    00000076    00000008     
                  00000076    00000008     DSP281x_CSMPasswords.obj (csmpasswds)

reset_vec 
*          0    0000007e    00000002     
                  0000007e    00000002     DSP281x_XintfBootReset.obj (reset_vec)

codestart 
*          0    003f8000    00000002     
                  003f8000    00000002     DSP281x_CodeStartBranch.obj (codestart)

.cinit     0    003f8002    0000007d     
                  003f8002    00000031     rts2800_ml.lib : lowlev.obj (.cinit)
                  003f8033    0000002a                    : defs.obj (.cinit)
                  003f805d    0000000a                    : exit.obj (.cinit)
                  003f8067    00000005                    : _lock.obj (.cinit:__lock)
                  003f806c    00000005                    : _lock.obj (.cinit:__unlock)
                  003f8071    00000004                    : errno.obj (.cinit)
                  003f8075    00000004                    : fopen.obj (.cinit)
                  003f8079    00000004                    : memory.obj (.cinit)
                  003f807d    00000002     --HOLE-- [fill = 0]

ramfuncs   0    003f807f    00000004     
                  003f807f    00000004     DSP281x_usDelay.obj (ramfuncs)

.stack     1    00000400    00000400     UNINITIALIZED
                  00000400    00000400     --HOLE--

DevEmuRegsFile 
*          1    00000880    000000d0     UNINITIALIZED
                  00000880    000000d0     DSP281x_GlobalVariableDefs.obj (DevEmuRegsFile)

FlashRegsFile 
*          1    00000a80    00000008     UNINITIALIZED
                  00000a80    00000008     DSP281x_GlobalVariableDefs.obj (FlashRegsFile)

CsmRegsFile 
*          1    00000ae0    00000010     UNINITIALIZED
                  00000ae0    00000010     DSP281x_GlobalVariableDefs.obj (CsmRegsFile)

XintfRegsFile 
*          1    00000b20    00000020     UNINITIALIZED
                  00000b20    00000020     DSP281x_GlobalVariableDefs.obj (XintfRegsFile)

CpuTimer0RegsFile 
*          1    00000c00    00000008     UNINITIALIZED
                  00000c00    00000008     DSP281x_GlobalVariableDefs.obj (CpuTimer0RegsFile)

CpuTimer1RegsFile 
*          1    00000c08    00000008     UNINITIALIZED
                  00000c08    00000008     DSP281x_GlobalVariableDefs.obj (CpuTimer1RegsFile)

CpuTimer2RegsFile 
*          1    00000c10    00000008     UNINITIALIZED
                  00000c10    00000008     DSP281x_GlobalVariableDefs.obj (CpuTimer2RegsFile)

PieCtrlRegsFile 
*          1    00000ce0    0000001a     UNINITIALIZED
                  00000ce0    0000001a     DSP281x_GlobalVariableDefs.obj (PieCtrlRegsFile)

PieVectTableFile 
*          1    00000d00    00000100     UNINITIALIZED
                  00000d00    00000100     DSP281x_GlobalVariableDefs.obj (PieVectTableFile)

ECanaRegsFile 
*          1    00006000    00000034     UNINITIALIZED
                  00006000    00000034     DSP281x_GlobalVariableDefs.obj (ECanaRegsFile)

ECanaLAMRegsFile 
*          1    00006040    00000040     UNINITIALIZED
                  00006040    00000040     DSP281x_GlobalVariableDefs.obj (ECanaLAMRegsFile)

ECanaMOTSRegsFile 
*          1    00006080    00000040     UNINITIALIZED
                  00006080    00000040     DSP281x_GlobalVariableDefs.obj (ECanaMOTSRegsFile)

ECanaMOTORegsFile 
*          1    000060c0    00000040     UNINITIALIZED
                  000060c0    00000040     DSP281x_GlobalVariableDefs.obj (ECanaMOTORegsFile)

ECanaMboxesFile 
*          1    00006100    00000100     UNINITIALIZED
                  00006100    00000100     DSP281x_GlobalVariableDefs.obj (ECanaMboxesFile)

SysCtrlRegsFile 
*          1    00007010    00000020     UNINITIALIZED
                  00007010    00000020     DSP281x_GlobalVariableDefs.obj (SysCtrlRegsFile)

SpiaRegsFile 
*          1    00007040    00000010     UNINITIALIZED
                  00007040    00000010     DSP281x_GlobalVariableDefs.obj (SpiaRegsFile)

SciaRegsFile 
*          1    00007050    00000010     UNINITIALIZED
                  00007050    00000010     DSP281x_GlobalVariableDefs.obj (SciaRegsFile)

XIntruptRegsFile 
*          1    00007070    00000010     UNINITIALIZED
                  00007070    00000010     DSP281x_GlobalVariableDefs.obj (XIntruptRegsFile)

GpioMuxRegsFile 
*          1    000070c0    00000020     UNINITIALIZED
                  000070c0    00000020     DSP281x_GlobalVariableDefs.obj (GpioMuxRegsFile)

GpioDataRegsFile 
*          1    000070e0    00000020     UNINITIALIZED
                  000070e0    00000020     DSP281x_GlobalVariableDefs.obj (GpioDataRegsFile)

AdcRegsFile 
*          1    00007100    0000001a     UNINITIALIZED
                  00007100    0000001a     DSP281x_GlobalVariableDefs.obj (AdcRegsFile)

EvaRegsFile 
*          1    00007400    00000032     UNINITIALIZED
                  00007400    00000032     DSP281x_GlobalVariableDefs.obj (EvaRegsFile)

EvbRegsFile 
*          1    00007500    00000032     UNINITIALIZED
                  00007500    00000032     DSP281x_GlobalVariableDefs.obj (EvbRegsFile)

ScibRegsFile 
*          1    00007750    00000010     UNINITIALIZED
                  00007750    00000010     DSP281x_GlobalVariableDefs.obj (ScibRegsFile)

McbspaRegsFile 
*          1    00007800    00000025     UNINITIALIZED
                  00007800    00000025     DSP281x_GlobalVariableDefs.obj (McbspaRegsFile)

.text      1    00100000    00001fc4     
                  00100000    00000b6e     rts2800_ml.lib : _printfi.obj (.text)
                  00100b6e    0000020d                    : lowlev.obj (.text)
                  00100d7b    000001f7                    : trgdrv.obj (.text)
                  00100f72    000001dd                    : memory.obj (.text)
                  0010114f    0000014f     DSP281x_DefaultIsr.obj (.text:retain)
                  0010129e    00000107     rts2800_ml.lib : ll_div.obj (.text)
                  001013a5    00000102                    : fopen.obj (.text)
                  001014a7    000000a5                    : fputs.obj (.text)
                  0010154c    0000009c                    : fd_add.obj (.text)
                  001015e8    00000094                    : ankmsg.obj (.text)
                  0010167c    0000008b                    : fd_div.obj (.text)
                  00101707    00000088     DSP281x_SysCtrl.obj (.text)
                  0010178f    00000083     rts2800_ml.lib : fd_mpy.obj (.text)
                  00101812    00000082     sci.obj (.text)
                  00101894    0000007a     rts2800_ml.lib : setvbuf.obj (.text)
                  0010190e    0000006e                    : fflush.obj (.text)
                  0010197c    00000067                    : _io_perm.obj (.text)
                  001019e3    00000061     main.obj (.text)
                  00101a44    0000005b     rts2800_ml.lib : fclose.obj (.text)
                  00101a9f    0000005a                    : fs_mpy.obj (.text)
                  00101af9    00000050                    : fputc.obj (.text)
                  00101b49    00000044                    : boot.obj (.text)
                  00101b8d    00000041                    : ldexp.obj (.text)
                  00101bce    0000003d                    : fseek.obj (.text)
                  00101c0b    00000034                    : printf.obj (.text)
                  00101c3f    00000031                    : atoi.obj (.text)
                  00101c70    0000002e                    : ltoa.obj (.text)
                  00101c9e    0000002c     sci.obj (.text:retain)
                  00101cca    0000002a     rts2800_ml.lib : fd_cmp.obj (.text)
                  00101cf4    0000002a                    : l_div.obj (.text)
                  00101d1e    00000029                    : fs_tol.obj (.text)
                  00101d47    00000028     DSP281x_PieCtrl.obj (.text)
                  00101d6f    00000023     rts2800_ml.lib : strncpy.obj (.text)
                  00101d92    00000022     DSP281x_PieVect.obj (.text)
                  00101db4    00000021     rts2800_ml.lib : fd_tofs.obj (.text)
                  00101dd5    00000021                    : fd_toi.obj (.text)
                  00101df6    0000001f                    : fd_tol.obj (.text)
                  00101e15    0000001e                    : ll_cmp.obj (.text)
                  00101e33    0000001d                    : i_tofd.obj (.text)
                  00101e50    0000001d                    : memcpy.obj (.text)
                  00101e6d    0000001c                    : fs_tofd.obj (.text)
                  00101e89    0000001c                    : l_tofd.obj (.text)
                  00101ea5    0000001a                    : l_tofs.obj (.text)
                  00101ebf    00000019                    : args_main.obj (.text)
                  00101ed8    00000019                    : exit.obj (.text)
                  00101ef1    00000018                    : ll_aox.obj (.text)
                  00101f09    00000017                    : fs_cmp.obj (.text)
                  00101f20    00000014                    : frexp.obj (.text)
                  00101f34    00000011                    : memchr.obj (.text)
                  00101f45    0000000e                    : fd_sub.obj (.text)
                  00101f53    0000000e                    : memccpy.obj (.text)
                  00101f61    0000000d     DSP281x_Gpio.obj (.text)
                  00101f6e    0000000c     rts2800_ml.lib : memset.obj (.text)
                  00101f7a    0000000b                    : strchr.obj (.text)
                  00101f85    0000000a                    : strcmp.obj (.text)
                  00101f8f    00000009                    : _lock.obj (.text)
                  00101f98    00000009                    : fd_neg.obj (.text)
                  00101fa1    00000008     DSP281x_CodeStartBranch.obj (.text)
                  00101fa9    00000008     DSP281x_XintfBootReset.obj (.text)
                  00101fb1    00000008     rts2800_ml.lib : strlen.obj (.text)
                  00101fb9    00000005                    : strcpy.obj (.text)
                  00101fbe    00000003     DSP281x_DBGIER.obj (.text)
                  00101fc1    00000003     rts2800_ml.lib : remove.obj (.text)

CsmPwlFile 
*          1    003f7ff8    00000008     UNINITIALIZED
                  003f7ff8    00000008     DSP281x_GlobalVariableDefs.obj (CsmPwlFile)

.pinit     0    003f8002    00000000     UNINITIALIZED

.reset     0    003fffc0    00000002     DSECT
                  003fffc0    00000002     rts2800_ml.lib : boot.obj (.reset)

.ebss      1    00101fc4    00000244     UNINITIALIZED
                  00101fc4    00000022     main.obj (.ebss)
                  00101fe6    00000018     DSP281x_CpuTimers.obj (.ebss)
                  00101ffe    00000002     rts2800_ml.lib : _lock.obj (.ebss:__lock)
                  00102000    00000160                    : defs.obj (.ebss)
                  00102160    00000008                    : memory.obj (.ebss)
                  00102168    00000008                    : trgdrv.obj (.ebss)
                  00102170    00000004                    : exit.obj (.ebss)
                  00102174    00000002                    : _lock.obj (.ebss:__unlock)
                  00102176    00000001                    : errno.obj (.ebss)
                  00102177    00000001                    : fopen.obj (.ebss)
                  00102178    00000008     --HOLE--
                  00102180    00000088                    : lowlev.obj (.ebss)

.cio       1    00102240    00000120     UNINITIALIZED
                  00102240    00000120     rts2800_ml.lib : ankmsg.obj (.cio)

.esysmem   1    003f9000    00000400     UNINITIALIZED
                  003f9000    00000001     rts2800_ml.lib : memory.obj (.esysmem)
                  003f9001    000003ff     --HOLE--

.econst    1    003f9400    0000028e     
                  003f9400    00000101     rts2800_ml.lib : ctype.obj (.econst:.string:__ctypes_)
                  003f9501    00000001     --HOLE-- [fill = 0]
                  003f9502    00000100     DSP281x_PieVect.obj (.econst)
                  003f9602    00000048     main.obj (.econst:.string)
                  003f964a    00000026     rts2800_ml.lib : _printfi.obj (.econst:.string)
                  003f9670    0000001c                    : _printfi.obj (.econst)
                  003f968c    00000002                    : fputs.obj (.econst:.string)


GLOBAL DATA SYMBOLS: SORTED BY DATA PAGE

address     data page           name
--------    ----------------    ----
00000400      10 (00000400)     __stack

00000880      22 (00000880)     _DevEmuRegs

00000a80      2a (00000a80)     _FlashRegs

00000ae0      2b (00000ac0)     _CsmRegs

00000b20      2c (00000b00)     _XintfRegs

00000c00      30 (00000c00)     _CpuTimer0Regs
00000c08      30 (00000c00)     _CpuTimer1Regs
00000c10      30 (00000c00)     _CpuTimer2Regs

00000ce0      33 (00000cc0)     _PieCtrlRegs

00000d00      34 (00000d00)     _PieVectTable

00006000     180 (00006000)     _ECanaRegs

00006040     181 (00006040)     _ECanaLAMRegs

00006080     182 (00006080)     _ECanaMOTSRegs

000060c0     183 (000060c0)     _ECanaMOTORegs

00006100     184 (00006100)     _ECanaMboxes

00007010     1c0 (00007000)     _SysCtrlRegs

00007040     1c1 (00007040)     _SpiaRegs
00007050     1c1 (00007040)     _SciaRegs
00007070     1c1 (00007040)     _XIntruptRegs

000070c0     1c3 (000070c0)     _GpioMuxRegs
000070e0     1c3 (000070c0)     _GpioDataRegs

00007100     1c4 (00007100)     _AdcRegs

00007400     1d0 (00007400)     _EvaRegs

00007500     1d4 (00007500)     _EvbRegs

00007750     1dd (00007740)     _ScibRegs

00007800     1e0 (00007800)     _McbspaRegs

00101fc4    407f (00101fc0)     _rdata_pointB
00101fc5    407f (00101fc0)     _rdata_pointA
00101fc6    407f (00101fc0)     _rdataA
00101fce    407f (00101fc0)     _rdataB
00101fd6    407f (00101fc0)     _sdataA
00101fde    407f (00101fc0)     _sdataB
00101fe6    407f (00101fc0)     _CpuTimer1
00101fee    407f (00101fc0)     _CpuTimer2
00101ff6    407f (00101fc0)     _CpuTimer0
00101ffe    407f (00101fc0)     __lock

00102000    4080 (00102000)     ___TI_ft_end

00102040    4081 (00102040)     __ftable

001020c0    4083 (001020c0)     ___TI_tmpnams

00102170    4085 (00102140)     ___TI_cleanup_ptr
00102172    4085 (00102140)     ___TI_dtors_ptr
00102174    4085 (00102140)     __unlock
00102176    4085 (00102140)     _errno

00102240    4089 (00102240)     __CIOBUF_

003f7ff8    fdff (003f7fc0)     _CsmPwl

003f9000    fe40 (003f9000)     __sys_memory

003f9400    fe50 (003f9400)     __ctypes_

003f9502    fe54 (003f9500)     _PieVectTableInit


GLOBAL SYMBOLS: SORTED ALPHABETICALLY BY Name 

page  address   name                 
----  -------   ----                 
1     00100000  .text                
1     00101ed8  C$$EXIT              
1     0010163b  C$$IO$$              
1     0010154c  FD$$ADD              
1     00101cca  FD$$CMP              
1     0010167c  FD$$DIV              
1     0010178f  FD$$MPY              
1     00101f98  FD$$NEG              
1     00101f45  FD$$SUB              
1     00101db4  FD$$TOFS             
1     00101dd5  FD$$TOI              
1     00101df6  FD$$TOL              
1     00101f09  FS$$CMP              
1     00101a9f  FS$$MPY              
1     00101e6d  FS$$TOFD             
1     00101d1e  FS$$TOL              
1     00101e33  I$$TOFD              
1     00101cf4  L$$DIV               
1     00101d03  L$$MOD               
1     00101e89  L$$TOFD              
1     00101ea5  L$$TOFS              
1     00101ef1  LL$$AND              
1     00101e15  LL$$CMP              
1     0010129e  LL$$DIV              
1     001012da  LL$$MOD              
1     00101ef9  LL$$OR               
1     00101f01  LL$$XOR              
1     00101d11  UL$$DIV              
1     00101d18  UL$$MOD              
1     00101e27  ULL$$CMP             
1     00101314  ULL$$DIV             
1     00101343  ULL$$MOD             
1     001011c2  _ADCINT_ISR          
1     00007100  _AdcRegs             
1     00101208  _CAPINT1_ISR         
1     0010120d  _CAPINT2_ISR         
1     00101212  _CAPINT3_ISR         
1     0010124e  _CAPINT4_ISR         
1     00101253  _CAPINT5_ISR         
1     00101258  _CAPINT6_ISR         
1     001011d1  _CMP1INT_ISR         
1     001011d6  _CMP2INT_ISR         
1     001011db  _CMP3INT_ISR         
1     00101217  _CMP4INT_ISR         
1     0010121c  _CMP5INT_ISR         
1     00101221  _CMP6INT_ISR         
1     00101ff6  _CpuTimer0           
1     00000c00  _CpuTimer0Regs       
1     00101fe6  _CpuTimer1           
1     00000c08  _CpuTimer1Regs       
1     00101fee  _CpuTimer2           
1     00000c10  _CpuTimer2Regs       
1     003f7ff8  _CsmPwl              
1     00000ae0  _CsmRegs             
1     0010175e  _CsmUnlock           
1     00101159  _DATALOG_ISR         
0     003f807f  _DSP28x_usDelay      
1     00000880  _DevEmuRegs          
1     00101719  _DisableDog          
1     00101285  _ECAN0INTA_ISR       
1     0010128a  _ECAN1INTA_ISR       
1     00006040  _ECanaLAMRegs        
1     000060c0  _ECanaMOTORegs       
1     00006080  _ECanaMOTSRegs       
1     00006100  _ECanaMboxes         
1     00006000  _ECanaRegs           
1     0010128f  _EMPTY_ISR           
1     00101163  _EMUINT_ISR          
1     00101d66  _EnableInterrupts    
1     00007400  _EvaRegs             
1     00007500  _EvbRegs             
1     00000a80  _FlashRegs           
1     000070e0  _GpioDataRegs        
1     000070c0  _GpioMuxRegs         
1     00100f49  _HOSTclock           
1     00100f21  _HOSTclose           
1     00100ef9  _HOSTgetenv          
1     00100eb3  _HOSTlseek           
1     00100e7a  _HOSTopen            
1     00100e42  _HOSTread            
1     00100e02  _HOSTrename          
1     00100dd9  _HOSTtime            
1     00100db3  _HOSTunlink          
1     00100d7b  _HOSTwrite           
1     0010116d  _ILLEGAL_ISR         
1     0010114f  _INT13_ISR           
1     00101154  _INT14_ISR           
1     00101f61  _InitGpio            
1     00101744  _InitPeripheralClocks
1     00101d47  _InitPieCtrl         
1     00101d92  _InitPieVectTable    
1     00101721  _InitPll             
1     00101707  _InitSysCtrl         
1     0010170f  _KickDog             
1     00101267  _MRINTA_ISR          
1     0010126c  _MXINTA_ISR          
1     00007800  _McbspaRegs          
1     00101168  _NMI_ISR             
1     001011ae  _PDPINTA_ISR         
1     001011b3  _PDPINTB_ISR         
1     00101294  _PIE_RESERVED        
1     00000ce0  _PieCtrlRegs         
1     00000d00  _PieVectTable        
1     003f9502  _PieVectTableInit    
1     0010115e  _RTOSINT_ISR         
1     00101271  _SCIRXINTA_ISR       
1     0010127b  _SCIRXINTB_ISR       
1     00101276  _SCITXINTA_ISR       
1     00101280  _SCITXINTB_ISR       
1     00101812  _SCI_INIT            
1     0010125d  _SPIRXINTA_ISR       
1     00101262  _SPITXINTA_ISR       
1     00007050  _SciaRegs            
1     00007750  _ScibRegs            
1     00101fbe  _SetDBGIER           
1     00007040  _SpiaRegs            
1     00007010  _SysCtrlRegs         
1     001011e5  _T1CINT_ISR          
1     001011ef  _T1OFINT_ISR         
1     001011e0  _T1PINT_ISR          
1     001011ea  _T1UFINT_ISR         
1     001011f9  _T2CINT_ISR          
1     00101203  _T2OFINT_ISR         
1     001011f4  _T2PINT_ISR          
1     001011fe  _T2UFINT_ISR         
1     0010122b  _T3CINT_ISR          
1     00101235  _T3OFINT_ISR         
1     00101226  _T3PINT_ISR          
1     00101230  _T3UFINT_ISR         
1     0010123f  _T4CINT_ISR          
1     00101249  _T4OFINT_ISR         
1     0010123a  _T4PINT_ISR          
1     00101244  _T4UFINT_ISR         
1     001011c7  _TINT0_ISR           
1     0010119f  _USER10_ISR          
1     001011a4  _USER11_ISR          
1     001011a9  _USER12_ISR          
1     00101172  _USER1_ISR           
1     00101177  _USER2_ISR           
1     0010117c  _USER3_ISR           
1     00101181  _USER4_ISR           
1     00101186  _USER5_ISR           
1     0010118b  _USER6_ISR           
1     00101190  _USER7_ISR           
1     00101195  _USER8_ISR           
1     0010119a  _USER9_ISR           
1     001011cc  _WAKEINT_ISR         
1     001011b8  _XINT1_ISR           
1     001011bd  _XINT2_ISR           
1     00007070  _XIntruptRegs        
1     00000b20  _XintfRegs           
1     00102240  __CIOBUF_            
1     00000800  __STACK_END          
abs   00000400  __STACK_SIZE         
abs   00000400  __SYSMEM_SIZE        
1     0010141e  ___TI_cleanup        
1     00102170  ___TI_cleanup_ptr    
1     00101a44  ___TI_closefile      
1     0010190e  ___TI_doflush        
1     00102172  ___TI_dtors_ptr      
1     00102000  ___TI_ft_end         
1     00100a74  ___TI_printfi        
1     001019b7  ___TI_rd_ok          
1     00101640  ___TI_readmsg        
1     001020c0  ___TI_tmpnams        
1     001015e8  ___TI_writemsg       
1     0010197c  ___TI_wrt_ok         
abs   ffffffff  ___binit__           
abs   ffffffff  ___c_args__          
0     003f8002  ___cinit__           
1     00101fc4  ___etext__           
abs   ffffffff  ___pinit__           
1     00100000  ___text__            
1     00101ebf  __args_main          
1     003f9400  __ctypes_            
1     00102040  __ftable             
1     00101ffe  __lock               
1     00101f97  __nop                
1     00101f93  __register_lock      
1     00101f8f  __register_unlock    
1     00000400  __stack              
1     003f9000  __sys_memory         
1     00102174  __unlock             
1     00101ed8  _abort               
1     00100d0e  _add_device          
1     00101c3f  _atoi                
1     00101b49  _c_int00             
1     00101138  _calloc              
1     00101136  _chkheap             
1     00100cd9  _close               
1     00102176  _errno               
1     00101866  _error               
1     00101eda  _exit                
1     00101a86  _fclose              
1     0010193e  _fflush              
1     0010148d  _fopen               
1     00101af9  _fputc               
1     001014a7  _fputs               
1     00100f72  _free                
1     0010111b  _free_memory         
1     0010143e  _freopen             
1     00101f20  _frexp               
1     00101bce  _fseek               
1     00101b8d  _ldexp               
1     00100cbf  _lseek               
1     00101c70  _ltoa                
1     001019e3  _main                
1     00100fdd  _malloc              
1     001010fb  _max_free            
1     00101f53  _memccpy             
1     00101f34  _memchr              
1     00101e50  _memcpy              
1     00101f6e  _memset              
1     00100fba  _minit               
1     00100c4f  _open                
1     00101c11  _printf              
1     00101af9  _putc                
1     00101b44  _putchar             
1     00101539  _puts                
1     00101fc6  _rdataA              
1     00101fce  _rdataB              
1     00101fc5  _rdata_pointA        
1     00101fc4  _rdata_pointB        
1     00100c35  _read                
1     0010103d  _realloc             
1     00101fc1  _remove              
1     00100c1b  _remove_device       
1     00100bf0  _rename              
1     00101299  _rsvd_ISR            
1     00101c9e  _sciaRxFifoIsr       
1     00101868  _scia_fifo_init      
1     00101832  _scia_msg            
1     00101824  _scia_xmit           
1     00101cb4  _scibRxFifoIsr       
1     0010187e  _scib_fifo_init      
1     00101853  _scib_msg            
1     00101845  _scib_xmit           
1     00101fd6  _sdataA              
1     00101fde  _sdataB              
1     00101894  _setvbuf             
1     00101f7a  _strchr              
1     00101f85  _strcmp              
1     00101fb9  _strcpy              
1     00101fb1  _strlen              
1     00101d6f  _strncpy             
1     00100bd7  _unlink              
1     00100b6e  _write               
abs   ffffffff  binit                
0     003f8002  cinit                
1     00101fc4  etext                
abs   ffffffff  pinit                


GLOBAL SYMBOLS: SORTED BY Symbol Address 

page  address   name                 
----  -------   ----                 
0     003f8002  ___cinit__           
0     003f8002  cinit                
0     003f807f  _DSP28x_usDelay      
1     00000400  __stack              
1     00000800  __STACK_END          
1     00000880  _DevEmuRegs          
1     00000a80  _FlashRegs           
1     00000ae0  _CsmRegs             
1     00000b20  _XintfRegs           
1     00000c00  _CpuTimer0Regs       
1     00000c08  _CpuTimer1Regs       
1     00000c10  _CpuTimer2Regs       
1     00000ce0  _PieCtrlRegs         
1     00000d00  _PieVectTable        
1     00006000  _ECanaRegs           
1     00006040  _ECanaLAMRegs        
1     00006080  _ECanaMOTSRegs       
1     000060c0  _ECanaMOTORegs       
1     00006100  _ECanaMboxes         
1     00007010  _SysCtrlRegs         
1     00007040  _SpiaRegs            
1     00007050  _SciaRegs            
1     00007070  _XIntruptRegs        
1     000070c0  _GpioMuxRegs         
1     000070e0  _GpioDataRegs        
1     00007100  _AdcRegs             
1     00007400  _EvaRegs             
1     00007500  _EvbRegs             
1     00007750  _ScibRegs            
1     00007800  _McbspaRegs          
1     00100000  .text                
1     00100000  ___text__            
1     00100a74  ___TI_printfi        
1     00100b6e  _write               
1     00100bd7  _unlink              
1     00100bf0  _rename              
1     00100c1b  _remove_device       
1     00100c35  _read                
1     00100c4f  _open                
1     00100cbf  _lseek               
1     00100cd9  _close               
1     00100d0e  _add_device          
1     00100d7b  _HOSTwrite           
1     00100db3  _HOSTunlink          
1     00100dd9  _HOSTtime            
1     00100e02  _HOSTrename          
1     00100e42  _HOSTread            
1     00100e7a  _HOSTopen            
1     00100eb3  _HOSTlseek           
1     00100ef9  _HOSTgetenv          
1     00100f21  _HOSTclose           
1     00100f49  _HOSTclock           
1     00100f72  _free                
1     00100fba  _minit               
1     00100fdd  _malloc              
1     0010103d  _realloc             
1     001010fb  _max_free            
1     0010111b  _free_memory         
1     00101136  _chkheap             
1     00101138  _calloc              
1     0010114f  _INT13_ISR           
1     00101154  _INT14_ISR           
1     00101159  _DATALOG_ISR         
1     0010115e  _RTOSINT_ISR         
1     00101163  _EMUINT_ISR          
1     00101168  _NMI_ISR             
1     0010116d  _ILLEGAL_ISR         
1     00101172  _USER1_ISR           
1     00101177  _USER2_ISR           
1     0010117c  _USER3_ISR           
1     00101181  _USER4_ISR           
1     00101186  _USER5_ISR           
1     0010118b  _USER6_ISR           
1     00101190  _USER7_ISR           
1     00101195  _USER8_ISR           
1     0010119a  _USER9_ISR           
1     0010119f  _USER10_ISR          
1     001011a4  _USER11_ISR          
1     001011a9  _USER12_ISR          
1     001011ae  _PDPINTA_ISR         
1     001011b3  _PDPINTB_ISR         
1     001011b8  _XINT1_ISR           
1     001011bd  _XINT2_ISR           
1     001011c2  _ADCINT_ISR          
1     001011c7  _TINT0_ISR           
1     001011cc  _WAKEINT_ISR         
1     001011d1  _CMP1INT_ISR         
1     001011d6  _CMP2INT_ISR         
1     001011db  _CMP3INT_ISR         
1     001011e0  _T1PINT_ISR          
1     001011e5  _T1CINT_ISR          
1     001011ea  _T1UFINT_ISR         
1     001011ef  _T1OFINT_ISR         
1     001011f4  _T2PINT_ISR          
1     001011f9  _T2CINT_ISR          
1     001011fe  _T2UFINT_ISR         
1     00101203  _T2OFINT_ISR         
1     00101208  _CAPINT1_ISR         
1     0010120d  _CAPINT2_ISR         
1     00101212  _CAPINT3_ISR         
1     00101217  _CMP4INT_ISR         
1     0010121c  _CMP5INT_ISR         
1     00101221  _CMP6INT_ISR         
1     00101226  _T3PINT_ISR          
1     0010122b  _T3CINT_ISR          
1     00101230  _T3UFINT_ISR         
1     00101235  _T3OFINT_ISR         
1     0010123a  _T4PINT_ISR          
1     0010123f  _T4CINT_ISR          
1     00101244  _T4UFINT_ISR         
1     00101249  _T4OFINT_ISR         
1     0010124e  _CAPINT4_ISR         
1     00101253  _CAPINT5_ISR         
1     00101258  _CAPINT6_ISR         
1     0010125d  _SPIRXINTA_ISR       
1     00101262  _SPITXINTA_ISR       
1     00101267  _MRINTA_ISR          
1     0010126c  _MXINTA_ISR          
1     00101271  _SCIRXINTA_ISR       
1     00101276  _SCITXINTA_ISR       
1     0010127b  _SCIRXINTB_ISR       
1     00101280  _SCITXINTB_ISR       
1     00101285  _ECAN0INTA_ISR       
1     0010128a  _ECAN1INTA_ISR       
1     0010128f  _EMPTY_ISR           
1     00101294  _PIE_RESERVED        
1     00101299  _rsvd_ISR            
1     0010129e  LL$$DIV              
1     001012da  LL$$MOD              
1     00101314  ULL$$DIV             
1     00101343  ULL$$MOD             
1     0010141e  ___TI_cleanup        
1     0010143e  _freopen             
1     0010148d  _fopen               
1     001014a7  _fputs               
1     00101539  _puts                
1     0010154c  FD$$ADD              
1     001015e8  ___TI_writemsg       
1     0010163b  C$$IO$$              
1     00101640  ___TI_readmsg        
1     0010167c  FD$$DIV              
1     00101707  _InitSysCtrl         
1     0010170f  _KickDog             
1     00101719  _DisableDog          
1     00101721  _InitPll             
1     00101744  _InitPeripheralClocks
1     0010175e  _CsmUnlock           
1     0010178f  FD$$MPY              
1     00101812  _SCI_INIT            
1     00101824  _scia_xmit           
1     00101832  _scia_msg            
1     00101845  _scib_xmit           
1     00101853  _scib_msg            
1     00101866  _error               
1     00101868  _scia_fifo_init      
1     0010187e  _scib_fifo_init      
1     00101894  _setvbuf             
1     0010190e  ___TI_doflush        
1     0010193e  _fflush              
1     0010197c  ___TI_wrt_ok         
1     001019b7  ___TI_rd_ok          
1     001019e3  _main                
1     00101a44  ___TI_closefile      
1     00101a86  _fclose              
1     00101a9f  FS$$MPY              
1     00101af9  _fputc               
1     00101af9  _putc                
1     00101b44  _putchar             
1     00101b49  _c_int00             
1     00101b8d  _ldexp               
1     00101bce  _fseek               
1     00101c11  _printf              
1     00101c3f  _atoi                
1     00101c70  _ltoa                
1     00101c9e  _sciaRxFifoIsr       
1     00101cb4  _scibRxFifoIsr       
1     00101cca  FD$$CMP              
1     00101cf4  L$$DIV               
1     00101d03  L$$MOD               
1     00101d11  UL$$DIV              
1     00101d18  UL$$MOD              
1     00101d1e  FS$$TOL              
1     00101d47  _InitPieCtrl         
1     00101d66  _EnableInterrupts    
1     00101d6f  _strncpy             
1     00101d92  _InitPieVectTable    
1     00101db4  FD$$TOFS             
1     00101dd5  FD$$TOI              
1     00101df6  FD$$TOL              
1     00101e15  LL$$CMP              
1     00101e27  ULL$$CMP             
1     00101e33  I$$TOFD              
1     00101e50  _memcpy              
1     00101e6d  FS$$TOFD             
1     00101e89  L$$TOFD              
1     00101ea5  L$$TOFS              
1     00101ebf  __args_main          
1     00101ed8  C$$EXIT              
1     00101ed8  _abort               
1     00101eda  _exit                
1     00101ef1  LL$$AND              
1     00101ef9  LL$$OR               
1     00101f01  LL$$XOR              
1     00101f09  FS$$CMP              
1     00101f20  _frexp               
1     00101f34  _memchr              
1     00101f45  FD$$SUB              
1     00101f53  _memccpy             
1     00101f61  _InitGpio            
1     00101f6e  _memset              
1     00101f7a  _strchr              
1     00101f85  _strcmp              
1     00101f8f  __register_unlock    
1     00101f93  __register_lock      
1     00101f97  __nop                
1     00101f98  FD$$NEG              
1     00101fb1  _strlen              
1     00101fb9  _strcpy              
1     00101fbe  _SetDBGIER           
1     00101fc1  _remove              
1     00101fc4  ___etext__           
1     00101fc4  _rdata_pointB        
1     00101fc4  etext                
1     00101fc5  _rdata_pointA        
1     00101fc6  _rdataA              
1     00101fce  _rdataB              
1     00101fd6  _sdataA              
1     00101fde  _sdataB              
1     00101fe6  _CpuTimer1           
1     00101fee  _CpuTimer2           
1     00101ff6  _CpuTimer0           
1     00101ffe  __lock               
1     00102000  ___TI_ft_end         
1     00102040  __ftable             
1     001020c0  ___TI_tmpnams        
1     00102170  ___TI_cleanup_ptr    
1     00102172  ___TI_dtors_ptr      
1     00102174  __unlock             
1     00102176  _errno               
1     00102240  __CIOBUF_            
1     003f7ff8  _CsmPwl              
1     003f9000  __sys_memory         
1     003f9400  __ctypes_            
1     003f9502  _PieVectTableInit    
abs   00000400  __STACK_SIZE         
abs   00000400  __SYSMEM_SIZE        
abs   ffffffff  ___binit__           
abs   ffffffff  ___c_args__          
abs   ffffffff  ___pinit__           
abs   ffffffff  binit                
abs   ffffffff  pinit                

[251 symbols]
