<?xml version="1.0"?>
<link_info>
   <banner>TMS320C2000 Linker PC v6.4.6</banner>
   <copyright>Copyright (c) 1996-2015 Texas Instruments Incorporated</copyright>
   <link_time>0x5ae41a74</link_time>
   <link_errors>0x0</link_errors>
   <output_file>F281x_BASE_PROJECT_CCSV6+_18_4_2.out</output_file>
   <entry_point>
      <name>_c_int00</name>
      <address>0x101b49</address>
   </entry_point>
   <input_file_list>
      <input_file id="fl-2">
         <path>.\src\</path>
         <kind>object</kind>
         <file>main.obj</file>
         <name>main.obj</name>
      </input_file>
      <input_file id="fl-3">
         <path>.\src\</path>
         <kind>object</kind>
         <file>sci.obj</file>
         <name>sci.obj</name>
      </input_file>
      <input_file id="fl-4">
         <path>.\DSP281x_headers\source\</path>
         <kind>object</kind>
         <file>DSP281x_GlobalVariableDefs.obj</file>
         <name>DSP281x_GlobalVariableDefs.obj</name>
      </input_file>
      <input_file id="fl-5">
         <path>.\DSP281x_common\source\</path>
         <kind>object</kind>
         <file>DSP281x_Adc.obj</file>
         <name>DSP281x_Adc.obj</name>
      </input_file>
      <input_file id="fl-6">
         <path>.\DSP281x_common\source\</path>
         <kind>object</kind>
         <file>DSP281x_CSMPasswords.obj</file>
         <name>DSP281x_CSMPasswords.obj</name>
      </input_file>
      <input_file id="fl-7">
         <path>.\DSP281x_common\source\</path>
         <kind>object</kind>
         <file>DSP281x_CodeStartBranch.obj</file>
         <name>DSP281x_CodeStartBranch.obj</name>
      </input_file>
      <input_file id="fl-8">
         <path>.\DSP281x_common\source\</path>
         <kind>object</kind>
         <file>DSP281x_CpuTimers.obj</file>
         <name>DSP281x_CpuTimers.obj</name>
      </input_file>
      <input_file id="fl-9">
         <path>.\DSP281x_common\source\</path>
         <kind>object</kind>
         <file>DSP281x_DBGIER.obj</file>
         <name>DSP281x_DBGIER.obj</name>
      </input_file>
      <input_file id="fl-a">
         <path>.\DSP281x_common\source\</path>
         <kind>object</kind>
         <file>DSP281x_DefaultIsr.obj</file>
         <name>DSP281x_DefaultIsr.obj</name>
      </input_file>
      <input_file id="fl-b">
         <path>.\DSP281x_common\source\</path>
         <kind>object</kind>
         <file>DSP281x_ECan.obj</file>
         <name>DSP281x_ECan.obj</name>
      </input_file>
      <input_file id="fl-c">
         <path>.\DSP281x_common\source\</path>
         <kind>object</kind>
         <file>DSP281x_Ev.obj</file>
         <name>DSP281x_Ev.obj</name>
      </input_file>
      <input_file id="fl-d">
         <path>.\DSP281x_common\source\</path>
         <kind>object</kind>
         <file>DSP281x_Gpio.obj</file>
         <name>DSP281x_Gpio.obj</name>
      </input_file>
      <input_file id="fl-e">
         <path>.\DSP281x_common\source\</path>
         <kind>object</kind>
         <file>DSP281x_InitPeripherals.obj</file>
         <name>DSP281x_InitPeripherals.obj</name>
      </input_file>
      <input_file id="fl-f">
         <path>.\DSP281x_common\source\</path>
         <kind>object</kind>
         <file>DSP281x_Mcbsp.obj</file>
         <name>DSP281x_Mcbsp.obj</name>
      </input_file>
      <input_file id="fl-10">
         <path>.\DSP281x_common\source\</path>
         <kind>object</kind>
         <file>DSP281x_MemCopy.obj</file>
         <name>DSP281x_MemCopy.obj</name>
      </input_file>
      <input_file id="fl-11">
         <path>.\DSP281x_common\source\</path>
         <kind>object</kind>
         <file>DSP281x_PieCtrl.obj</file>
         <name>DSP281x_PieCtrl.obj</name>
      </input_file>
      <input_file id="fl-12">
         <path>.\DSP281x_common\source\</path>
         <kind>object</kind>
         <file>DSP281x_PieVect.obj</file>
         <name>DSP281x_PieVect.obj</name>
      </input_file>
      <input_file id="fl-13">
         <path>.\DSP281x_common\source\</path>
         <kind>object</kind>
         <file>DSP281x_Sci.obj</file>
         <name>DSP281x_Sci.obj</name>
      </input_file>
      <input_file id="fl-14">
         <path>.\DSP281x_common\source\</path>
         <kind>object</kind>
         <file>DSP281x_Spi.obj</file>
         <name>DSP281x_Spi.obj</name>
      </input_file>
      <input_file id="fl-15">
         <path>.\DSP281x_common\source\</path>
         <kind>object</kind>
         <file>DSP281x_SysCtrl.obj</file>
         <name>DSP281x_SysCtrl.obj</name>
      </input_file>
      <input_file id="fl-16">
         <path>.\DSP281x_common\source\</path>
         <kind>object</kind>
         <file>DSP281x_XIntrupt.obj</file>
         <name>DSP281x_XIntrupt.obj</name>
      </input_file>
      <input_file id="fl-17">
         <path>.\DSP281x_common\source\</path>
         <kind>object</kind>
         <file>DSP281x_Xintf.obj</file>
         <name>DSP281x_Xintf.obj</name>
      </input_file>
      <input_file id="fl-18">
         <path>.\DSP281x_common\source\</path>
         <kind>object</kind>
         <file>DSP281x_XintfBootReset.obj</file>
         <name>DSP281x_XintfBootReset.obj</name>
      </input_file>
      <input_file id="fl-19">
         <path>.\DSP281x_common\source\</path>
         <kind>object</kind>
         <file>DSP281x_usDelay.obj</file>
         <name>DSP281x_usDelay.obj</name>
      </input_file>
      <input_file id="fl-24">
         <path>D:\opt\ti\ccsv6\tools\compiler\ti-cgt-c2000_6.4.6\lib\</path>
         <kind>archive</kind>
         <file>rts2800_ml.lib</file>
         <name>boot.obj</name>
      </input_file>
      <input_file id="fl-25">
         <path>D:\opt\ti\ccsv6\tools\compiler\ti-cgt-c2000_6.4.6\lib\</path>
         <kind>archive</kind>
         <file>rts2800_ml.lib</file>
         <name>exit.obj</name>
      </input_file>
      <input_file id="fl-26">
         <path>D:\opt\ti\ccsv6\tools\compiler\ti-cgt-c2000_6.4.6\lib\</path>
         <kind>archive</kind>
         <file>rts2800_ml.lib</file>
         <name>fs_cmp.obj</name>
      </input_file>
      <input_file id="fl-27">
         <path>D:\opt\ti\ccsv6\tools\compiler\ti-cgt-c2000_6.4.6\lib\</path>
         <kind>archive</kind>
         <file>rts2800_ml.lib</file>
         <name>fs_mpy.obj</name>
      </input_file>
      <input_file id="fl-28">
         <path>D:\opt\ti\ccsv6\tools\compiler\ti-cgt-c2000_6.4.6\lib\</path>
         <kind>archive</kind>
         <file>rts2800_ml.lib</file>
         <name>fs_tol.obj</name>
      </input_file>
      <input_file id="fl-29">
         <path>D:\opt\ti\ccsv6\tools\compiler\ti-cgt-c2000_6.4.6\lib\</path>
         <kind>archive</kind>
         <file>rts2800_ml.lib</file>
         <name>l_tofs.obj</name>
      </input_file>
      <input_file id="fl-2a">
         <path>D:\opt\ti\ccsv6\tools\compiler\ti-cgt-c2000_6.4.6\lib\</path>
         <kind>archive</kind>
         <file>rts2800_ml.lib</file>
         <name>printf.obj</name>
      </input_file>
      <input_file id="fl-2b">
         <path>D:\opt\ti\ccsv6\tools\compiler\ti-cgt-c2000_6.4.6\lib\</path>
         <kind>archive</kind>
         <file>rts2800_ml.lib</file>
         <name>_lock.obj</name>
      </input_file>
      <input_file id="fl-2c">
         <path>D:\opt\ti\ccsv6\tools\compiler\ti-cgt-c2000_6.4.6\lib\</path>
         <kind>archive</kind>
         <file>rts2800_ml.lib</file>
         <name>_printfi.obj</name>
      </input_file>
      <input_file id="fl-2d">
         <path>D:\opt\ti\ccsv6\tools\compiler\ti-cgt-c2000_6.4.6\lib\</path>
         <kind>archive</kind>
         <file>rts2800_ml.lib</file>
         <name>args_main.obj</name>
      </input_file>
      <input_file id="fl-2e">
         <path>D:\opt\ti\ccsv6\tools\compiler\ti-cgt-c2000_6.4.6\lib\</path>
         <kind>archive</kind>
         <file>rts2800_ml.lib</file>
         <name>atoi.obj</name>
      </input_file>
      <input_file id="fl-2f">
         <path>D:\opt\ti\ccsv6\tools\compiler\ti-cgt-c2000_6.4.6\lib\</path>
         <kind>archive</kind>
         <file>rts2800_ml.lib</file>
         <name>ctype.obj</name>
      </input_file>
      <input_file id="fl-30">
         <path>D:\opt\ti\ccsv6\tools\compiler\ti-cgt-c2000_6.4.6\lib\</path>
         <kind>archive</kind>
         <file>rts2800_ml.lib</file>
         <name>defs.obj</name>
      </input_file>
      <input_file id="fl-31">
         <path>D:\opt\ti\ccsv6\tools\compiler\ti-cgt-c2000_6.4.6\lib\</path>
         <kind>archive</kind>
         <file>rts2800_ml.lib</file>
         <name>fd_cmp.obj</name>
      </input_file>
      <input_file id="fl-32">
         <path>D:\opt\ti\ccsv6\tools\compiler\ti-cgt-c2000_6.4.6\lib\</path>
         <kind>archive</kind>
         <file>rts2800_ml.lib</file>
         <name>fd_div.obj</name>
      </input_file>
      <input_file id="fl-33">
         <path>D:\opt\ti\ccsv6\tools\compiler\ti-cgt-c2000_6.4.6\lib\</path>
         <kind>archive</kind>
         <file>rts2800_ml.lib</file>
         <name>fd_mpy.obj</name>
      </input_file>
      <input_file id="fl-34">
         <path>D:\opt\ti\ccsv6\tools\compiler\ti-cgt-c2000_6.4.6\lib\</path>
         <kind>archive</kind>
         <file>rts2800_ml.lib</file>
         <name>fd_neg.obj</name>
      </input_file>
      <input_file id="fl-35">
         <path>D:\opt\ti\ccsv6\tools\compiler\ti-cgt-c2000_6.4.6\lib\</path>
         <kind>archive</kind>
         <file>rts2800_ml.lib</file>
         <name>fd_sub.obj</name>
      </input_file>
      <input_file id="fl-36">
         <path>D:\opt\ti\ccsv6\tools\compiler\ti-cgt-c2000_6.4.6\lib\</path>
         <kind>archive</kind>
         <file>rts2800_ml.lib</file>
         <name>fd_tofs.obj</name>
      </input_file>
      <input_file id="fl-37">
         <path>D:\opt\ti\ccsv6\tools\compiler\ti-cgt-c2000_6.4.6\lib\</path>
         <kind>archive</kind>
         <file>rts2800_ml.lib</file>
         <name>fd_toi.obj</name>
      </input_file>
      <input_file id="fl-38">
         <path>D:\opt\ti\ccsv6\tools\compiler\ti-cgt-c2000_6.4.6\lib\</path>
         <kind>archive</kind>
         <file>rts2800_ml.lib</file>
         <name>fd_tol.obj</name>
      </input_file>
      <input_file id="fl-39">
         <path>D:\opt\ti\ccsv6\tools\compiler\ti-cgt-c2000_6.4.6\lib\</path>
         <kind>archive</kind>
         <file>rts2800_ml.lib</file>
         <name>fputc.obj</name>
      </input_file>
      <input_file id="fl-3a">
         <path>D:\opt\ti\ccsv6\tools\compiler\ti-cgt-c2000_6.4.6\lib\</path>
         <kind>archive</kind>
         <file>rts2800_ml.lib</file>
         <name>fputs.obj</name>
      </input_file>
      <input_file id="fl-3b">
         <path>D:\opt\ti\ccsv6\tools\compiler\ti-cgt-c2000_6.4.6\lib\</path>
         <kind>archive</kind>
         <file>rts2800_ml.lib</file>
         <name>frexp.obj</name>
      </input_file>
      <input_file id="fl-3c">
         <path>D:\opt\ti\ccsv6\tools\compiler\ti-cgt-c2000_6.4.6\lib\</path>
         <kind>archive</kind>
         <file>rts2800_ml.lib</file>
         <name>fs_tofd.obj</name>
      </input_file>
      <input_file id="fl-3d">
         <path>D:\opt\ti\ccsv6\tools\compiler\ti-cgt-c2000_6.4.6\lib\</path>
         <kind>archive</kind>
         <file>rts2800_ml.lib</file>
         <name>i_tofd.obj</name>
      </input_file>
      <input_file id="fl-3e">
         <path>D:\opt\ti\ccsv6\tools\compiler\ti-cgt-c2000_6.4.6\lib\</path>
         <kind>archive</kind>
         <file>rts2800_ml.lib</file>
         <name>l_tofd.obj</name>
      </input_file>
      <input_file id="fl-3f">
         <path>D:\opt\ti\ccsv6\tools\compiler\ti-cgt-c2000_6.4.6\lib\</path>
         <kind>archive</kind>
         <file>rts2800_ml.lib</file>
         <name>ldexp.obj</name>
      </input_file>
      <input_file id="fl-40">
         <path>D:\opt\ti\ccsv6\tools\compiler\ti-cgt-c2000_6.4.6\lib\</path>
         <kind>archive</kind>
         <file>rts2800_ml.lib</file>
         <name>ll_aox.obj</name>
      </input_file>
      <input_file id="fl-41">
         <path>D:\opt\ti\ccsv6\tools\compiler\ti-cgt-c2000_6.4.6\lib\</path>
         <kind>archive</kind>
         <file>rts2800_ml.lib</file>
         <name>ll_cmp.obj</name>
      </input_file>
      <input_file id="fl-42">
         <path>D:\opt\ti\ccsv6\tools\compiler\ti-cgt-c2000_6.4.6\lib\</path>
         <kind>archive</kind>
         <file>rts2800_ml.lib</file>
         <name>ll_div.obj</name>
      </input_file>
      <input_file id="fl-43">
         <path>D:\opt\ti\ccsv6\tools\compiler\ti-cgt-c2000_6.4.6\lib\</path>
         <kind>archive</kind>
         <file>rts2800_ml.lib</file>
         <name>lowlev.obj</name>
      </input_file>
      <input_file id="fl-44">
         <path>D:\opt\ti\ccsv6\tools\compiler\ti-cgt-c2000_6.4.6\lib\</path>
         <kind>archive</kind>
         <file>rts2800_ml.lib</file>
         <name>ltoa.obj</name>
      </input_file>
      <input_file id="fl-45">
         <path>D:\opt\ti\ccsv6\tools\compiler\ti-cgt-c2000_6.4.6\lib\</path>
         <kind>archive</kind>
         <file>rts2800_ml.lib</file>
         <name>memccpy.obj</name>
      </input_file>
      <input_file id="fl-46">
         <path>D:\opt\ti\ccsv6\tools\compiler\ti-cgt-c2000_6.4.6\lib\</path>
         <kind>archive</kind>
         <file>rts2800_ml.lib</file>
         <name>memchr.obj</name>
      </input_file>
      <input_file id="fl-47">
         <path>D:\opt\ti\ccsv6\tools\compiler\ti-cgt-c2000_6.4.6\lib\</path>
         <kind>archive</kind>
         <file>rts2800_ml.lib</file>
         <name>memcpy.obj</name>
      </input_file>
      <input_file id="fl-48">
         <path>D:\opt\ti\ccsv6\tools\compiler\ti-cgt-c2000_6.4.6\lib\</path>
         <kind>archive</kind>
         <file>rts2800_ml.lib</file>
         <name>memset.obj</name>
      </input_file>
      <input_file id="fl-49">
         <path>D:\opt\ti\ccsv6\tools\compiler\ti-cgt-c2000_6.4.6\lib\</path>
         <kind>archive</kind>
         <file>rts2800_ml.lib</file>
         <name>strchr.obj</name>
      </input_file>
      <input_file id="fl-4a">
         <path>D:\opt\ti\ccsv6\tools\compiler\ti-cgt-c2000_6.4.6\lib\</path>
         <kind>archive</kind>
         <file>rts2800_ml.lib</file>
         <name>strcmp.obj</name>
      </input_file>
      <input_file id="fl-4b">
         <path>D:\opt\ti\ccsv6\tools\compiler\ti-cgt-c2000_6.4.6\lib\</path>
         <kind>archive</kind>
         <file>rts2800_ml.lib</file>
         <name>strcpy.obj</name>
      </input_file>
      <input_file id="fl-4c">
         <path>D:\opt\ti\ccsv6\tools\compiler\ti-cgt-c2000_6.4.6\lib\</path>
         <kind>archive</kind>
         <file>rts2800_ml.lib</file>
         <name>strlen.obj</name>
      </input_file>
      <input_file id="fl-4d">
         <path>D:\opt\ti\ccsv6\tools\compiler\ti-cgt-c2000_6.4.6\lib\</path>
         <kind>archive</kind>
         <file>rts2800_ml.lib</file>
         <name>strncpy.obj</name>
      </input_file>
      <input_file id="fl-4e">
         <path>D:\opt\ti\ccsv6\tools\compiler\ti-cgt-c2000_6.4.6\lib\</path>
         <kind>archive</kind>
         <file>rts2800_ml.lib</file>
         <name>trgdrv.obj</name>
      </input_file>
      <input_file id="fl-4f">
         <path>D:\opt\ti\ccsv6\tools\compiler\ti-cgt-c2000_6.4.6\lib\</path>
         <kind>archive</kind>
         <file>rts2800_ml.lib</file>
         <name>_io_perm.obj</name>
      </input_file>
      <input_file id="fl-50">
         <path>D:\opt\ti\ccsv6\tools\compiler\ti-cgt-c2000_6.4.6\lib\</path>
         <kind>archive</kind>
         <file>rts2800_ml.lib</file>
         <name>ankmsg.obj</name>
      </input_file>
      <input_file id="fl-51">
         <path>D:\opt\ti\ccsv6\tools\compiler\ti-cgt-c2000_6.4.6\lib\</path>
         <kind>archive</kind>
         <file>rts2800_ml.lib</file>
         <name>errno.obj</name>
      </input_file>
      <input_file id="fl-52">
         <path>D:\opt\ti\ccsv6\tools\compiler\ti-cgt-c2000_6.4.6\lib\</path>
         <kind>archive</kind>
         <file>rts2800_ml.lib</file>
         <name>fd_add.obj</name>
      </input_file>
      <input_file id="fl-53">
         <path>D:\opt\ti\ccsv6\tools\compiler\ti-cgt-c2000_6.4.6\lib\</path>
         <kind>archive</kind>
         <file>rts2800_ml.lib</file>
         <name>fflush.obj</name>
      </input_file>
      <input_file id="fl-54">
         <path>D:\opt\ti\ccsv6\tools\compiler\ti-cgt-c2000_6.4.6\lib\</path>
         <kind>archive</kind>
         <file>rts2800_ml.lib</file>
         <name>fseek.obj</name>
      </input_file>
      <input_file id="fl-55">
         <path>D:\opt\ti\ccsv6\tools\compiler\ti-cgt-c2000_6.4.6\lib\</path>
         <kind>archive</kind>
         <file>rts2800_ml.lib</file>
         <name>l_div.obj</name>
      </input_file>
      <input_file id="fl-56">
         <path>D:\opt\ti\ccsv6\tools\compiler\ti-cgt-c2000_6.4.6\lib\</path>
         <kind>archive</kind>
         <file>rts2800_ml.lib</file>
         <name>setvbuf.obj</name>
      </input_file>
      <input_file id="fl-57">
         <path>D:\opt\ti\ccsv6\tools\compiler\ti-cgt-c2000_6.4.6\lib\</path>
         <kind>archive</kind>
         <file>rts2800_ml.lib</file>
         <name>fopen.obj</name>
      </input_file>
      <input_file id="fl-58">
         <path>D:\opt\ti\ccsv6\tools\compiler\ti-cgt-c2000_6.4.6\lib\</path>
         <kind>archive</kind>
         <file>rts2800_ml.lib</file>
         <name>memory.obj</name>
      </input_file>
      <input_file id="fl-59">
         <path>D:\opt\ti\ccsv6\tools\compiler\ti-cgt-c2000_6.4.6\lib\</path>
         <kind>archive</kind>
         <file>rts2800_ml.lib</file>
         <name>fclose.obj</name>
      </input_file>
      <input_file id="fl-5a">
         <path>D:\opt\ti\ccsv6\tools\compiler\ti-cgt-c2000_6.4.6\lib\</path>
         <kind>archive</kind>
         <file>rts2800_ml.lib</file>
         <name>remove.obj</name>
      </input_file>
   </input_file_list>
   <object_component_list>
      <object_component id="oc-4f">
         <name>PieVectTableFile</name>
         <uninitialized>true</uninitialized>
         <run_address>0xd00</run_address>
         <size>0x100</size>
         <input_file_ref idref="fl-4"/>
      </object_component>
      <object_component id="oc-4e">
         <name>DevEmuRegsFile</name>
         <uninitialized>true</uninitialized>
         <run_address>0x880</run_address>
         <size>0xd0</size>
         <input_file_ref idref="fl-4"/>
      </object_component>
      <object_component id="oc-38">
         <name>FlashRegsFile</name>
         <uninitialized>true</uninitialized>
         <run_address>0xa80</run_address>
         <size>0x8</size>
         <input_file_ref idref="fl-4"/>
      </object_component>
      <object_component id="oc-3f">
         <name>CsmRegsFile</name>
         <uninitialized>true</uninitialized>
         <run_address>0xae0</run_address>
         <size>0x10</size>
         <input_file_ref idref="fl-4"/>
      </object_component>
      <object_component id="oc-43">
         <name>XintfRegsFile</name>
         <uninitialized>true</uninitialized>
         <run_address>0xb20</run_address>
         <size>0x20</size>
         <input_file_ref idref="fl-4"/>
      </object_component>
      <object_component id="oc-39">
         <name>CpuTimer0RegsFile</name>
         <uninitialized>true</uninitialized>
         <run_address>0xc00</run_address>
         <size>0x8</size>
         <input_file_ref idref="fl-4"/>
      </object_component>
      <object_component id="oc-3a">
         <name>CpuTimer1RegsFile</name>
         <uninitialized>true</uninitialized>
         <run_address>0xc08</run_address>
         <size>0x8</size>
         <input_file_ref idref="fl-4"/>
      </object_component>
      <object_component id="oc-37">
         <name>CpuTimer2RegsFile</name>
         <uninitialized>true</uninitialized>
         <run_address>0xc10</run_address>
         <size>0x8</size>
         <input_file_ref idref="fl-4"/>
      </object_component>
      <object_component id="oc-42">
         <name>PieCtrlRegsFile</name>
         <uninitialized>true</uninitialized>
         <run_address>0xce0</run_address>
         <size>0x1a</size>
         <input_file_ref idref="fl-4"/>
      </object_component>
      <object_component id="oc-4a">
         <name>ECanaRegsFile</name>
         <uninitialized>true</uninitialized>
         <run_address>0x6000</run_address>
         <size>0x34</size>
         <input_file_ref idref="fl-4"/>
      </object_component>
      <object_component id="oc-4c">
         <name>ECanaLAMRegsFile</name>
         <uninitialized>true</uninitialized>
         <run_address>0x6040</run_address>
         <size>0x40</size>
         <input_file_ref idref="fl-4"/>
      </object_component>
      <object_component id="oc-50">
         <name>ECanaMboxesFile</name>
         <uninitialized>true</uninitialized>
         <run_address>0x6100</run_address>
         <size>0x100</size>
         <input_file_ref idref="fl-4"/>
      </object_component>
      <object_component id="oc-4b">
         <name>ECanaMOTSRegsFile</name>
         <uninitialized>true</uninitialized>
         <run_address>0x6080</run_address>
         <size>0x40</size>
         <input_file_ref idref="fl-4"/>
      </object_component>
      <object_component id="oc-4d">
         <name>ECanaMOTORegsFile</name>
         <uninitialized>true</uninitialized>
         <run_address>0x60c0</run_address>
         <size>0x40</size>
         <input_file_ref idref="fl-4"/>
      </object_component>
      <object_component id="oc-44">
         <name>SysCtrlRegsFile</name>
         <uninitialized>true</uninitialized>
         <run_address>0x7010</run_address>
         <size>0x20</size>
         <input_file_ref idref="fl-4"/>
      </object_component>
      <object_component id="oc-3d">
         <name>SpiaRegsFile</name>
         <uninitialized>true</uninitialized>
         <run_address>0x7040</run_address>
         <size>0x10</size>
         <input_file_ref idref="fl-4"/>
      </object_component>
      <object_component id="oc-3e">
         <name>SciaRegsFile</name>
         <uninitialized>true</uninitialized>
         <run_address>0x7050</run_address>
         <size>0x10</size>
         <input_file_ref idref="fl-4"/>
      </object_component>
      <object_component id="oc-40">
         <name>XIntruptRegsFile</name>
         <uninitialized>true</uninitialized>
         <run_address>0x7070</run_address>
         <size>0x10</size>
         <input_file_ref idref="fl-4"/>
      </object_component>
      <object_component id="oc-45">
         <name>GpioMuxRegsFile</name>
         <uninitialized>true</uninitialized>
         <run_address>0x70c0</run_address>
         <size>0x20</size>
         <input_file_ref idref="fl-4"/>
      </object_component>
      <object_component id="oc-46">
         <name>GpioDataRegsFile</name>
         <uninitialized>true</uninitialized>
         <run_address>0x70e0</run_address>
         <size>0x20</size>
         <input_file_ref idref="fl-4"/>
      </object_component>
      <object_component id="oc-41">
         <name>AdcRegsFile</name>
         <uninitialized>true</uninitialized>
         <run_address>0x7100</run_address>
         <size>0x1a</size>
         <input_file_ref idref="fl-4"/>
      </object_component>
      <object_component id="oc-48">
         <name>EvaRegsFile</name>
         <uninitialized>true</uninitialized>
         <run_address>0x7400</run_address>
         <size>0x32</size>
         <input_file_ref idref="fl-4"/>
      </object_component>
      <object_component id="oc-49">
         <name>EvbRegsFile</name>
         <uninitialized>true</uninitialized>
         <run_address>0x7500</run_address>
         <size>0x32</size>
         <input_file_ref idref="fl-4"/>
      </object_component>
      <object_component id="oc-3c">
         <name>ScibRegsFile</name>
         <uninitialized>true</uninitialized>
         <run_address>0x7750</run_address>
         <size>0x10</size>
         <input_file_ref idref="fl-4"/>
      </object_component>
      <object_component id="oc-47">
         <name>McbspaRegsFile</name>
         <uninitialized>true</uninitialized>
         <run_address>0x7800</run_address>
         <size>0x25</size>
         <input_file_ref idref="fl-4"/>
      </object_component>
      <object_component id="oc-3b">
         <name>CsmPwlFile</name>
         <uninitialized>true</uninitialized>
         <run_address>0x3f7ff8</run_address>
         <size>0x8</size>
         <input_file_ref idref="fl-4"/>
      </object_component>
      <object_component id="oc-5a">
         <name>codestart</name>
         <load_address>0x3f8000</load_address>
         <run_address>0x3f8000</run_address>
         <size>0x2</size>
         <input_file_ref idref="fl-7"/>
      </object_component>
      <object_component id="oc-b8">
         <name>ramfuncs</name>
         <load_address>0x3f807f</load_address>
         <run_address>0x3f807f</run_address>
         <size>0x4</size>
         <input_file_ref idref="fl-19"/>
      </object_component>
      <object_component id="oc-1ee">
         <name>.text</name>
         <load_address>0x100000</load_address>
         <run_address>0x100000</run_address>
         <size>0xb6e</size>
         <input_file_ref idref="fl-2c"/>
      </object_component>
      <object_component id="oc-1f1">
         <name>.text</name>
         <load_address>0x100b6e</load_address>
         <run_address>0x100b6e</run_address>
         <size>0x20d</size>
         <input_file_ref idref="fl-43"/>
      </object_component>
      <object_component id="oc-1dc">
         <name>.text</name>
         <load_address>0x100d7b</load_address>
         <run_address>0x100d7b</run_address>
         <size>0x1f7</size>
         <input_file_ref idref="fl-4e"/>
      </object_component>
      <object_component id="oc-200">
         <name>.text</name>
         <load_address>0x100f72</load_address>
         <run_address>0x100f72</run_address>
         <size>0x1dd</size>
         <input_file_ref idref="fl-58"/>
      </object_component>
      <object_component id="oc-6b">
         <name>.text:retain</name>
         <load_address>0x10114f</load_address>
         <run_address>0x10114f</run_address>
         <size>0x14f</size>
         <input_file_ref idref="fl-a"/>
      </object_component>
      <object_component id="oc-155">
         <name>.text</name>
         <load_address>0x10129e</load_address>
         <run_address>0x10129e</run_address>
         <size>0x107</size>
         <input_file_ref idref="fl-42"/>
      </object_component>
      <object_component id="oc-201">
         <name>.text</name>
         <load_address>0x1013a5</load_address>
         <run_address>0x1013a5</run_address>
         <size>0x102</size>
         <input_file_ref idref="fl-57"/>
      </object_component>
      <object_component id="oc-1ed">
         <name>.text</name>
         <load_address>0x1014a7</load_address>
         <run_address>0x1014a7</run_address>
         <size>0xa5</size>
         <input_file_ref idref="fl-3a"/>
      </object_component>
      <object_component id="oc-1a8">
         <name>.text</name>
         <load_address>0x10154c</load_address>
         <run_address>0x10154c</run_address>
         <size>0x9c</size>
         <input_file_ref idref="fl-52"/>
      </object_component>
      <object_component id="oc-1e0">
         <name>.text</name>
         <load_address>0x1015e8</load_address>
         <run_address>0x1015e8</run_address>
         <size>0x94</size>
         <input_file_ref idref="fl-50"/>
      </object_component>
      <object_component id="oc-104">
         <name>.text</name>
         <load_address>0x10167c</load_address>
         <run_address>0x10167c</run_address>
         <size>0x8b</size>
         <input_file_ref idref="fl-32"/>
      </object_component>
      <object_component id="oc-1e5">
         <name>.text</name>
         <load_address>0x101707</load_address>
         <run_address>0x101707</run_address>
         <size>0x88</size>
         <input_file_ref idref="fl-15"/>
      </object_component>
      <object_component id="oc-109">
         <name>.text</name>
         <load_address>0x10178f</load_address>
         <run_address>0x10178f</run_address>
         <size>0x83</size>
         <input_file_ref idref="fl-33"/>
      </object_component>
      <object_component id="oc-1e9">
         <name>.text</name>
         <load_address>0x101812</load_address>
         <run_address>0x101812</run_address>
         <size>0x82</size>
         <input_file_ref idref="fl-3"/>
      </object_component>
      <object_component id="oc-1fc">
         <name>.text</name>
         <load_address>0x101894</load_address>
         <run_address>0x101894</run_address>
         <size>0x7a</size>
         <input_file_ref idref="fl-56"/>
      </object_component>
      <object_component id="oc-1f0">
         <name>.text</name>
         <load_address>0x10190e</load_address>
         <run_address>0x10190e</run_address>
         <size>0x6e</size>
         <input_file_ref idref="fl-53"/>
      </object_component>
      <object_component id="oc-1ef">
         <name>.text</name>
         <load_address>0x10197c</load_address>
         <run_address>0x10197c</run_address>
         <size>0x67</size>
         <input_file_ref idref="fl-4f"/>
      </object_component>
      <object_component id="oc-1dd">
         <name>.text</name>
         <load_address>0x1019e3</load_address>
         <run_address>0x1019e3</run_address>
         <size>0x61</size>
         <input_file_ref idref="fl-2"/>
      </object_component>
      <object_component id="oc-202">
         <name>.text</name>
         <load_address>0x101a44</load_address>
         <run_address>0x101a44</run_address>
         <size>0x5b</size>
         <input_file_ref idref="fl-59"/>
      </object_component>
      <object_component id="oc-cf">
         <name>.text</name>
         <load_address>0x101a9f</load_address>
         <run_address>0x101a9f</run_address>
         <size>0x5a</size>
         <input_file_ref idref="fl-27"/>
      </object_component>
      <object_component id="oc-1ec">
         <name>.text</name>
         <load_address>0x101af9</load_address>
         <run_address>0x101af9</run_address>
         <size>0x50</size>
         <input_file_ref idref="fl-39"/>
      </object_component>
      <object_component id="oc-28">
         <name>.text</name>
         <load_address>0x101b49</load_address>
         <run_address>0x101b49</run_address>
         <size>0x44</size>
         <input_file_ref idref="fl-24"/>
      </object_component>
      <object_component id="oc-1f8">
         <name>.text</name>
         <load_address>0x101b8d</load_address>
         <run_address>0x101b8d</run_address>
         <size>0x41</size>
         <input_file_ref idref="fl-3f"/>
      </object_component>
      <object_component id="oc-1fb">
         <name>.text</name>
         <load_address>0x101bce</load_address>
         <run_address>0x101bce</run_address>
         <size>0x3d</size>
         <input_file_ref idref="fl-54"/>
      </object_component>
      <object_component id="oc-1ea">
         <name>.text</name>
         <load_address>0x101c0b</load_address>
         <run_address>0x101c0b</run_address>
         <size>0x34</size>
         <input_file_ref idref="fl-2a"/>
      </object_component>
      <object_component id="oc-1f4">
         <name>.text</name>
         <load_address>0x101c3f</load_address>
         <run_address>0x101c3f</run_address>
         <size>0x31</size>
         <input_file_ref idref="fl-2e"/>
      </object_component>
      <object_component id="oc-1f5">
         <name>.text</name>
         <load_address>0x101c70</load_address>
         <run_address>0x101c70</run_address>
         <size>0x2e</size>
         <input_file_ref idref="fl-44"/>
      </object_component>
      <object_component id="oc-31">
         <name>.text:retain</name>
         <load_address>0x101c9e</load_address>
         <run_address>0x101c9e</run_address>
         <size>0x2c</size>
         <input_file_ref idref="fl-3"/>
      </object_component>
      <object_component id="oc-ff">
         <name>.text</name>
         <load_address>0x101cca</load_address>
         <run_address>0x101cca</run_address>
         <size>0x2a</size>
         <input_file_ref idref="fl-31"/>
      </object_component>
      <object_component id="oc-1b7">
         <name>.text</name>
         <load_address>0x101cf4</load_address>
         <run_address>0x101cf4</run_address>
         <size>0x2a</size>
         <input_file_ref idref="fl-55"/>
      </object_component>
      <object_component id="oc-d4">
         <name>.text</name>
         <load_address>0x101d1e</load_address>
         <run_address>0x101d1e</run_address>
         <size>0x29</size>
         <input_file_ref idref="fl-28"/>
      </object_component>
      <object_component id="oc-1e7">
         <name>.text</name>
         <load_address>0x101d47</load_address>
         <run_address>0x101d47</run_address>
         <size>0x28</size>
         <input_file_ref idref="fl-11"/>
      </object_component>
      <object_component id="oc-1fe">
         <name>.text</name>
         <load_address>0x101d6f</load_address>
         <run_address>0x101d6f</run_address>
         <size>0x23</size>
         <input_file_ref idref="fl-4d"/>
      </object_component>
      <object_component id="oc-1e8">
         <name>.text</name>
         <load_address>0x101d92</load_address>
         <run_address>0x101d92</run_address>
         <size>0x22</size>
         <input_file_ref idref="fl-12"/>
      </object_component>
      <object_component id="oc-118">
         <name>.text</name>
         <load_address>0x101db4</load_address>
         <run_address>0x101db4</run_address>
         <size>0x21</size>
         <input_file_ref idref="fl-36"/>
      </object_component>
      <object_component id="oc-11d">
         <name>.text</name>
         <load_address>0x101dd5</load_address>
         <run_address>0x101dd5</run_address>
         <size>0x21</size>
         <input_file_ref idref="fl-37"/>
      </object_component>
      <object_component id="oc-122">
         <name>.text</name>
         <load_address>0x101df6</load_address>
         <run_address>0x101df6</run_address>
         <size>0x1f</size>
         <input_file_ref idref="fl-38"/>
      </object_component>
      <object_component id="oc-150">
         <name>.text</name>
         <load_address>0x101e15</load_address>
         <run_address>0x101e15</run_address>
         <size>0x1e</size>
         <input_file_ref idref="fl-41"/>
      </object_component>
      <object_component id="oc-13c">
         <name>.text</name>
         <load_address>0x101e33</load_address>
         <run_address>0x101e33</run_address>
         <size>0x1d</size>
         <input_file_ref idref="fl-3d"/>
      </object_component>
      <object_component id="oc-1f3">
         <name>.text</name>
         <load_address>0x101e50</load_address>
         <run_address>0x101e50</run_address>
         <size>0x1d</size>
         <input_file_ref idref="fl-47"/>
      </object_component>
      <object_component id="oc-137">
         <name>.text</name>
         <load_address>0x101e6d</load_address>
         <run_address>0x101e6d</run_address>
         <size>0x1c</size>
         <input_file_ref idref="fl-3c"/>
      </object_component>
      <object_component id="oc-141">
         <name>.text</name>
         <load_address>0x101e89</load_address>
         <run_address>0x101e89</run_address>
         <size>0x1c</size>
         <input_file_ref idref="fl-3e"/>
      </object_component>
      <object_component id="oc-d9">
         <name>.text</name>
         <load_address>0x101ea5</load_address>
         <run_address>0x101ea5</run_address>
         <size>0x1a</size>
         <input_file_ref idref="fl-29"/>
      </object_component>
      <object_component id="oc-1da">
         <name>.text</name>
         <load_address>0x101ebf</load_address>
         <run_address>0x101ebf</run_address>
         <size>0x19</size>
         <input_file_ref idref="fl-2d"/>
      </object_component>
      <object_component id="oc-1db">
         <name>.text</name>
         <load_address>0x101ed8</load_address>
         <run_address>0x101ed8</run_address>
         <size>0x19</size>
         <input_file_ref idref="fl-25"/>
      </object_component>
      <object_component id="oc-14b">
         <name>.text</name>
         <load_address>0x101ef1</load_address>
         <run_address>0x101ef1</run_address>
         <size>0x18</size>
         <input_file_ref idref="fl-40"/>
      </object_component>
      <object_component id="oc-ca">
         <name>.text</name>
         <load_address>0x101f09</load_address>
         <run_address>0x101f09</run_address>
         <size>0x17</size>
         <input_file_ref idref="fl-26"/>
      </object_component>
      <object_component id="oc-1f7">
         <name>.text</name>
         <load_address>0x101f20</load_address>
         <run_address>0x101f20</run_address>
         <size>0x14</size>
         <input_file_ref idref="fl-3b"/>
      </object_component>
      <object_component id="oc-1f2">
         <name>.text</name>
         <load_address>0x101f34</load_address>
         <run_address>0x101f34</run_address>
         <size>0x11</size>
         <input_file_ref idref="fl-46"/>
      </object_component>
      <object_component id="oc-113">
         <name>.text</name>
         <load_address>0x101f45</load_address>
         <run_address>0x101f45</run_address>
         <size>0xe</size>
         <input_file_ref idref="fl-35"/>
      </object_component>
      <object_component id="oc-1fa">
         <name>.text</name>
         <load_address>0x101f53</load_address>
         <run_address>0x101f53</run_address>
         <size>0xe</size>
         <input_file_ref idref="fl-45"/>
      </object_component>
      <object_component id="oc-1e6">
         <name>.text</name>
         <load_address>0x101f61</load_address>
         <run_address>0x101f61</run_address>
         <size>0xd</size>
         <input_file_ref idref="fl-d"/>
      </object_component>
      <object_component id="oc-1f9">
         <name>.text</name>
         <load_address>0x101f6e</load_address>
         <run_address>0x101f6e</run_address>
         <size>0xc</size>
         <input_file_ref idref="fl-48"/>
      </object_component>
      <object_component id="oc-1f6">
         <name>.text</name>
         <load_address>0x101f7a</load_address>
         <run_address>0x101f7a</run_address>
         <size>0xb</size>
         <input_file_ref idref="fl-49"/>
      </object_component>
      <object_component id="oc-1fd">
         <name>.text</name>
         <load_address>0x101f85</load_address>
         <run_address>0x101f85</run_address>
         <size>0xa</size>
         <input_file_ref idref="fl-4a"/>
      </object_component>
      <object_component id="oc-1eb">
         <name>.text</name>
         <load_address>0x101f8f</load_address>
         <run_address>0x101f8f</run_address>
         <size>0x9</size>
         <input_file_ref idref="fl-2b"/>
      </object_component>
      <object_component id="oc-10e">
         <name>.text</name>
         <load_address>0x101f98</load_address>
         <run_address>0x101f98</run_address>
         <size>0x9</size>
         <input_file_ref idref="fl-34"/>
      </object_component>
      <object_component id="oc-59">
         <name>.text</name>
         <load_address>0x101fa1</load_address>
         <run_address>0x101fa1</run_address>
         <size>0x8</size>
         <input_file_ref idref="fl-7"/>
      </object_component>
      <object_component id="oc-b2">
         <name>.text</name>
         <load_address>0x101fa9</load_address>
         <run_address>0x101fa9</run_address>
         <size>0x8</size>
         <input_file_ref idref="fl-18"/>
      </object_component>
      <object_component id="oc-1e3">
         <name>.text</name>
         <load_address>0x101fb1</load_address>
         <run_address>0x101fb1</run_address>
         <size>0x8</size>
         <input_file_ref idref="fl-4c"/>
      </object_component>
      <object_component id="oc-1e4">
         <name>.text</name>
         <load_address>0x101fb9</load_address>
         <run_address>0x101fb9</run_address>
         <size>0x5</size>
         <input_file_ref idref="fl-4b"/>
      </object_component>
      <object_component id="oc-65">
         <name>.text</name>
         <load_address>0x101fbe</load_address>
         <run_address>0x101fbe</run_address>
         <size>0x3</size>
         <input_file_ref idref="fl-9"/>
      </object_component>
      <object_component id="oc-203">
         <name>.text</name>
         <load_address>0x101fc1</load_address>
         <run_address>0x101fc1</run_address>
         <size>0x3</size>
         <input_file_ref idref="fl-5a"/>
      </object_component>
      <object_component id="oc-15b">
         <name>.cinit</name>
         <load_address>0x3f8002</load_address>
         <run_address>0x3f8002</run_address>
         <size>0x31</size>
         <input_file_ref idref="fl-43"/>
      </object_component>
      <object_component id="oc-fc">
         <name>.cinit</name>
         <load_address>0x3f8033</load_address>
         <run_address>0x3f8033</run_address>
         <size>0x2a</size>
         <input_file_ref idref="fl-30"/>
      </object_component>
      <object_component id="oc-c4">
         <name>.cinit</name>
         <load_address>0x3f805d</load_address>
         <run_address>0x3f805d</run_address>
         <size>0xa</size>
         <input_file_ref idref="fl-25"/>
      </object_component>
      <object_component id="oc-1df">
         <name>.cinit:__lock</name>
         <load_address>0x3f8067</load_address>
         <run_address>0x3f8067</run_address>
         <size>0x5</size>
         <input_file_ref idref="fl-2b"/>
      </object_component>
      <object_component id="oc-1e2">
         <name>.cinit:__unlock</name>
         <load_address>0x3f806c</load_address>
         <run_address>0x3f806c</run_address>
         <size>0x5</size>
         <input_file_ref idref="fl-2b"/>
      </object_component>
      <object_component id="oc-1a5">
         <name>.cinit</name>
         <load_address>0x3f8071</load_address>
         <run_address>0x3f8071</run_address>
         <size>0x4</size>
         <input_file_ref idref="fl-51"/>
      </object_component>
      <object_component id="oc-1c2">
         <name>.cinit</name>
         <load_address>0x3f8075</load_address>
         <run_address>0x3f8075</run_address>
         <size>0x4</size>
         <input_file_ref idref="fl-57"/>
      </object_component>
      <object_component id="oc-1c9">
         <name>.cinit</name>
         <load_address>0x3f8079</load_address>
         <run_address>0x3f8079</run_address>
         <size>0x4</size>
         <input_file_ref idref="fl-58"/>
      </object_component>
      <object_component id="oc-be">
         <name>.reset</name>
         <load_address>0x3fffc0</load_address>
         <run_address>0x3fffc0</run_address>
         <size>0x2</size>
         <input_file_ref idref="fl-24"/>
      </object_component>
      <object_component id="oc-bd">
         <name>.stack</name>
         <uninitialized>true</uninitialized>
         <run_address>0x400</run_address>
         <size>0x0</size>
         <input_file_ref idref="fl-24"/>
      </object_component>
      <object_component id="oc-23c">
         <name>.stack</name>
         <uninitialized>true</uninitialized>
         <run_address>0x400</run_address>
         <size>0x0</size>
      </object_component>
      <object_component id="oc-2a">
         <name>.ebss</name>
         <uninitialized>true</uninitialized>
         <run_address>0x101fc4</run_address>
         <size>0x22</size>
         <input_file_ref idref="fl-2"/>
      </object_component>
      <object_component id="oc-60">
         <name>.ebss</name>
         <uninitialized>true</uninitialized>
         <run_address>0x101fe6</run_address>
         <size>0x18</size>
         <input_file_ref idref="fl-8"/>
      </object_component>
      <object_component id="oc-c5">
         <name>.ebss</name>
         <uninitialized>true</uninitialized>
         <run_address>0x102170</run_address>
         <size>0x4</size>
         <input_file_ref idref="fl-25"/>
      </object_component>
      <object_component id="oc-1e1">
         <name>.ebss:__unlock</name>
         <uninitialized>true</uninitialized>
         <run_address>0x102174</run_address>
         <size>0x2</size>
         <input_file_ref idref="fl-2b"/>
      </object_component>
      <object_component id="oc-1de">
         <name>.ebss:__lock</name>
         <uninitialized>true</uninitialized>
         <run_address>0x101ffe</run_address>
         <size>0x2</size>
         <input_file_ref idref="fl-2b"/>
      </object_component>
      <object_component id="oc-fd">
         <name>.ebss</name>
         <uninitialized>true</uninitialized>
         <run_address>0x102000</run_address>
         <size>0x160</size>
         <input_file_ref idref="fl-30"/>
      </object_component>
      <object_component id="oc-15c">
         <name>.ebss</name>
         <uninitialized>true</uninitialized>
         <run_address>0x102180</run_address>
         <size>0x88</size>
         <input_file_ref idref="fl-43"/>
      </object_component>
      <object_component id="oc-194">
         <name>.ebss</name>
         <uninitialized>true</uninitialized>
         <run_address>0x102168</run_address>
         <size>0x8</size>
         <input_file_ref idref="fl-4e"/>
      </object_component>
      <object_component id="oc-1a6">
         <name>.ebss</name>
         <uninitialized>true</uninitialized>
         <run_address>0x102176</run_address>
         <size>0x1</size>
         <input_file_ref idref="fl-51"/>
      </object_component>
      <object_component id="oc-1c3">
         <name>.ebss</name>
         <uninitialized>true</uninitialized>
         <run_address>0x102177</run_address>
         <size>0x1</size>
         <input_file_ref idref="fl-57"/>
      </object_component>
      <object_component id="oc-1cb">
         <name>.ebss</name>
         <uninitialized>true</uninitialized>
         <run_address>0x102160</run_address>
         <size>0x8</size>
         <input_file_ref idref="fl-58"/>
      </object_component>
      <object_component id="oc-1ff">
         <name>.econst:.string:__ctypes_</name>
         <load_address>0x3f9400</load_address>
         <run_address>0x3f9400</run_address>
         <size>0x101</size>
         <input_file_ref idref="fl-2f"/>
      </object_component>
      <object_component id="oc-94">
         <name>.econst</name>
         <load_address>0x3f9502</load_address>
         <run_address>0x3f9502</run_address>
         <size>0x100</size>
         <input_file_ref idref="fl-12"/>
      </object_component>
      <object_component id="oc-2b">
         <name>.econst:.string</name>
         <load_address>0x3f9602</load_address>
         <run_address>0x3f9602</run_address>
         <size>0x48</size>
         <input_file_ref idref="fl-2"/>
      </object_component>
      <object_component id="oc-ea">
         <name>.econst:.string</name>
         <load_address>0x3f964a</load_address>
         <run_address>0x3f964a</run_address>
         <size>0x26</size>
         <input_file_ref idref="fl-2c"/>
      </object_component>
      <object_component id="oc-e9">
         <name>.econst</name>
         <load_address>0x3f9670</load_address>
         <run_address>0x3f9670</run_address>
         <size>0x1c</size>
         <input_file_ref idref="fl-2c"/>
      </object_component>
      <object_component id="oc-12d">
         <name>.econst:.string</name>
         <load_address>0x3f968c</load_address>
         <run_address>0x3f968c</run_address>
         <size>0x2</size>
         <input_file_ref idref="fl-3a"/>
      </object_component>
      <object_component id="oc-1ca">
         <name>.esysmem</name>
         <uninitialized>true</uninitialized>
         <run_address>0x3f9000</run_address>
         <size>0x1</size>
         <input_file_ref idref="fl-58"/>
      </object_component>
      <object_component id="oc-23d">
         <name>.esysmem</name>
         <uninitialized>true</uninitialized>
         <run_address>0x3f9000</run_address>
         <size>0x0</size>
      </object_component>
      <object_component id="oc-29">
         <name>.debug_info</name>
         <load_address>0x0</load_address>
         <run_address>0x0</run_address>
         <size>0x1b04</size>
         <input_file_ref idref="fl-2"/>
      </object_component>
      <object_component id="oc-30">
         <name>.debug_info</name>
         <load_address>0x1b04</load_address>
         <run_address>0x1b04</run_address>
         <size>0x3026</size>
         <input_file_ref idref="fl-3"/>
      </object_component>
      <object_component id="oc-36">
         <name>.debug_info</name>
         <load_address>0x4b2a</load_address>
         <run_address>0x4b2a</run_address>
         <size>0x135a2</size>
         <input_file_ref idref="fl-4"/>
      </object_component>
      <object_component id="oc-52">
         <name>.debug_info</name>
         <load_address>0x180cc</load_address>
         <run_address>0x180cc</run_address>
         <size>0x10d5</size>
         <input_file_ref idref="fl-5"/>
      </object_component>
      <object_component id="oc-5b">
         <name>.debug_info</name>
         <load_address>0x191a1</load_address>
         <run_address>0x191a1</run_address>
         <size>0x169</size>
         <input_file_ref idref="fl-7"/>
      </object_component>
      <object_component id="oc-5f">
         <name>.debug_info</name>
         <load_address>0x1930a</load_address>
         <run_address>0x1930a</run_address>
         <size>0x7a7</size>
         <input_file_ref idref="fl-8"/>
      </object_component>
      <object_component id="oc-66">
         <name>.debug_info</name>
         <load_address>0x19ab1</load_address>
         <run_address>0x19ab1</run_address>
         <size>0x11b</size>
         <input_file_ref idref="fl-9"/>
      </object_component>
      <object_component id="oc-6a">
         <name>.debug_info</name>
         <load_address>0x19bcc</load_address>
         <run_address>0x19bcc</run_address>
         <size>0x25b5</size>
         <input_file_ref idref="fl-a"/>
      </object_component>
      <object_component id="oc-70">
         <name>.debug_info</name>
         <load_address>0x1c181</load_address>
         <run_address>0x1c181</run_address>
         <size>0x5c75</size>
         <input_file_ref idref="fl-b"/>
      </object_component>
      <object_component id="oc-75">
         <name>.debug_info</name>
         <load_address>0x21df6</load_address>
         <run_address>0x21df6</run_address>
         <size>0x2be</size>
         <input_file_ref idref="fl-c"/>
      </object_component>
      <object_component id="oc-7a">
         <name>.debug_info</name>
         <load_address>0x220b4</load_address>
         <run_address>0x220b4</run_address>
         <size>0x1b2f</size>
         <input_file_ref idref="fl-d"/>
      </object_component>
      <object_component id="oc-7f">
         <name>.debug_info</name>
         <load_address>0x23be3</load_address>
         <run_address>0x23be3</run_address>
         <size>0x37f</size>
         <input_file_ref idref="fl-e"/>
      </object_component>
      <object_component id="oc-84">
         <name>.debug_info</name>
         <load_address>0x23f62</load_address>
         <run_address>0x23f62</run_address>
         <size>0x4cd7</size>
         <input_file_ref idref="fl-f"/>
      </object_component>
      <object_component id="oc-89">
         <name>.debug_info</name>
         <load_address>0x28c39</load_address>
         <run_address>0x28c39</run_address>
         <size>0x2d6</size>
         <input_file_ref idref="fl-10"/>
      </object_component>
      <object_component id="oc-8e">
         <name>.debug_info</name>
         <load_address>0x28f0f</load_address>
         <run_address>0x28f0f</run_address>
         <size>0xb03</size>
         <input_file_ref idref="fl-11"/>
      </object_component>
      <object_component id="oc-93">
         <name>.debug_info</name>
         <load_address>0x29a12</load_address>
         <run_address>0x29a12</run_address>
         <size>0x200d</size>
         <input_file_ref idref="fl-12"/>
      </object_component>
      <object_component id="oc-99">
         <name>.debug_info</name>
         <load_address>0x2ba1f</load_address>
         <run_address>0x2ba1f</run_address>
         <size>0x2bf</size>
         <input_file_ref idref="fl-13"/>
      </object_component>
      <object_component id="oc-9e">
         <name>.debug_info</name>
         <load_address>0x2bcde</load_address>
         <run_address>0x2bcde</run_address>
         <size>0x2bf</size>
         <input_file_ref idref="fl-14"/>
      </object_component>
      <object_component id="oc-a3">
         <name>.debug_info</name>
         <load_address>0x2bf9d</load_address>
         <run_address>0x2bf9d</run_address>
         <size>0x1629</size>
         <input_file_ref idref="fl-15"/>
      </object_component>
      <object_component id="oc-a8">
         <name>.debug_info</name>
         <load_address>0x2d5c6</load_address>
         <run_address>0x2d5c6</run_address>
         <size>0x2c4</size>
         <input_file_ref idref="fl-16"/>
      </object_component>
      <object_component id="oc-ad">
         <name>.debug_info</name>
         <load_address>0x2d88a</load_address>
         <run_address>0x2d88a</run_address>
         <size>0x82e</size>
         <input_file_ref idref="fl-17"/>
      </object_component>
      <object_component id="oc-b4">
         <name>.debug_info</name>
         <load_address>0x2e0b8</load_address>
         <run_address>0x2e0b8</run_address>
         <size>0x120</size>
         <input_file_ref idref="fl-18"/>
      </object_component>
      <object_component id="oc-b9">
         <name>.debug_info</name>
         <load_address>0x2e1d8</load_address>
         <run_address>0x2e1d8</run_address>
         <size>0x11d</size>
         <input_file_ref idref="fl-19"/>
      </object_component>
      <object_component id="oc-bf">
         <name>.debug_info</name>
         <load_address>0x2e2f5</load_address>
         <run_address>0x2e2f5</run_address>
         <size>0x10f</size>
         <input_file_ref idref="fl-24"/>
      </object_component>
      <object_component id="oc-c3">
         <name>.debug_info</name>
         <load_address>0x2e404</load_address>
         <run_address>0x2e404</run_address>
         <size>0x406</size>
         <input_file_ref idref="fl-25"/>
      </object_component>
      <object_component id="oc-cb">
         <name>.debug_info</name>
         <load_address>0x2e80a</load_address>
         <run_address>0x2e80a</run_address>
         <size>0xf1</size>
         <input_file_ref idref="fl-26"/>
      </object_component>
      <object_component id="oc-d0">
         <name>.debug_info</name>
         <load_address>0x2e8fb</load_address>
         <run_address>0x2e8fb</run_address>
         <size>0xf1</size>
         <input_file_ref idref="fl-27"/>
      </object_component>
      <object_component id="oc-d5">
         <name>.debug_info</name>
         <load_address>0x2e9ec</load_address>
         <run_address>0x2e9ec</run_address>
         <size>0xfd</size>
         <input_file_ref idref="fl-28"/>
      </object_component>
      <object_component id="oc-da">
         <name>.debug_info</name>
         <load_address>0x2eae9</load_address>
         <run_address>0x2eae9</run_address>
         <size>0xf7</size>
         <input_file_ref idref="fl-29"/>
      </object_component>
      <object_component id="oc-de">
         <name>.debug_info</name>
         <load_address>0x2ebe0</load_address>
         <run_address>0x2ebe0</run_address>
         <size>0x638</size>
         <input_file_ref idref="fl-2a"/>
      </object_component>
      <object_component id="oc-e3">
         <name>.debug_info</name>
         <load_address>0x2f218</load_address>
         <run_address>0x2f218</run_address>
         <size>0x430</size>
         <input_file_ref idref="fl-2b"/>
      </object_component>
      <object_component id="oc-e8">
         <name>.debug_info</name>
         <load_address>0x2f648</load_address>
         <run_address>0x2f648</run_address>
         <size>0x2599</size>
         <input_file_ref idref="fl-2c"/>
      </object_component>
      <object_component id="oc-ef">
         <name>.debug_info</name>
         <load_address>0x31be1</load_address>
         <run_address>0x31be1</run_address>
         <size>0x3fd</size>
         <input_file_ref idref="fl-2d"/>
      </object_component>
      <object_component id="oc-f4">
         <name>.debug_info</name>
         <load_address>0x31fde</load_address>
         <run_address>0x31fde</run_address>
         <size>0x383</size>
         <input_file_ref idref="fl-2e"/>
      </object_component>
      <object_component id="oc-f9">
         <name>.debug_info</name>
         <load_address>0x32361</load_address>
         <run_address>0x32361</run_address>
         <size>0x1bd</size>
         <input_file_ref idref="fl-2f"/>
      </object_component>
      <object_component id="oc-fb">
         <name>.debug_info</name>
         <load_address>0x3251e</load_address>
         <run_address>0x3251e</run_address>
         <size>0x2b0</size>
         <input_file_ref idref="fl-30"/>
      </object_component>
      <object_component id="oc-100">
         <name>.debug_info</name>
         <load_address>0x327ce</load_address>
         <run_address>0x327ce</run_address>
         <size>0xfd</size>
         <input_file_ref idref="fl-31"/>
      </object_component>
      <object_component id="oc-105">
         <name>.debug_info</name>
         <load_address>0x328cb</load_address>
         <run_address>0x328cb</run_address>
         <size>0xf1</size>
         <input_file_ref idref="fl-32"/>
      </object_component>
      <object_component id="oc-10a">
         <name>.debug_info</name>
         <load_address>0x329bc</load_address>
         <run_address>0x329bc</run_address>
         <size>0xf1</size>
         <input_file_ref idref="fl-33"/>
      </object_component>
      <object_component id="oc-10f">
         <name>.debug_info</name>
         <load_address>0x32aad</load_address>
         <run_address>0x32aad</run_address>
         <size>0xf1</size>
         <input_file_ref idref="fl-34"/>
      </object_component>
      <object_component id="oc-114">
         <name>.debug_info</name>
         <load_address>0x32b9e</load_address>
         <run_address>0x32b9e</run_address>
         <size>0xff</size>
         <input_file_ref idref="fl-35"/>
      </object_component>
      <object_component id="oc-119">
         <name>.debug_info</name>
         <load_address>0x32c9d</load_address>
         <run_address>0x32c9d</run_address>
         <size>0xf4</size>
         <input_file_ref idref="fl-36"/>
      </object_component>
      <object_component id="oc-11e">
         <name>.debug_info</name>
         <load_address>0x32d91</load_address>
         <run_address>0x32d91</run_address>
         <size>0xf1</size>
         <input_file_ref idref="fl-37"/>
      </object_component>
      <object_component id="oc-123">
         <name>.debug_info</name>
         <load_address>0x32e82</load_address>
         <run_address>0x32e82</run_address>
         <size>0xf1</size>
         <input_file_ref idref="fl-38"/>
      </object_component>
      <object_component id="oc-127">
         <name>.debug_info</name>
         <load_address>0x32f73</load_address>
         <run_address>0x32f73</run_address>
         <size>0x59c</size>
         <input_file_ref idref="fl-39"/>
      </object_component>
      <object_component id="oc-12c">
         <name>.debug_info</name>
         <load_address>0x3350f</load_address>
         <run_address>0x3350f</run_address>
         <size>0x793</size>
         <input_file_ref idref="fl-3a"/>
      </object_component>
      <object_component id="oc-132">
         <name>.debug_info</name>
         <load_address>0x33ca2</load_address>
         <run_address>0x33ca2</run_address>
         <size>0x34b</size>
         <input_file_ref idref="fl-3b"/>
      </object_component>
      <object_component id="oc-138">
         <name>.debug_info</name>
         <load_address>0x33fed</load_address>
         <run_address>0x33fed</run_address>
         <size>0xf4</size>
         <input_file_ref idref="fl-3c"/>
      </object_component>
      <object_component id="oc-13d">
         <name>.debug_info</name>
         <load_address>0x340e1</load_address>
         <run_address>0x340e1</run_address>
         <size>0xf1</size>
         <input_file_ref idref="fl-3d"/>
      </object_component>
      <object_component id="oc-142">
         <name>.debug_info</name>
         <load_address>0x341d2</load_address>
         <run_address>0x341d2</run_address>
         <size>0xf1</size>
         <input_file_ref idref="fl-3e"/>
      </object_component>
      <object_component id="oc-146">
         <name>.debug_info</name>
         <load_address>0x342c3</load_address>
         <run_address>0x342c3</run_address>
         <size>0x377</size>
         <input_file_ref idref="fl-3f"/>
      </object_component>
      <object_component id="oc-14c">
         <name>.debug_info</name>
         <load_address>0x3463a</load_address>
         <run_address>0x3463a</run_address>
         <size>0x153</size>
         <input_file_ref idref="fl-40"/>
      </object_component>
      <object_component id="oc-151">
         <name>.debug_info</name>
         <load_address>0x3478d</load_address>
         <run_address>0x3478d</run_address>
         <size>0x12b</size>
         <input_file_ref idref="fl-41"/>
      </object_component>
      <object_component id="oc-156">
         <name>.debug_info</name>
         <load_address>0x348b8</load_address>
         <run_address>0x348b8</run_address>
         <size>0x1fa</size>
         <input_file_ref idref="fl-42"/>
      </object_component>
      <object_component id="oc-15a">
         <name>.debug_info</name>
         <load_address>0x34ab2</load_address>
         <run_address>0x34ab2</run_address>
         <size>0x1275</size>
         <input_file_ref idref="fl-43"/>
      </object_component>
      <object_component id="oc-161">
         <name>.debug_info</name>
         <load_address>0x35d27</load_address>
         <run_address>0x35d27</run_address>
         <size>0x41d</size>
         <input_file_ref idref="fl-44"/>
      </object_component>
      <object_component id="oc-166">
         <name>.debug_info</name>
         <load_address>0x36144</load_address>
         <run_address>0x36144</run_address>
         <size>0x39c</size>
         <input_file_ref idref="fl-45"/>
      </object_component>
      <object_component id="oc-16b">
         <name>.debug_info</name>
         <load_address>0x364e0</load_address>
         <run_address>0x364e0</run_address>
         <size>0x42c</size>
         <input_file_ref idref="fl-46"/>
      </object_component>
      <object_component id="oc-170">
         <name>.debug_info</name>
         <load_address>0x3690c</load_address>
         <run_address>0x3690c</run_address>
         <size>0x39e</size>
         <input_file_ref idref="fl-47"/>
      </object_component>
      <object_component id="oc-175">
         <name>.debug_info</name>
         <load_address>0x36caa</load_address>
         <run_address>0x36caa</run_address>
         <size>0x442</size>
         <input_file_ref idref="fl-48"/>
      </object_component>
      <object_component id="oc-17a">
         <name>.debug_info</name>
         <load_address>0x370ec</load_address>
         <run_address>0x370ec</run_address>
         <size>0x431</size>
         <input_file_ref idref="fl-49"/>
      </object_component>
      <object_component id="oc-17f">
         <name>.debug_info</name>
         <load_address>0x3751d</load_address>
         <run_address>0x3751d</run_address>
         <size>0x421</size>
         <input_file_ref idref="fl-4a"/>
      </object_component>
      <object_component id="oc-184">
         <name>.debug_info</name>
         <load_address>0x3793e</load_address>
         <run_address>0x3793e</run_address>
         <size>0x40b</size>
         <input_file_ref idref="fl-4b"/>
      </object_component>
      <object_component id="oc-189">
         <name>.debug_info</name>
         <load_address>0x37d49</load_address>
         <run_address>0x37d49</run_address>
         <size>0x3ea</size>
         <input_file_ref idref="fl-4c"/>
      </object_component>
      <object_component id="oc-18e">
         <name>.debug_info</name>
         <load_address>0x38133</load_address>
         <run_address>0x38133</run_address>
         <size>0x434</size>
         <input_file_ref idref="fl-4d"/>
      </object_component>
      <object_component id="oc-193">
         <name>.debug_info</name>
         <load_address>0x38567</load_address>
         <run_address>0x38567</run_address>
         <size>0xe0e</size>
         <input_file_ref idref="fl-4e"/>
      </object_component>
      <object_component id="oc-199">
         <name>.debug_info</name>
         <load_address>0x39375</load_address>
         <run_address>0x39375</run_address>
         <size>0x508</size>
         <input_file_ref idref="fl-4f"/>
      </object_component>
      <object_component id="oc-19e">
         <name>.debug_info</name>
         <load_address>0x3987d</load_address>
         <run_address>0x3987d</run_address>
         <size>0x4e9</size>
         <input_file_ref idref="fl-50"/>
      </object_component>
      <object_component id="oc-1a4">
         <name>.debug_info</name>
         <load_address>0x39d66</load_address>
         <run_address>0x39d66</run_address>
         <size>0x19c</size>
         <input_file_ref idref="fl-51"/>
      </object_component>
      <object_component id="oc-1a9">
         <name>.debug_info</name>
         <load_address>0x39f02</load_address>
         <run_address>0x39f02</run_address>
         <size>0xf1</size>
         <input_file_ref idref="fl-52"/>
      </object_component>
      <object_component id="oc-1ad">
         <name>.debug_info</name>
         <load_address>0x39ff3</load_address>
         <run_address>0x39ff3</run_address>
         <size>0x57f</size>
         <input_file_ref idref="fl-53"/>
      </object_component>
      <object_component id="oc-1b2">
         <name>.debug_info</name>
         <load_address>0x3a572</load_address>
         <run_address>0x3a572</run_address>
         <size>0x4f2</size>
         <input_file_ref idref="fl-54"/>
      </object_component>
      <object_component id="oc-1b8">
         <name>.debug_info</name>
         <load_address>0x3aa64</load_address>
         <run_address>0x3aa64</run_address>
         <size>0x182</size>
         <input_file_ref idref="fl-55"/>
      </object_component>
      <object_component id="oc-1bc">
         <name>.debug_info</name>
         <load_address>0x3abe6</load_address>
         <run_address>0x3abe6</run_address>
         <size>0x54c</size>
         <input_file_ref idref="fl-56"/>
      </object_component>
      <object_component id="oc-1c1">
         <name>.debug_info</name>
         <load_address>0x3b132</load_address>
         <run_address>0x3b132</run_address>
         <size>0x88e</size>
         <input_file_ref idref="fl-57"/>
      </object_component>
      <object_component id="oc-1c8">
         <name>.debug_info</name>
         <load_address>0x3b9c0</load_address>
         <run_address>0x3b9c0</run_address>
         <size>0xa4e</size>
         <input_file_ref idref="fl-58"/>
      </object_component>
      <object_component id="oc-1d0">
         <name>.debug_info</name>
         <load_address>0x3c40e</load_address>
         <run_address>0x3c40e</run_address>
         <size>0x61b</size>
         <input_file_ref idref="fl-59"/>
      </object_component>
      <object_component id="oc-1d5">
         <name>.debug_info</name>
         <load_address>0x3ca29</load_address>
         <run_address>0x3ca29</run_address>
         <size>0x349</size>
         <input_file_ref idref="fl-5a"/>
      </object_component>
      <object_component id="oc-23e">
         <name>.debug_info</name>
         <load_address>0x3cd72</load_address>
         <run_address>0x3cd72</run_address>
         <size>0xac</size>
      </object_component>
      <object_component id="oc-2c">
         <name>.debug_frame</name>
         <load_address>0x0</load_address>
         <run_address>0x0</run_address>
         <size>0x7b</size>
         <input_file_ref idref="fl-2"/>
      </object_component>
      <object_component id="oc-32">
         <name>.debug_frame</name>
         <load_address>0x7b</load_address>
         <run_address>0x7b</run_address>
         <size>0x158</size>
         <input_file_ref idref="fl-3"/>
      </object_component>
      <object_component id="oc-53">
         <name>.debug_frame</name>
         <load_address>0x1d3</load_address>
         <run_address>0x1d3</run_address>
         <size>0x62</size>
         <input_file_ref idref="fl-5"/>
      </object_component>
      <object_component id="oc-61">
         <name>.debug_frame</name>
         <load_address>0x235</load_address>
         <run_address>0x235</run_address>
         <size>0x62</size>
         <input_file_ref idref="fl-8"/>
      </object_component>
      <object_component id="oc-6c">
         <name>.debug_frame</name>
         <load_address>0x297</load_address>
         <run_address>0x297</run_address>
         <size>0x5e1</size>
         <input_file_ref idref="fl-a"/>
      </object_component>
      <object_component id="oc-71">
         <name>.debug_frame</name>
         <load_address>0x878</load_address>
         <run_address>0x878</run_address>
         <size>0x62</size>
         <input_file_ref idref="fl-b"/>
      </object_component>
      <object_component id="oc-76">
         <name>.debug_frame</name>
         <load_address>0x8da</load_address>
         <run_address>0x8da</run_address>
         <size>0x62</size>
         <input_file_ref idref="fl-c"/>
      </object_component>
      <object_component id="oc-7b">
         <name>.debug_frame</name>
         <load_address>0x93c</load_address>
         <run_address>0x93c</run_address>
         <size>0x77</size>
         <input_file_ref idref="fl-d"/>
      </object_component>
      <object_component id="oc-80">
         <name>.debug_frame</name>
         <load_address>0x9b3</load_address>
         <run_address>0x9b3</run_address>
         <size>0x62</size>
         <input_file_ref idref="fl-e"/>
      </object_component>
      <object_component id="oc-85">
         <name>.debug_frame</name>
         <load_address>0xa15</load_address>
         <run_address>0xa15</run_address>
         <size>0x62</size>
         <input_file_ref idref="fl-f"/>
      </object_component>
      <object_component id="oc-8a">
         <name>.debug_frame</name>
         <load_address>0xa77</load_address>
         <run_address>0xa77</run_address>
         <size>0x62</size>
         <input_file_ref idref="fl-10"/>
      </object_component>
      <object_component id="oc-8f">
         <name>.debug_frame</name>
         <load_address>0xad9</load_address>
         <run_address>0xad9</run_address>
         <size>0x8c</size>
         <input_file_ref idref="fl-11"/>
      </object_component>
      <object_component id="oc-95">
         <name>.debug_frame</name>
         <load_address>0xb65</load_address>
         <run_address>0xb65</run_address>
         <size>0x7d</size>
         <input_file_ref idref="fl-12"/>
      </object_component>
      <object_component id="oc-9a">
         <name>.debug_frame</name>
         <load_address>0xbe2</load_address>
         <run_address>0xbe2</run_address>
         <size>0x62</size>
         <input_file_ref idref="fl-13"/>
      </object_component>
      <object_component id="oc-9f">
         <name>.debug_frame</name>
         <load_address>0xc44</load_address>
         <run_address>0xc44</run_address>
         <size>0x62</size>
         <input_file_ref idref="fl-14"/>
      </object_component>
      <object_component id="oc-a4">
         <name>.debug_frame</name>
         <load_address>0xca6</load_address>
         <run_address>0xca6</run_address>
         <size>0xec</size>
         <input_file_ref idref="fl-15"/>
      </object_component>
      <object_component id="oc-a9">
         <name>.debug_frame</name>
         <load_address>0xd92</load_address>
         <run_address>0xd92</run_address>
         <size>0x62</size>
         <input_file_ref idref="fl-16"/>
      </object_component>
      <object_component id="oc-ae">
         <name>.debug_frame</name>
         <load_address>0xdf4</load_address>
         <run_address>0xdf4</run_address>
         <size>0x62</size>
         <input_file_ref idref="fl-17"/>
      </object_component>
      <object_component id="oc-c6">
         <name>.debug_frame</name>
         <load_address>0xe56</load_address>
         <run_address>0xe56</run_address>
         <size>0x95</size>
         <input_file_ref idref="fl-25"/>
      </object_component>
      <object_component id="oc-df">
         <name>.debug_frame</name>
         <load_address>0xeeb</load_address>
         <run_address>0xeeb</run_address>
         <size>0xb0</size>
         <input_file_ref idref="fl-2a"/>
      </object_component>
      <object_component id="oc-e4">
         <name>.debug_frame</name>
         <load_address>0xf9b</load_address>
         <run_address>0xf9b</run_address>
         <size>0xa1</size>
         <input_file_ref idref="fl-2b"/>
      </object_component>
      <object_component id="oc-eb">
         <name>.debug_frame</name>
         <load_address>0x103c</load_address>
         <run_address>0x103c</run_address>
         <size>0x498</size>
         <input_file_ref idref="fl-2c"/>
      </object_component>
      <object_component id="oc-f0">
         <name>.debug_frame</name>
         <load_address>0x14d4</load_address>
         <run_address>0x14d4</run_address>
         <size>0x77</size>
         <input_file_ref idref="fl-2d"/>
      </object_component>
      <object_component id="oc-f5">
         <name>.debug_frame</name>
         <load_address>0x154b</load_address>
         <run_address>0x154b</run_address>
         <size>0x77</size>
         <input_file_ref idref="fl-2e"/>
      </object_component>
      <object_component id="oc-128">
         <name>.debug_frame</name>
         <load_address>0x15c2</load_address>
         <run_address>0x15c2</run_address>
         <size>0xa5</size>
         <input_file_ref idref="fl-39"/>
      </object_component>
      <object_component id="oc-12e">
         <name>.debug_frame</name>
         <load_address>0x1667</load_address>
         <run_address>0x1667</run_address>
         <size>0xc0</size>
         <input_file_ref idref="fl-3a"/>
      </object_component>
      <object_component id="oc-133">
         <name>.debug_frame</name>
         <load_address>0x1727</load_address>
         <run_address>0x1727</run_address>
         <size>0x7d</size>
         <input_file_ref idref="fl-3b"/>
      </object_component>
      <object_component id="oc-147">
         <name>.debug_frame</name>
         <load_address>0x17a4</load_address>
         <run_address>0x17a4</run_address>
         <size>0x86</size>
         <input_file_ref idref="fl-3f"/>
      </object_component>
      <object_component id="oc-15d">
         <name>.debug_frame</name>
         <load_address>0x182a</load_address>
         <run_address>0x182a</run_address>
         <size>0x20e</size>
         <input_file_ref idref="fl-43"/>
      </object_component>
      <object_component id="oc-162">
         <name>.debug_frame</name>
         <load_address>0x1a38</load_address>
         <run_address>0x1a38</run_address>
         <size>0x86</size>
         <input_file_ref idref="fl-44"/>
      </object_component>
      <object_component id="oc-167">
         <name>.debug_frame</name>
         <load_address>0x1abe</load_address>
         <run_address>0x1abe</run_address>
         <size>0x77</size>
         <input_file_ref idref="fl-45"/>
      </object_component>
      <object_component id="oc-16c">
         <name>.debug_frame</name>
         <load_address>0x1b35</load_address>
         <run_address>0x1b35</run_address>
         <size>0x77</size>
         <input_file_ref idref="fl-46"/>
      </object_component>
      <object_component id="oc-171">
         <name>.debug_frame</name>
         <load_address>0x1bac</load_address>
         <run_address>0x1bac</run_address>
         <size>0x77</size>
         <input_file_ref idref="fl-47"/>
      </object_component>
      <object_component id="oc-176">
         <name>.debug_frame</name>
         <load_address>0x1c23</load_address>
         <run_address>0x1c23</run_address>
         <size>0x77</size>
         <input_file_ref idref="fl-48"/>
      </object_component>
      <object_component id="oc-17b">
         <name>.debug_frame</name>
         <load_address>0x1c9a</load_address>
         <run_address>0x1c9a</run_address>
         <size>0x7b</size>
         <input_file_ref idref="fl-49"/>
      </object_component>
      <object_component id="oc-180">
         <name>.debug_frame</name>
         <load_address>0x1d15</load_address>
         <run_address>0x1d15</run_address>
         <size>0x77</size>
         <input_file_ref idref="fl-4a"/>
      </object_component>
      <object_component id="oc-185">
         <name>.debug_frame</name>
         <load_address>0x1d8c</load_address>
         <run_address>0x1d8c</run_address>
         <size>0x77</size>
         <input_file_ref idref="fl-4b"/>
      </object_component>
      <object_component id="oc-18a">
         <name>.debug_frame</name>
[...]
      </symbol>
      <symbol id="sm-1ca">
         <name>_CAPINT1_ISR</name>
         <value>0x101208</value>
         <object_component_ref idref="oc-6b"/>
      </symbol>
      <symbol id="sm-1eb">
         <name>_InitGpio</name>
         <value>0x101f61</value>
         <object_component_ref idref="oc-1e6"/>
      </symbol>
      <symbol id="sm-216">
         <name>_InitPieCtrl</name>
         <value>0x101d47</value>
         <object_component_ref idref="oc-1e7"/>
      </symbol>
      <symbol id="sm-217">
         <name>_EnableInterrupts</name>
         <value>0x101d66</value>
         <object_component_ref idref="oc-1e7"/>
      </symbol>
      <symbol id="sm-228">
         <name>_PieVectTableInit</name>
         <value>0x3f9502</value>
         <object_component_ref idref="oc-94"/>
      </symbol>
      <symbol id="sm-229">
         <name>_InitPieVectTable</name>
         <value>0x101d92</value>
         <object_component_ref idref="oc-1e8"/>
      </symbol>
      <symbol id="sm-24e">
         <name>_InitPll</name>
         <value>0x101721</value>
         <object_component_ref idref="oc-1e5"/>
      </symbol>
      <symbol id="sm-24f">
         <name>_DisableDog</name>
         <value>0x101719</value>
         <object_component_ref idref="oc-1e5"/>
      </symbol>
      <symbol id="sm-250">
         <name>_InitPeripheralClocks</name>
         <value>0x101744</value>
         <object_component_ref idref="oc-1e5"/>
      </symbol>
      <symbol id="sm-251">
         <name>_KickDog</name>
         <value>0x10170f</value>
         <object_component_ref idref="oc-1e5"/>
      </symbol>
      <symbol id="sm-252">
         <name>_CsmUnlock</name>
         <value>0x10175e</value>
         <object_component_ref idref="oc-1e5"/>
      </symbol>
      <symbol id="sm-253">
         <name>_InitSysCtrl</name>
         <value>0x101707</value>
         <object_component_ref idref="oc-1e5"/>
      </symbol>
      <symbol id="sm-283">
         <name>_DSP28x_usDelay</name>
         <value>0x3f807f</value>
         <object_component_ref idref="oc-b8"/>
      </symbol>
      <symbol id="sm-29e">
         <name>_c_int00</name>
         <value>0x101b49</value>
         <object_component_ref idref="oc-28"/>
      </symbol>
      <symbol id="sm-29f">
         <name>__stack</name>
         <value>0x400</value>
         <object_component_ref idref="oc-bd"/>
      </symbol>
      <symbol id="sm-2b3">
         <name>C$$EXIT</name>
         <value>0x101ed8</value>
         <object_component_ref idref="oc-1db"/>
      </symbol>
      <symbol id="sm-2b4">
         <name>_exit</name>
         <value>0x101eda</value>
         <object_component_ref idref="oc-1db"/>
      </symbol>
      <symbol id="sm-2b5">
         <name>___TI_cleanup_ptr</name>
         <value>0x102170</value>
         <object_component_ref idref="oc-c5"/>
      </symbol>
      <symbol id="sm-2b6">
         <name>_abort</name>
         <value>0x101ed8</value>
         <object_component_ref idref="oc-1db"/>
      </symbol>
      <symbol id="sm-2b7">
         <name>___TI_dtors_ptr</name>
         <value>0x102172</value>
         <object_component_ref idref="oc-c5"/>
      </symbol>
      <symbol id="sm-2c9">
         <name>FS$$CMP</name>
         <value>0x101f09</value>
         <object_component_ref idref="oc-ca"/>
      </symbol>
      <symbol id="sm-2da">
         <name>FS$$MPY</name>
         <value>0x101a9f</value>
         <object_component_ref idref="oc-cf"/>
      </symbol>
      <symbol id="sm-2ed">
         <name>FS$$TOL</name>
         <value>0x101d1e</value>
         <object_component_ref idref="oc-d4"/>
      </symbol>
      <symbol id="sm-2fc">
         <name>L$$TOFS</name>
         <value>0x101ea5</value>
         <object_component_ref idref="oc-d9"/>
      </symbol>
      <symbol id="sm-30d">
         <name>_printf</name>
         <value>0x101c11</value>
         <object_component_ref idref="oc-1ea"/>
      </symbol>
      <symbol id="sm-322">
         <name>__unlock</name>
         <value>0x102174</value>
         <object_component_ref idref="oc-1e1"/>
      </symbol>
      <symbol id="sm-323">
         <name>__lock</name>
         <value>0x101ffe</value>
         <object_component_ref idref="oc-1de"/>
      </symbol>
      <symbol id="sm-324">
         <name>__register_lock</name>
         <value>0x101f93</value>
         <object_component_ref idref="oc-1eb"/>
      </symbol>
      <symbol id="sm-325">
         <name>__nop</name>
         <value>0x101f97</value>
         <object_component_ref idref="oc-1eb"/>
      </symbol>
      <symbol id="sm-326">
         <name>__register_unlock</name>
         <value>0x101f8f</value>
         <object_component_ref idref="oc-1eb"/>
      </symbol>
      <symbol id="sm-455">
         <name>___TI_printfi</name>
         <value>0x100a74</value>
         <object_component_ref idref="oc-1ee"/>
      </symbol>
      <symbol id="sm-465">
         <name>__args_main</name>
         <value>0x101ebf</value>
         <object_component_ref idref="oc-1da"/>
      </symbol>
      <symbol id="sm-47a">
         <name>_atoi</name>
         <value>0x101c3f</value>
         <object_component_ref idref="oc-1f4"/>
      </symbol>
      <symbol id="sm-483">
         <name>__ctypes_</name>
         <value>0x3f9400</value>
         <object_component_ref idref="oc-1ff"/>
      </symbol>
      <symbol id="sm-48f">
         <name>___TI_ft_end</name>
         <value>0x102000</value>
         <object_component_ref idref="oc-fd"/>
      </symbol>
      <symbol id="sm-490">
         <name>___TI_tmpnams</name>
         <value>0x1020c0</value>
         <object_component_ref idref="oc-fd"/>
      </symbol>
      <symbol id="sm-491">
         <name>__ftable</name>
         <value>0x102040</value>
         <object_component_ref idref="oc-fd"/>
      </symbol>
      <symbol id="sm-4a1">
         <name>FD$$CMP</name>
         <value>0x101cca</value>
         <object_component_ref idref="oc-ff"/>
      </symbol>
      <symbol id="sm-4b8">
         <name>FD$$DIV</name>
         <value>0x10167c</value>
         <object_component_ref idref="oc-104"/>
      </symbol>
      <symbol id="sm-4ca">
         <name>FD$$MPY</name>
         <value>0x10178f</value>
         <object_component_ref idref="oc-109"/>
      </symbol>
      <symbol id="sm-4d7">
         <name>FD$$NEG</name>
         <value>0x101f98</value>
         <object_component_ref idref="oc-10e"/>
      </symbol>
      <symbol id="sm-4e3">
         <name>FD$$SUB</name>
         <value>0x101f45</value>
         <object_component_ref idref="oc-113"/>
      </symbol>
      <symbol id="sm-4f3">
         <name>FD$$TOFS</name>
         <value>0x101db4</value>
         <object_component_ref idref="oc-118"/>
      </symbol>
      <symbol id="sm-502">
         <name>FD$$TOI</name>
         <value>0x101dd5</value>
         <object_component_ref idref="oc-11d"/>
      </symbol>
      <symbol id="sm-511">
         <name>FD$$TOL</name>
         <value>0x101df6</value>
         <object_component_ref idref="oc-122"/>
      </symbol>
      <symbol id="sm-524">
         <name>_putchar</name>
         <value>0x101b44</value>
         <object_component_ref idref="oc-1ec"/>
      </symbol>
      <symbol id="sm-525">
         <name>_putc</name>
         <value>0x101af9</value>
         <object_component_ref idref="oc-1ec"/>
      </symbol>
      <symbol id="sm-526">
         <name>_fputc</name>
         <value>0x101af9</value>
         <object_component_ref idref="oc-1ec"/>
      </symbol>
      <symbol id="sm-543">
         <name>_puts</name>
         <value>0x101539</value>
         <object_component_ref idref="oc-1ed"/>
      </symbol>
      <symbol id="sm-544">
         <name>_fputs</name>
         <value>0x1014a7</value>
         <object_component_ref idref="oc-1ed"/>
      </symbol>
      <symbol id="sm-554">
         <name>_frexp</name>
         <value>0x101f20</value>
         <object_component_ref idref="oc-1f7"/>
      </symbol>
      <symbol id="sm-564">
         <name>FS$$TOFD</name>
         <value>0x101e6d</value>
         <object_component_ref idref="oc-137"/>
      </symbol>
      <symbol id="sm-574">
         <name>I$$TOFD</name>
         <value>0x101e33</value>
         <object_component_ref idref="oc-13c"/>
      </symbol>
      <symbol id="sm-584">
         <name>L$$TOFD</name>
         <value>0x101e89</value>
         <object_component_ref idref="oc-141"/>
      </symbol>
      <symbol id="sm-597">
         <name>_ldexp</name>
         <value>0x101b8d</value>
         <object_component_ref idref="oc-1f8"/>
      </symbol>
      <symbol id="sm-5a3">
         <name>LL$$AND</name>
         <value>0x101ef1</value>
         <object_component_ref idref="oc-14b"/>
      </symbol>
      <symbol id="sm-5a4">
         <name>LL$$OR</name>
         <value>0x101ef9</value>
         <object_component_ref idref="oc-14b"/>
      </symbol>
      <symbol id="sm-5a5">
         <name>LL$$XOR</name>
         <value>0x101f01</value>
         <object_component_ref idref="oc-14b"/>
      </symbol>
      <symbol id="sm-5b3">
         <name>ULL$$CMP</name>
         <value>0x101e27</value>
         <object_component_ref idref="oc-150"/>
      </symbol>
      <symbol id="sm-5b4">
         <name>LL$$CMP</name>
         <value>0x101e15</value>
         <object_component_ref idref="oc-150"/>
      </symbol>
      <symbol id="sm-5e0">
         <name>ULL$$MOD</name>
         <value>0x101343</value>
         <object_component_ref idref="oc-155"/>
      </symbol>
      <symbol id="sm-5e1">
         <name>ULL$$DIV</name>
         <value>0x101314</value>
         <object_component_ref idref="oc-155"/>
      </symbol>
      <symbol id="sm-5e2">
         <name>LL$$MOD</name>
         <value>0x1012da</value>
         <object_component_ref idref="oc-155"/>
      </symbol>
      <symbol id="sm-5e3">
         <name>LL$$DIV</name>
         <value>0x10129e</value>
         <object_component_ref idref="oc-155"/>
      </symbol>
      <symbol id="sm-61e">
         <name>_add_device</name>
         <value>0x100d0e</value>
         <object_component_ref idref="oc-1f1"/>
      </symbol>
      <symbol id="sm-61f">
         <name>_rename</name>
         <value>0x100bf0</value>
         <object_component_ref idref="oc-1f1"/>
      </symbol>
      <symbol id="sm-620">
         <name>_read</name>
         <value>0x100c35</value>
         <object_component_ref idref="oc-1f1"/>
      </symbol>
      <symbol id="sm-621">
         <name>_unlink</name>
         <value>0x100bd7</value>
         <object_component_ref idref="oc-1f1"/>
      </symbol>
      <symbol id="sm-622">
         <name>_remove_device</name>
         <value>0x100c1b</value>
         <object_component_ref idref="oc-1f1"/>
      </symbol>
      <symbol id="sm-623">
         <name>_open</name>
         <value>0x100c4f</value>
         <object_component_ref idref="oc-1f1"/>
      </symbol>
      <symbol id="sm-624">
         <name>_lseek</name>
         <value>0x100cbf</value>
         <object_component_ref idref="oc-1f1"/>
      </symbol>
      <symbol id="sm-625">
         <name>_close</name>
         <value>0x100cd9</value>
         <object_component_ref idref="oc-1f1"/>
      </symbol>
      <symbol id="sm-626">
         <name>_write</name>
         <value>0x100b6e</value>
         <object_component_ref idref="oc-1f1"/>
      </symbol>
      <symbol id="sm-635">
         <name>_ltoa</name>
         <value>0x101c70</value>
         <object_component_ref idref="oc-1f5"/>
      </symbol>
      <symbol id="sm-645">
         <name>_memccpy</name>
         <value>0x101f53</value>
         <object_component_ref idref="oc-1fa"/>
      </symbol>
      <symbol id="sm-655">
         <name>_memchr</name>
         <value>0x101f34</value>
         <object_component_ref idref="oc-1f2"/>
      </symbol>
      <symbol id="sm-667">
         <name>_memcpy</name>
         <value>0x101e50</value>
         <object_component_ref idref="oc-1f3"/>
      </symbol>
      <symbol id="sm-676">
         <name>_memset</name>
         <value>0x101f6e</value>
         <object_component_ref idref="oc-1f9"/>
      </symbol>
      <symbol id="sm-686">
         <name>_strchr</name>
         <value>0x101f7a</value>
         <object_component_ref idref="oc-1f6"/>
      </symbol>
      <symbol id="sm-695">
         <name>_strcmp</name>
         <value>0x101f85</value>
         <object_component_ref idref="oc-1fd"/>
      </symbol>
      <symbol id="sm-6a3">
         <name>_strcpy</name>
         <value>0x101fb9</value>
         <object_component_ref idref="oc-1e4"/>
      </symbol>
      <symbol id="sm-6b1">
         <name>_strlen</name>
         <value>0x101fb1</value>
         <object_component_ref idref="oc-1e3"/>
      </symbol>
      <symbol id="sm-6c2">
         <name>_strncpy</name>
         <value>0x101d6f</value>
         <object_component_ref idref="oc-1fe"/>
      </symbol>
      <symbol id="sm-6d6">
         <name>_HOSTopen</name>
         <value>0x100e7a</value>
         <object_component_ref idref="oc-1dc"/>
      </symbol>
      <symbol id="sm-6d7">
         <name>_HOSTread</name>
         <value>0x100e42</value>
         <object_component_ref idref="oc-1dc"/>
      </symbol>
      <symbol id="sm-6d8">
         <name>_HOSTgetenv</name>
         <value>0x100ef9</value>
         <object_component_ref idref="oc-1dc"/>
      </symbol>
      <symbol id="sm-6d9">
         <name>_HOSTtime</name>
         <value>0x100dd9</value>
         <object_component_ref idref="oc-1dc"/>
      </symbol>
      <symbol id="sm-6da">
         <name>_HOSTrename</name>
         <value>0x100e02</value>
         <object_component_ref idref="oc-1dc"/>
      </symbol>
      <symbol id="sm-6db">
         <name>_HOSTclock</name>
         <value>0x100f49</value>
         <object_component_ref idref="oc-1dc"/>
      </symbol>
      <symbol id="sm-6dc">
         <name>_HOSTwrite</name>
         <value>0x100d7b</value>
         <object_component_ref idref="oc-1dc"/>
      </symbol>
      <symbol id="sm-6dd">
         <name>_HOSTlseek</name>
         <value>0x100eb3</value>
         <object_component_ref idref="oc-1dc"/>
      </symbol>
      <symbol id="sm-6de">
         <name>_HOSTunlink</name>
         <value>0x100db3</value>
         <object_component_ref idref="oc-1dc"/>
      </symbol>
      <symbol id="sm-6df">
         <name>_HOSTclose</name>
         <value>0x100f21</value>
         <object_component_ref idref="oc-1dc"/>
      </symbol>
      <symbol id="sm-6f7">
         <name>___TI_rd_ok</name>
         <value>0x1019b7</value>
         <object_component_ref idref="oc-1ef"/>
      </symbol>
      <symbol id="sm-6f8">
         <name>___TI_wrt_ok</name>
         <value>0x10197c</value>
         <object_component_ref idref="oc-1ef"/>
      </symbol>
      <symbol id="sm-711">
         <name>___TI_readmsg</name>
         <value>0x101640</value>
         <object_component_ref idref="oc-1e0"/>
      </symbol>
      <symbol id="sm-712">
         <name>C$$IO$$</name>
         <value>0x10163b</value>
         <object_component_ref idref="oc-1e0"/>
      </symbol>
      <symbol id="sm-713">
         <name>__CIOBUF_</name>
         <value>0x102240</value>
         <object_component_ref idref="oc-19f"/>
      </symbol>
      <symbol id="sm-714">
         <name>___TI_writemsg</name>
         <value>0x1015e8</value>
         <object_component_ref idref="oc-1e0"/>
      </symbol>
      <symbol id="sm-71f">
         <name>_errno</name>
         <value>0x102176</value>
         <object_component_ref idref="oc-1a6"/>
      </symbol>
      <symbol id="sm-73a">
         <name>FD$$ADD</name>
         <value>0x10154c</value>
         <object_component_ref idref="oc-1a8"/>
      </symbol>
      <symbol id="sm-750">
         <name>___TI_doflush</name>
         <value>0x10190e</value>
         <object_component_ref idref="oc-1f0"/>
      </symbol>
      <symbol id="sm-751">
         <name>_fflush</name>
         <value>0x10193e</value>
         <object_component_ref idref="oc-1f0"/>
      </symbol>
      <symbol id="sm-762">
         <name>_fseek</name>
         <value>0x101bce</value>
         <object_component_ref idref="oc-1fb"/>
      </symbol>
      <symbol id="sm-76e">
         <name>UL$$MOD</name>
         <value>0x101d18</value>
         <object_component_ref idref="oc-1b7"/>
      </symbol>
      <symbol id="sm-76f">
         <name>L$$MOD</name>
         <value>0x101d03</value>
         <object_component_ref idref="oc-1b7"/>
      </symbol>
      <symbol id="sm-770">
         <name>L$$DIV</name>
         <value>0x101cf4</value>
         <object_component_ref idref="oc-1b7"/>
      </symbol>
      <symbol id="sm-771">
         <name>UL$$DIV</name>
         <value>0x101d11</value>
         <object_component_ref idref="oc-1b7"/>
      </symbol>
      <symbol id="sm-789">
         <name>_setvbuf</name>
         <value>0x101894</value>
         <object_component_ref idref="oc-1fc"/>
      </symbol>
      <symbol id="sm-7bf">
         <name>_fopen</name>
         <value>0x10148d</value>
         <object_component_ref idref="oc-201"/>
      </symbol>
      <symbol id="sm-7c0">
         <name>___TI_cleanup</name>
         <value>0x10141e</value>
         <object_component_ref idref="oc-201"/>
      </symbol>
      <symbol id="sm-7c1">
         <name>_freopen</name>
         <value>0x10143e</value>
         <object_component_ref idref="oc-201"/>
      </symbol>
      <symbol id="sm-80c">
         <name>__sys_memory</name>
         <value>0x3f9000</value>
         <object_component_ref idref="oc-1ca"/>
      </symbol>
      <symbol id="sm-80d">
         <name>_chkheap</name>
         <value>0x101136</value>
         <object_component_ref idref="oc-200"/>
      </symbol>
      <symbol id="sm-80e">
         <name>_realloc</name>
         <value>0x10103d</value>
         <object_component_ref idref="oc-200"/>
      </symbol>
      <symbol id="sm-80f">
         <name>_free_memory</name>
         <value>0x10111b</value>
         <object_component_ref idref="oc-200"/>
      </symbol>
      <symbol id="sm-810">
         <name>_max_free</name>
         <value>0x1010fb</value>
         <object_component_ref idref="oc-200"/>
      </symbol>
      <symbol id="sm-811">
         <name>_free</name>
         <value>0x100f72</value>
         <object_component_ref idref="oc-200"/>
      </symbol>
      <symbol id="sm-812">
         <name>_calloc</name>
         <value>0x101138</value>
         <object_component_ref idref="oc-200"/>
      </symbol>
      <symbol id="sm-813">
         <name>_malloc</name>
         <value>0x100fdd</value>
         <object_component_ref idref="oc-200"/>
      </symbol>
      <symbol id="sm-814">
         <name>_minit</name>
         <value>0x100fba</value>
         <object_component_ref idref="oc-200"/>
      </symbol>
      <symbol id="sm-826">
         <name>___TI_closefile</name>
         <value>0x101a44</value>
         <object_component_ref idref="oc-202"/>
      </symbol>
      <symbol id="sm-827">
         <name>_fclose</name>
         <value>0x101a86</value>
         <object_component_ref idref="oc-202"/>
      </symbol>
      <symbol id="sm-834">
         <name>_remove</name>
         <value>0x101fc1</value>
         <object_component_ref idref="oc-203"/>
      </symbol>
   </symbol_table>
   <title>Link successful</title>
</link_info>
