<?xml version="1.0" encoding="ISO-8859-1" ?>
<link_info>
   <banner>TMS320C2000 Linker Unix v18.1.3.LTS</banner>
   <copyright>Copyright (c) 1996-2017 Texas Instruments Incorporated</copyright>
   <link_time>0x5c173e60</link_time>
   <link_errors>0x0</link_errors>
   <output_file>Q37_WIFI_ADC_F281X_CCS8_2.out</output_file>
   <entry_point>
      <name>_c_int00</name>
      <address>0x101b9a</address>
   </entry_point>
   <input_file_list>
      <input_file id="fl-2">
         <path>./DSP281x_common/source/</path>
         <kind>object</kind>
         <file>DSP281x_Adc.obj</file>
         <name>DSP281x_Adc.obj</name>
      </input_file>
      <input_file id="fl-3">
         <path>./DSP281x_common/source/</path>
         <kind>object</kind>
         <file>DSP281x_CSMPasswords.obj</file>
         <name>DSP281x_CSMPasswords.obj</name>
      </input_file>
      <input_file id="fl-4">
         <path>./DSP281x_common/source/</path>
         <kind>object</kind>
         <file>DSP281x_CodeStartBranch.obj</file>
         <name>DSP281x_CodeStartBranch.obj</name>
      </input_file>
      <input_file id="fl-5">
         <path>./DSP281x_common/source/</path>
         <kind>object</kind>
         <file>DSP281x_CpuTimers.obj</file>
         <name>DSP281x_CpuTimers.obj</name>
      </input_file>
      <input_file id="fl-6">
         <path>./DSP281x_common/source/</path>
         <kind>object</kind>
         <file>DSP281x_DBGIER.obj</file>
         <name>DSP281x_DBGIER.obj</name>
      </input_file>
      <input_file id="fl-7">
         <path>./DSP281x_common/source/</path>
         <kind>object</kind>
         <file>DSP281x_DefaultIsr.obj</file>
         <name>DSP281x_DefaultIsr.obj</name>
      </input_file>
      <input_file id="fl-8">
         <path>./DSP281x_common/source/</path>
         <kind>object</kind>
         <file>DSP281x_ECan.obj</file>
         <name>DSP281x_ECan.obj</name>
      </input_file>
      <input_file id="fl-9">
         <path>./DSP281x_common/source/</path>
         <kind>object</kind>
         <file>DSP281x_Ev.obj</file>
         <name>DSP281x_Ev.obj</name>
      </input_file>
      <input_file id="fl-a">
         <path>./DSP281x_common/source/</path>
         <kind>object</kind>
         <file>DSP281x_Gpio.obj</file>
         <name>DSP281x_Gpio.obj</name>
      </input_file>
      <input_file id="fl-b">
         <path>./DSP281x_common/source/</path>
         <kind>object</kind>
         <file>DSP281x_InitPeripherals.obj</file>
         <name>DSP281x_InitPeripherals.obj</name>
      </input_file>
      <input_file id="fl-c">
         <path>./DSP281x_common/source/</path>
         <kind>object</kind>
         <file>DSP281x_Mcbsp.obj</file>
         <name>DSP281x_Mcbsp.obj</name>
      </input_file>
      <input_file id="fl-d">
         <path>./DSP281x_common/source/</path>
         <kind>object</kind>
         <file>DSP281x_MemCopy.obj</file>
         <name>DSP281x_MemCopy.obj</name>
      </input_file>
      <input_file id="fl-e">
         <path>./DSP281x_common/source/</path>
         <kind>object</kind>
         <file>DSP281x_PieCtrl.obj</file>
         <name>DSP281x_PieCtrl.obj</name>
      </input_file>
      <input_file id="fl-f">
         <path>./DSP281x_common/source/</path>
         <kind>object</kind>
         <file>DSP281x_PieVect.obj</file>
         <name>DSP281x_PieVect.obj</name>
      </input_file>
      <input_file id="fl-10">
         <path>./DSP281x_common/source/</path>
         <kind>object</kind>
         <file>DSP281x_Sci.obj</file>
         <name>DSP281x_Sci.obj</name>
      </input_file>
      <input_file id="fl-11">
         <path>./DSP281x_common/source/</path>
         <kind>object</kind>
         <file>DSP281x_Spi.obj</file>
         <name>DSP281x_Spi.obj</name>
      </input_file>
      <input_file id="fl-12">
         <path>./DSP281x_common/source/</path>
         <kind>object</kind>
         <file>DSP281x_SysCtrl.obj</file>
         <name>DSP281x_SysCtrl.obj</name>
      </input_file>
      <input_file id="fl-13">
         <path>./DSP281x_common/source/</path>
         <kind>object</kind>
         <file>DSP281x_XIntrupt.obj</file>
         <name>DSP281x_XIntrupt.obj</name>
      </input_file>
      <input_file id="fl-14">
         <path>./DSP281x_common/source/</path>
         <kind>object</kind>
         <file>DSP281x_Xintf.obj</file>
         <name>DSP281x_Xintf.obj</name>
      </input_file>
      <input_file id="fl-15">
         <path>./DSP281x_common/source/</path>
         <kind>object</kind>
         <file>DSP281x_XintfBootReset.obj</file>
         <name>DSP281x_XintfBootReset.obj</name>
      </input_file>
      <input_file id="fl-16">
         <path>./DSP281x_common/source/</path>
         <kind>object</kind>
         <file>DSP281x_usDelay.obj</file>
         <name>DSP281x_usDelay.obj</name>
      </input_file>
      <input_file id="fl-17">
         <path>./DSP281x_headers/source/</path>
         <kind>object</kind>
         <file>DSP281x_GlobalVariableDefs.obj</file>
         <name>DSP281x_GlobalVariableDefs.obj</name>
      </input_file>
      <input_file id="fl-18">
         <path>./src/</path>
         <kind>object</kind>
         <file>esp8266.obj</file>
         <name>esp8266.obj</name>
      </input_file>
      <input_file id="fl-19">
         <path>./src/</path>
         <kind>object</kind>
         <file>main.obj</file>
         <name>main.obj</name>
      </input_file>
      <input_file id="fl-1a">
         <path>./src/</path>
         <kind>object</kind>
         <file>sci.obj</file>
         <name>sci.obj</name>
      </input_file>
      <input_file id="fl-1f">
         <kind>object</kind>
         <file>&lt;internal&gt;</file>
         <name>&lt;internal&gt;</name>
      </input_file>
      <input_file id="fl-2b">
         <path>/opt/ti/ccsv8/tools/compiler/ti-cgt-c2000_18.1.3.LTS/lib/</path>
         <kind>archive</kind>
         <file>rts2800_ml.lib</file>
         <name>boot28.asm.obj</name>
      </input_file>
      <input_file id="fl-2c">
         <path>/opt/ti/ccsv8/tools/compiler/ti-cgt-c2000_18.1.3.LTS/lib/</path>
         <kind>archive</kind>
         <file>rts2800_ml.lib</file>
         <name>fs_cmp28.asm.obj</name>
      </input_file>
      <input_file id="fl-2d">
         <path>/opt/ti/ccsv8/tools/compiler/ti-cgt-c2000_18.1.3.LTS/lib/</path>
         <kind>archive</kind>
         <file>rts2800_ml.lib</file>
         <name>fs_mpy28.asm.obj</name>
      </input_file>
      <input_file id="fl-2e">
         <path>/opt/ti/ccsv8/tools/compiler/ti-cgt-c2000_18.1.3.LTS/lib/</path>
         <kind>archive</kind>
         <file>rts2800_ml.lib</file>
         <name>fs_tol28.asm.obj</name>
      </input_file>
      <input_file id="fl-2f">
         <path>/opt/ti/ccsv8/tools/compiler/ti-cgt-c2000_18.1.3.LTS/lib/</path>
         <kind>archive</kind>
         <file>rts2800_ml.lib</file>
         <name>fs_tou28.asm.obj</name>
      </input_file>
      <input_file id="fl-30">
         <path>/opt/ti/ccsv8/tools/compiler/ti-cgt-c2000_18.1.3.LTS/lib/</path>
         <kind>archive</kind>
         <file>rts2800_ml.lib</file>
         <name>u_tofs28.asm.obj</name>
      </input_file>
      <input_file id="fl-31">
         <path>/opt/ti/ccsv8/tools/compiler/ti-cgt-c2000_18.1.3.LTS/lib/</path>
         <kind>archive</kind>
         <file>rts2800_ml.lib</file>
         <name>l_tofs28.asm.obj</name>
      </input_file>
      <input_file id="fl-32">
         <path>/opt/ti/ccsv8/tools/compiler/ti-cgt-c2000_18.1.3.LTS/lib/</path>
         <kind>archive</kind>
         <file>rts2800_ml.lib</file>
         <name>cpy_tbl.c.obj</name>
      </input_file>
      <input_file id="fl-33">
         <path>/opt/ti/ccsv8/tools/compiler/ti-cgt-c2000_18.1.3.LTS/lib/</path>
         <kind>archive</kind>
         <file>rts2800_ml.lib</file>
         <name>memcpy.c.obj</name>
      </input_file>
      <input_file id="fl-34">
         <path>/opt/ti/ccsv8/tools/compiler/ti-cgt-c2000_18.1.3.LTS/lib/</path>
         <kind>archive</kind>
         <file>rts2800_ml.lib</file>
         <name>pre_init.c.obj</name>
      </input_file>
      <input_file id="fl-35">
         <path>/opt/ti/ccsv8/tools/compiler/ti-cgt-c2000_18.1.3.LTS/lib/</path>
         <kind>archive</kind>
         <file>rts2800_ml.lib</file>
         <name>startup.c.obj</name>
      </input_file>
      <input_file id="fl-36">
         <path>/opt/ti/ccsv8/tools/compiler/ti-cgt-c2000_18.1.3.LTS/lib/</path>
         <kind>archive</kind>
         <file>rts2800_ml.lib</file>
         <name>exit.c.obj</name>
      </input_file>
      <input_file id="fl-37">
         <path>/opt/ti/ccsv8/tools/compiler/ti-cgt-c2000_18.1.3.LTS/lib/</path>
         <kind>archive</kind>
         <file>rts2800_ml.lib</file>
         <name>_lock.c.obj</name>
      </input_file>
      <input_file id="fl-38">
         <path>/opt/ti/ccsv8/tools/compiler/ti-cgt-c2000_18.1.3.LTS/lib/</path>
         <kind>archive</kind>
         <file>rts2800_ml.lib</file>
         <name>args_main.c.obj</name>
      </input_file>
      <input_file id="fl-39">
         <path>/opt/ti/ccsv8/tools/compiler/ti-cgt-c2000_18.1.3.LTS/lib/</path>
         <kind>archive</kind>
         <file>rts2800_ml.lib</file>
         <name>memset.c.obj</name>
      </input_file>
      <input_file id="fl-3a">
         <path>/opt/ti/ccsv8/tools/compiler/ti-cgt-c2000_18.1.3.LTS/lib/</path>
         <kind>archive</kind>
         <file>rts2800_ml.lib</file>
         <name>printf.c.obj</name>
      </input_file>
      <input_file id="fl-3b">
         <path>/opt/ti/ccsv8/tools/compiler/ti-cgt-c2000_18.1.3.LTS/lib/</path>
         <kind>archive</kind>
         <file>rts2800_ml.lib</file>
         <name>_printfi.c.obj</name>
      </input_file>
      <input_file id="fl-3c">
         <path>/opt/ti/ccsv8/tools/compiler/ti-cgt-c2000_18.1.3.LTS/lib/</path>
         <kind>archive</kind>
         <file>rts2800_ml.lib</file>
         <name>atoi.c.obj</name>
      </input_file>
      <input_file id="fl-3d">
         <path>/opt/ti/ccsv8/tools/compiler/ti-cgt-c2000_18.1.3.LTS/lib/</path>
         <kind>archive</kind>
         <file>rts2800_ml.lib</file>
         <name>ctype.c.obj</name>
      </input_file>
      <input_file id="fl-3e">
         <path>/opt/ti/ccsv8/tools/compiler/ti-cgt-c2000_18.1.3.LTS/lib/</path>
         <kind>archive</kind>
         <file>rts2800_ml.lib</file>
         <name>defs.c.obj</name>
      </input_file>
      <input_file id="fl-3f">
         <path>/opt/ti/ccsv8/tools/compiler/ti-cgt-c2000_18.1.3.LTS/lib/</path>
         <kind>archive</kind>
         <file>rts2800_ml.lib</file>
         <name>fputc.c.obj</name>
      </input_file>
      <input_file id="fl-40">
         <path>/opt/ti/ccsv8/tools/compiler/ti-cgt-c2000_18.1.3.LTS/lib/</path>
         <kind>archive</kind>
         <file>rts2800_ml.lib</file>
         <name>fputs.c.obj</name>
      </input_file>
      <input_file id="fl-41">
         <path>/opt/ti/ccsv8/tools/compiler/ti-cgt-c2000_18.1.3.LTS/lib/</path>
         <kind>archive</kind>
         <file>rts2800_ml.lib</file>
         <name>ltoa.c.obj</name>
      </input_file>
      <input_file id="fl-42">
         <path>/opt/ti/ccsv8/tools/compiler/ti-cgt-c2000_18.1.3.LTS/lib/</path>
         <kind>archive</kind>
         <file>rts2800_ml.lib</file>
         <name>memccpy.c.obj</name>
      </input_file>
      <input_file id="fl-43">
         <path>/opt/ti/ccsv8/tools/compiler/ti-cgt-c2000_18.1.3.LTS/lib/</path>
         <kind>archive</kind>
         <file>rts2800_ml.lib</file>
         <name>memchr.c.obj</name>
      </input_file>
      <input_file id="fl-44">
         <path>/opt/ti/ccsv8/tools/compiler/ti-cgt-c2000_18.1.3.LTS/lib/</path>
         <kind>archive</kind>
         <file>rts2800_ml.lib</file>
         <name>strchr.c.obj</name>
      </input_file>
      <input_file id="fl-45">
         <path>/opt/ti/ccsv8/tools/compiler/ti-cgt-c2000_18.1.3.LTS/lib/</path>
         <kind>archive</kind>
         <file>rts2800_ml.lib</file>
         <name>strcpy.c.obj</name>
      </input_file>
      <input_file id="fl-46">
         <path>/opt/ti/ccsv8/tools/compiler/ti-cgt-c2000_18.1.3.LTS/lib/</path>
         <kind>archive</kind>
         <file>rts2800_ml.lib</file>
         <name>strlen.c.obj</name>
      </input_file>
      <input_file id="fl-47">
         <path>/opt/ti/ccsv8/tools/compiler/ti-cgt-c2000_18.1.3.LTS/lib/</path>
         <kind>archive</kind>
         <file>rts2800_ml.lib</file>
         <name>write.c.obj</name>
      </input_file>
      <input_file id="fl-48">
         <path>/opt/ti/ccsv8/tools/compiler/ti-cgt-c2000_18.1.3.LTS/lib/</path>
         <kind>archive</kind>
         <file>rts2800_ml.lib</file>
         <name>wcslen.c.obj</name>
      </input_file>
      <input_file id="fl-49">
         <path>/opt/ti/ccsv8/tools/compiler/ti-cgt-c2000_18.1.3.LTS/lib/</path>
         <kind>archive</kind>
         <file>rts2800_ml.lib</file>
         <name>s_frexp.c.obj</name>
      </input_file>
      <input_file id="fl-4a">
         <path>/opt/ti/ccsv8/tools/compiler/ti-cgt-c2000_18.1.3.LTS/lib/</path>
         <kind>archive</kind>
         <file>rts2800_ml.lib</file>
         <name>s_scalbn.c.obj</name>
      </input_file>
      <input_file id="fl-4b">
         <path>/opt/ti/ccsv8/tools/compiler/ti-cgt-c2000_18.1.3.LTS/lib/</path>
         <kind>archive</kind>
         <file>rts2800_ml.lib</file>
         <name>fd_add28.asm.obj</name>
      </input_file>
      <input_file id="fl-4c">
         <path>/opt/ti/ccsv8/tools/compiler/ti-cgt-c2000_18.1.3.LTS/lib/</path>
         <kind>archive</kind>
         <file>rts2800_ml.lib</file>
         <name>fd_cmp28.asm.obj</name>
      </input_file>
      <input_file id="fl-4d">
         <path>/opt/ti/ccsv8/tools/compiler/ti-cgt-c2000_18.1.3.LTS/lib/</path>
         <kind>archive</kind>
         <file>rts2800_ml.lib</file>
         <name>fd_div28.asm.obj</name>
      </input_file>
      <input_file id="fl-4e">
         <path>/opt/ti/ccsv8/tools/compiler/ti-cgt-c2000_18.1.3.LTS/lib/</path>
         <kind>archive</kind>
         <file>rts2800_ml.lib</file>
         <name>fd_mpy28.asm.obj</name>
      </input_file>
      <input_file id="fl-4f">
         <path>/opt/ti/ccsv8/tools/compiler/ti-cgt-c2000_18.1.3.LTS/lib/</path>
         <kind>archive</kind>
         <file>rts2800_ml.lib</file>
         <name>fd_neg28.asm.obj</name>
      </input_file>
      <input_file id="fl-50">
         <path>/opt/ti/ccsv8/tools/compiler/ti-cgt-c2000_18.1.3.LTS/lib/</path>
         <kind>archive</kind>
         <file>rts2800_ml.lib</file>
         <name>fd_sub28.asm.obj</name>
      </input_file>
      <input_file id="fl-51">
         <path>/opt/ti/ccsv8/tools/compiler/ti-cgt-c2000_18.1.3.LTS/lib/</path>
         <kind>archive</kind>
         <file>rts2800_ml.lib</file>
         <name>fd_toi28.asm.obj</name>
      </input_file>
      <input_file id="fl-52">
         <path>/opt/ti/ccsv8/tools/compiler/ti-cgt-c2000_18.1.3.LTS/lib/</path>
         <kind>archive</kind>
         <file>rts2800_ml.lib</file>
         <name>fd_tol28.asm.obj</name>
      </input_file>
      <input_file id="fl-53">
         <path>/opt/ti/ccsv8/tools/compiler/ti-cgt-c2000_18.1.3.LTS/lib/</path>
         <kind>archive</kind>
         <file>rts2800_ml.lib</file>
         <name>ll_aox28.asm.obj</name>
      </input_file>
      <input_file id="fl-54">
         <path>/opt/ti/ccsv8/tools/compiler/ti-cgt-c2000_18.1.3.LTS/lib/</path>
         <kind>archive</kind>
         <file>rts2800_ml.lib</file>
         <name>ll_cmp28.asm.obj</name>
      </input_file>
      <input_file id="fl-55">
         <path>/opt/ti/ccsv8/tools/compiler/ti-cgt-c2000_18.1.3.LTS/lib/</path>
         <kind>archive</kind>
         <file>rts2800_ml.lib</file>
         <name>ll_div28.asm.obj</name>
      </input_file>
      <input_file id="fl-56">
         <path>/opt/ti/ccsv8/tools/compiler/ti-cgt-c2000_18.1.3.LTS/lib/</path>
         <kind>archive</kind>
         <file>rts2800_ml.lib</file>
         <name>i_tofd28.asm.obj</name>
      </input_file>
      <input_file id="fl-57">
         <path>/opt/ti/ccsv8/tools/compiler/ti-cgt-c2000_18.1.3.LTS/lib/</path>
         <kind>archive</kind>
         <file>rts2800_ml.lib</file>
         <name>l_tofd28.asm.obj</name>
      </input_file>
      <input_file id="fl-58">
         <path>/opt/ti/ccsv8/tools/compiler/ti-cgt-c2000_18.1.3.LTS/lib/</path>
         <kind>archive</kind>
         <file>rts2800_ml.lib</file>
         <name>l_div28.asm.obj</name>
      </input_file>
      <input_file id="fl-59">
         <path>/opt/ti/ccsv8/tools/compiler/ti-cgt-c2000_18.1.3.LTS/lib/</path>
         <kind>archive</kind>
         <file>rts2800_ml.lib</file>
         <name>fs_tofd28.asm.obj</name>
      </input_file>
      <input_file id="fl-5a">
         <path>/opt/ti/ccsv8/tools/compiler/ti-cgt-c2000_18.1.3.LTS/lib/</path>
         <kind>archive</kind>
         <file>rts2800_ml.lib</file>
         <name>_io_perm.c.obj</name>
      </input_file>
      <input_file id="fl-5b">
         <path>/opt/ti/ccsv8/tools/compiler/ti-cgt-c2000_18.1.3.LTS/lib/</path>
         <kind>archive</kind>
         <file>rts2800_ml.lib</file>
         <name>fflush.c.obj</name>
      </input_file>
      <input_file id="fl-5c">
         <path>/opt/ti/ccsv8/tools/compiler/ti-cgt-c2000_18.1.3.LTS/lib/</path>
         <kind>archive</kind>
         <file>rts2800_ml.lib</file>
         <name>fseek.c.obj</name>
      </input_file>
      <input_file id="fl-5d">
         <path>/opt/ti/ccsv8/tools/compiler/ti-cgt-c2000_18.1.3.LTS/lib/</path>
         <kind>archive</kind>
         <file>rts2800_ml.lib</file>
         <name>lseek.c.obj</name>
      </input_file>
      <input_file id="fl-5e">
         <path>/opt/ti/ccsv8/tools/compiler/ti-cgt-c2000_18.1.3.LTS/lib/</path>
         <kind>archive</kind>
         <file>rts2800_ml.lib</file>
         <name>setvbuf.c.obj</name>
      </input_file>
      <input_file id="fl-5f">
         <path>/opt/ti/ccsv8/tools/compiler/ti-cgt-c2000_18.1.3.LTS/lib/</path>
         <kind>archive</kind>
         <file>rts2800_ml.lib</file>
         <name>hostclose.c.obj</name>
      </input_file>
      <input_file id="fl-60">
         <path>/opt/ti/ccsv8/tools/compiler/ti-cgt-c2000_18.1.3.LTS/lib/</path>
         <kind>archive</kind>
         <file>rts2800_ml.lib</file>
         <name>hostlseek.c.obj</name>
      </input_file>
      <input_file id="fl-61">
         <path>/opt/ti/ccsv8/tools/compiler/ti-cgt-c2000_18.1.3.LTS/lib/</path>
         <kind>archive</kind>
         <file>rts2800_ml.lib</file>
         <name>hostopen.c.obj</name>
      </input_file>
      <input_file id="fl-62">
         <path>/opt/ti/ccsv8/tools/compiler/ti-cgt-c2000_18.1.3.LTS/lib/</path>
         <kind>archive</kind>
         <file>rts2800_ml.lib</file>
         <name>hostread.c.obj</name>
      </input_file>
      <input_file id="fl-63">
         <path>/opt/ti/ccsv8/tools/compiler/ti-cgt-c2000_18.1.3.LTS/lib/</path>
         <kind>archive</kind>
         <file>rts2800_ml.lib</file>
         <name>hostrename.c.obj</name>
      </input_file>
      <input_file id="fl-64">
         <path>/opt/ti/ccsv8/tools/compiler/ti-cgt-c2000_18.1.3.LTS/lib/</path>
         <kind>archive</kind>
         <file>rts2800_ml.lib</file>
         <name>hostunlink.c.obj</name>
      </input_file>
      <input_file id="fl-65">
         <path>/opt/ti/ccsv8/tools/compiler/ti-cgt-c2000_18.1.3.LTS/lib/</path>
         <kind>archive</kind>
         <file>rts2800_ml.lib</file>
         <name>hostwrite.c.obj</name>
      </input_file>
      <input_file id="fl-66">
         <path>/opt/ti/ccsv8/tools/compiler/ti-cgt-c2000_18.1.3.LTS/lib/</path>
         <kind>archive</kind>
         <file>rts2800_ml.lib</file>
         <name>trgmsg.c.obj</name>
      </input_file>
      <input_file id="fl-67">
         <path>/opt/ti/ccsv8/tools/compiler/ti-cgt-c2000_18.1.3.LTS/lib/</path>
         <kind>archive</kind>
         <file>rts2800_ml.lib</file>
         <name>errno.c.obj</name>
      </input_file>
      <input_file id="fl-68">
         <path>/opt/ti/ccsv8/tools/compiler/ti-cgt-c2000_18.1.3.LTS/lib/</path>
         <kind>archive</kind>
         <file>rts2800_ml.lib</file>
         <name>s_copysign.c.obj</name>
      </input_file>
      <input_file id="fl-69">
         <path>/opt/ti/ccsv8/tools/compiler/ti-cgt-c2000_18.1.3.LTS/lib/</path>
         <kind>archive</kind>
         <file>rts2800_ml.lib</file>
         <name>memory.c.obj</name>
      </input_file>
      <input_file id="fl-6a">
         <path>/opt/ti/ccsv8/tools/compiler/ti-cgt-c2000_18.1.3.LTS/lib/</path>
         <kind>archive</kind>
         <file>rts2800_ml.lib</file>
         <name>fopen.c.obj</name>
      </input_file>
      <input_file id="fl-6b">
         <path>/opt/ti/ccsv8/tools/compiler/ti-cgt-c2000_18.1.3.LTS/lib/</path>
         <kind>archive</kind>
         <file>rts2800_ml.lib</file>
         <name>open.c.obj</name>
      </input_file>
      <input_file id="fl-6c">
         <path>/opt/ti/ccsv8/tools/compiler/ti-cgt-c2000_18.1.3.LTS/lib/</path>
         <kind>archive</kind>
         <file>rts2800_ml.lib</file>
         <name>fclose.c.obj</name>
      </input_file>
      <input_file id="fl-6d">
         <path>/opt/ti/ccsv8/tools/compiler/ti-cgt-c2000_18.1.3.LTS/lib/</path>
         <kind>archive</kind>
         <file>rts2800_ml.lib</file>
         <name>getdevice.c.obj</name>
      </input_file>
      <input_file id="fl-6e">
         <path>/opt/ti/ccsv8/tools/compiler/ti-cgt-c2000_18.1.3.LTS/lib/</path>
         <kind>archive</kind>
         <file>rts2800_ml.lib</file>
         <name>remove.c.obj</name>
      </input_file>
      <input_file id="fl-6f">
         <path>/opt/ti/ccsv8/tools/compiler/ti-cgt-c2000_18.1.3.LTS/lib/</path>
         <kind>archive</kind>
         <file>rts2800_ml.lib</file>
         <name>strcmp.c.obj</name>
      </input_file>
      <input_file id="fl-70">
         <path>/opt/ti/ccsv8/tools/compiler/ti-cgt-c2000_18.1.3.LTS/lib/</path>
         <kind>archive</kind>
         <file>rts2800_ml.lib</file>
         <name>strncpy.c.obj</name>
      </input_file>
      <input_file id="fl-71">
         <path>/opt/ti/ccsv8/tools/compiler/ti-cgt-c2000_18.1.3.LTS/lib/</path>
         <kind>archive</kind>
         <file>rts2800_ml.lib</file>
         <name>unlink.c.obj</name>
      </input_file>
      <input_file id="fl-72">
         <path>/opt/ti/ccsv8/tools/compiler/ti-cgt-c2000_18.1.3.LTS/lib/</path>
         <kind>archive</kind>
         <file>rts2800_ml.lib</file>
         <name>close.c.obj</name>
      </input_file>
   </input_file_list>
   <object_component_list>
      <object_component id="oc-ac">
         <name>PieVectTableFile</name>
         <uninitialized>true</uninitialized>
         <run_address>0xd00</run_address>
         <size>0x100</size>
         <input_file_ref idref="fl-17"/>
      </object_component>
      <object_component id="oc-ab">
         <name>DevEmuRegsFile</name>
         <uninitialized>true</uninitialized>
         <run_address>0x880</run_address>
         <size>0xd0</size>
         <input_file_ref idref="fl-17"/>
      </object_component>
      <object_component id="oc-95">
         <name>FlashRegsFile</name>
         <uninitialized>true</uninitialized>
         <run_address>0xa80</run_address>
         <size>0x8</size>
         <input_file_ref idref="fl-17"/>
      </object_component>
      <object_component id="oc-9c">
         <name>CsmRegsFile</name>
         <uninitialized>true</uninitialized>
         <run_address>0xae0</run_address>
         <size>0x10</size>
         <input_file_ref idref="fl-17"/>
      </object_component>
      <object_component id="oc-a0">
         <name>XintfRegsFile</name>
         <uninitialized>true</uninitialized>
         <run_address>0xb20</run_address>
         <size>0x20</size>
         <input_file_ref idref="fl-17"/>
      </object_component>
      <object_component id="oc-96">
         <name>CpuTimer0RegsFile</name>
         <uninitialized>true</uninitialized>
         <run_address>0xc00</run_address>
         <size>0x8</size>
         <input_file_ref idref="fl-17"/>
      </object_component>
      <object_component id="oc-97">
         <name>CpuTimer1RegsFile</name>
         <uninitialized>true</uninitialized>
         <run_address>0xc08</run_address>
         <size>0x8</size>
         <input_file_ref idref="fl-17"/>
      </object_component>
      <object_component id="oc-94">
         <name>CpuTimer2RegsFile</name>
         <uninitialized>true</uninitialized>
         <run_address>0xc10</run_address>
         <size>0x8</size>
         <input_file_ref idref="fl-17"/>
      </object_component>
      <object_component id="oc-9f">
         <name>PieCtrlRegsFile</name>
         <uninitialized>true</uninitialized>
         <run_address>0xce0</run_address>
         <size>0x1a</size>
         <input_file_ref idref="fl-17"/>
      </object_component>
      <object_component id="oc-a7">
         <name>ECanaRegsFile</name>
         <uninitialized>true</uninitialized>
         <run_address>0x6000</run_address>
         <size>0x34</size>
         <input_file_ref idref="fl-17"/>
      </object_component>
      <object_component id="oc-a9">
         <name>ECanaLAMRegsFile</name>
         <uninitialized>true</uninitialized>
         <run_address>0x6040</run_address>
         <size>0x40</size>
         <input_file_ref idref="fl-17"/>
      </object_component>
      <object_component id="oc-ad">
         <name>ECanaMboxesFile</name>
         <uninitialized>true</uninitialized>
         <run_address>0x6100</run_address>
         <size>0x100</size>
         <input_file_ref idref="fl-17"/>
      </object_component>
      <object_component id="oc-a8">
         <name>ECanaMOTSRegsFile</name>
         <uninitialized>true</uninitialized>
         <run_address>0x6080</run_address>
         <size>0x40</size>
         <input_file_ref idref="fl-17"/>
      </object_component>
      <object_component id="oc-aa">
         <name>ECanaMOTORegsFile</name>
         <uninitialized>true</uninitialized>
         <run_address>0x60c0</run_address>
         <size>0x40</size>
         <input_file_ref idref="fl-17"/>
      </object_component>
      <object_component id="oc-a1">
         <name>SysCtrlRegsFile</name>
         <uninitialized>true</uninitialized>
         <run_address>0x7010</run_address>
         <size>0x20</size>
         <input_file_ref idref="fl-17"/>
      </object_component>
      <object_component id="oc-9a">
         <name>SpiaRegsFile</name>
         <uninitialized>true</uninitialized>
         <run_address>0x7040</run_address>
         <size>0x10</size>
         <input_file_ref idref="fl-17"/>
      </object_component>
      <object_component id="oc-9b">
         <name>SciaRegsFile</name>
         <uninitialized>true</uninitialized>
         <run_address>0x7050</run_address>
         <size>0x10</size>
         <input_file_ref idref="fl-17"/>
      </object_component>
      <object_component id="oc-9d">
         <name>XIntruptRegsFile</name>
         <uninitialized>true</uninitialized>
         <run_address>0x7070</run_address>
         <size>0x10</size>
         <input_file_ref idref="fl-17"/>
      </object_component>
      <object_component id="oc-a2">
         <name>GpioMuxRegsFile</name>
         <uninitialized>true</uninitialized>
         <run_address>0x70c0</run_address>
         <size>0x20</size>
         <input_file_ref idref="fl-17"/>
      </object_component>
      <object_component id="oc-a3">
         <name>GpioDataRegsFile</name>
         <uninitialized>true</uninitialized>
         <run_address>0x70e0</run_address>
         <size>0x20</size>
         <input_file_ref idref="fl-17"/>
      </object_component>
      <object_component id="oc-9e">
         <name>AdcRegsFile</name>
         <uninitialized>true</uninitialized>
         <run_address>0x7100</run_address>
         <size>0x1a</size>
         <input_file_ref idref="fl-17"/>
      </object_component>
      <object_component id="oc-a5">
         <name>EvaRegsFile</name>
         <uninitialized>true</uninitialized>
         <run_address>0x7400</run_address>
         <size>0x32</size>
         <input_file_ref idref="fl-17"/>
      </object_component>
      <object_component id="oc-a6">
         <name>EvbRegsFile</name>
         <uninitialized>true</uninitialized>
         <run_address>0x7500</run_address>
         <size>0x32</size>
         <input_file_ref idref="fl-17"/>
      </object_component>
      <object_component id="oc-99">
         <name>ScibRegsFile</name>
         <uninitialized>true</uninitialized>
         <run_address>0x7750</run_address>
         <size>0x10</size>
         <input_file_ref idref="fl-17"/>
      </object_component>
      <object_component id="oc-a4">
         <name>McbspaRegsFile</name>
         <uninitialized>true</uninitialized>
         <run_address>0x7800</run_address>
         <size>0x25</size>
         <input_file_ref idref="fl-17"/>
      </object_component>
      <object_component id="oc-98">
         <name>CsmPwlFile</name>
         <uninitialized>true</uninitialized>
         <run_address>0x3f7ff8</run_address>
         <size>0x8</size>
         <input_file_ref idref="fl-17"/>
      </object_component>
      <object_component id="oc-31">
         <name>codestart</name>
         <load_address>0x3f8000</load_address>
         <run_address>0x3f8000</run_address>
         <size>0x2</size>
         <input_file_ref idref="fl-4"/>
      </object_component>
      <object_component id="oc-8e">
         <name>ramfuncs</name>
         <load_address>0x3f80c4</load_address>
         <run_address>0x3f80c4</run_address>
         <size>0x4</size>
         <input_file_ref idref="fl-16"/>
      </object_component>
      <object_component id="oc-25f">
         <name>.text</name>
         <load_address>0x100000</load_address>
         <run_address>0x100000</run_address>
         <size>0xc8e</size>
         <input_file_ref idref="fl-3b"/>
      </object_component>
      <object_component id="oc-270">
         <name>.text</name>
         <load_address>0x100c8e</load_address>
         <run_address>0x100c8e</run_address>
         <size>0x1cd</size>
         <input_file_ref idref="fl-69"/>
      </object_component>
      <object_component id="oc-42">
         <name>.text:retain</name>
         <load_address>0x100e5b</load_address>
         <run_address>0x100e5b</run_address>
         <size>0x14f</size>
         <input_file_ref idref="fl-7"/>
      </object_component>
      <object_component id="oc-256">
         <name>.text</name>
         <load_address>0x100faa</load_address>
         <run_address>0x100faa</run_address>
         <size>0x12b</size>
         <input_file_ref idref="fl-18"/>
      </object_component>
      <object_component id="oc-19d">
         <name>.text</name>
         <load_address>0x1010d5</load_address>
         <run_address>0x1010d5</run_address>
         <size>0x107</size>
         <input_file_ref idref="fl-55"/>
      </object_component>
      <object_component id="oc-271">
         <name>.text</name>
         <load_address>0x1011dc</load_address>
         <run_address>0x1011dc</run_address>
         <size>0xf9</size>
         <input_file_ref idref="fl-6a"/>
      </object_component>
      <object_component id="oc-248">
         <name>.text</name>
         <load_address>0x1012d5</load_address>
         <run_address>0x1012d5</run_address>
         <size>0xe0</size>
         <input_file_ref idref="fl-19"/>
      </object_component>
      <object_component id="oc-267">
         <name>.text</name>
         <load_address>0x1013b5</load_address>
         <run_address>0x1013b5</run_address>
         <size>0xac</size>
         <input_file_ref idref="fl-4a"/>
      </object_component>
      <object_component id="oc-254">
         <name>.text</name>
         <load_address>0x101461</load_address>
         <run_address>0x101461</run_address>
         <size>0xab</size>
         <input_file_ref idref="fl-1a"/>
      </object_component>
      <object_component id="oc-25e">
         <name>.text</name>
         <load_address>0x10150c</load_address>
         <run_address>0x10150c</run_address>
         <size>0xa3</size>
         <input_file_ref idref="fl-40"/>
      </object_component>
      <object_component id="oc-16b">
         <name>.text</name>
         <load_address>0x1015af</load_address>
         <run_address>0x1015af</run_address>
         <size>0x9c</size>
         <input_file_ref idref="fl-4b"/>
      </object_component>
      <object_component id="oc-24c">
         <name>.text</name>
         <load_address>0x10164b</load_address>
         <run_address>0x10164b</run_address>
         <size>0x94</size>
         <input_file_ref idref="fl-66"/>
      </object_component>
      <object_component id="oc-175">
         <name>.text</name>
         <load_address>0x1016df</load_address>
         <run_address>0x1016df</run_address>
         <size>0x8b</size>
         <input_file_ref idref="fl-4d"/>
      </object_component>
      <object_component id="oc-250">
         <name>.text</name>
         <load_address>0x10176a</load_address>
         <run_address>0x10176a</run_address>
         <size>0x86</size>
         <input_file_ref idref="fl-12"/>
      </object_component>
      <object_component id="oc-17a">
         <name>.text</name>
         <load_address>0x1017f0</load_address>
         <run_address>0x1017f0</run_address>
         <size>0x83</size>
         <input_file_ref idref="fl-4e"/>
      </object_component>
      <object_component id="oc-26c">
         <name>.text</name>
         <load_address>0x101873</load_address>
         <run_address>0x101873</run_address>
         <size>0x79</size>
         <input_file_ref idref="fl-5e"/>
      </object_component>
      <object_component id="oc-272">
         <name>.text</name>
         <load_address>0x1018ec</load_address>
         <run_address>0x1018ec</run_address>
         <size>0x6f</size>
         <input_file_ref idref="fl-6b"/>
      </object_component>
      <object_component id="oc-261">
         <name>.text</name>
         <load_address>0x10195b</load_address>
         <run_address>0x10195b</run_address>
         <size>0x6b</size>
         <input_file_ref idref="fl-5b"/>
      </object_component>
      <object_component id="oc-260">
         <name>.text</name>
         <load_address>0x1019c6</load_address>
         <run_address>0x1019c6</run_address>
         <size>0x67</size>
         <input_file_ref idref="fl-5a"/>
      </object_component>
      <object_component id="oc-244">
         <name>.text</name>
         <load_address>0x101a2d</load_address>
         <run_address>0x101a2d</run_address>
         <size>0x5c</size>
         <input_file_ref idref="fl-60"/>
      </object_component>
      <object_component id="oc-266">
         <name>.text</name>
         <load_address>0x101a89</load_address>
         <run_address>0x101a89</run_address>
         <size>0x5c</size>
         <input_file_ref idref="fl-49"/>
      </object_component>
      <object_component id="oc-273">
         <name>.text</name>
         <load_address>0x101ae5</load_address>
         <run_address>0x101ae5</run_address>
         <size>0x5b</size>
         <input_file_ref idref="fl-6c"/>
      </object_component>
      <object_component id="oc-d0">
         <name>.text</name>
         <load_address>0x101b40</load_address>
         <run_address>0x101b40</run_address>
         <size>0x5a</size>
         <input_file_ref idref="fl-2d"/>
      </object_component>
      <object_component id="oc-28">
         <name>.text</name>
         <load_address>0x101b9a</load_address>
         <run_address>0x101b9a</run_address>
         <size>0x54</size>
         <input_file_ref idref="fl-2b"/>
      </object_component>
      <object_component id="oc-274">
         <name>.text</name>
         <load_address>0x101bee</load_address>
         <run_address>0x101bee</run_address>
         <size>0x50</size>
         <input_file_ref idref="fl-6d"/>
      </object_component>
      <object_component id="oc-25d">
         <name>.text</name>
         <load_address>0x101c3e</load_address>
         <run_address>0x101c3e</run_address>
         <size>0x4f</size>
         <input_file_ref idref="fl-3f"/>
      </object_component>
      <object_component id="oc-246">
         <name>.text</name>
         <load_address>0x101c8d</load_address>
         <run_address>0x101c8d</run_address>
         <size>0x3f</size>
         <input_file_ref idref="fl-63"/>
      </object_component>
      <object_component id="oc-26b">
         <name>.text</name>
         <load_address>0x101ccc</load_address>
         <run_address>0x101ccc</run_address>
         <size>0x3d</size>
         <input_file_ref idref="fl-5c"/>
      </object_component>
      <object_component id="oc-240">
         <name>.text</name>
         <load_address>0x101d09</load_address>
         <run_address>0x101d09</run_address>
         <size>0x39</size>
         <input_file_ref idref="fl-61"/>
      </object_component>
      <object_component id="oc-242">
         <name>.text</name>
         <load_address>0x101d42</load_address>
         <run_address>0x101d42</run_address>
         <size>0x38</size>
         <input_file_ref idref="fl-62"/>
      </object_component>
      <object_component id="oc-243">
         <name>.text</name>
         <load_address>0x101d7a</load_address>
         <run_address>0x101d7a</run_address>
         <size>0x38</size>
         <input_file_ref idref="fl-65"/>
      </object_component>
      <object_component id="oc-25c">
         <name>.text</name>
         <load_address>0x101db2</load_address>
         <run_address>0x101db2</run_address>
         <size>0x34</size>
         <input_file_ref idref="fl-3a"/>
      </object_component>
      <object_component id="oc-c0">
         <name>.text:retain</name>
         <load_address>0x101de6</load_address>
         <run_address>0x101de6</run_address>
         <size>0x33</size>
         <input_file_ref idref="fl-1a"/>
      </object_component>
      <object_component id="oc-275">
         <name>.text</name>
         <load_address>0x101e19</load_address>
         <run_address>0x101e19</run_address>
         <size>0x33</size>
         <input_file_ref idref="fl-72"/>
      </object_component>
      <object_component id="oc-264">
         <name>.text</name>
         <load_address>0x101e4c</load_address>
         <run_address>0x101e4c</run_address>
         <size>0x31</size>
         <input_file_ref idref="fl-3c"/>
      </object_component>
      <object_component id="oc-265">
         <name>.text</name>
         <load_address>0x101e7d</load_address>
         <run_address>0x101e7d</run_address>
         <size>0x2e</size>
         <input_file_ref idref="fl-41"/>
      </object_component>
      <object_component id="oc-170">
         <name>.text</name>
         <load_address>0x101eab</load_address>
         <run_address>0x101eab</run_address>
         <size>0x2a</size>
         <input_file_ref idref="fl-4c"/>
      </object_component>
      <object_component id="oc-1ac">
         <name>.text</name>
         <load_address>0x101ed5</load_address>
         <run_address>0x101ed5</run_address>
         <size>0x2a</size>
         <input_file_ref idref="fl-58"/>
      </object_component>
      <object_component id="oc-23f">
         <name>.text</name>
         <load_address>0x101eff</load_address>
         <run_address>0x101eff</run_address>
         <size>0x29</size>
         <input_file_ref idref="fl-36"/>
      </object_component>
      <object_component id="oc-d5">
         <name>.text</name>
         <load_address>0x101f28</load_address>
         <run_address>0x101f28</run_address>
         <size>0x29</size>
         <input_file_ref idref="fl-2e"/>
      </object_component>
      <object_component id="oc-252">
         <name>.text</name>
         <load_address>0x101f51</load_address>
         <run_address>0x101f51</run_address>
         <size>0x28</size>
         <input_file_ref idref="fl-e"/>
      </object_component>
      <object_component id="oc-241">
         <name>.text</name>
         <load_address>0x101f79</load_address>
         <run_address>0x101f79</run_address>
         <size>0x27</size>
         <input_file_ref idref="fl-5f"/>
      </object_component>
      <object_component id="oc-245">
         <name>.text</name>
         <load_address>0x101fa0</load_address>
         <run_address>0x101fa0</run_address>
         <size>0x25</size>
         <input_file_ref idref="fl-64"/>
      </object_component>
      <object_component id="oc-23c">
         <name>.text</name>
         <load_address>0x101fc5</load_address>
         <run_address>0x101fc5</run_address>
         <size>0x24</size>
         <input_file_ref idref="fl-32"/>
      </object_component>
      <object_component id="oc-26e">
         <name>.text</name>
         <load_address>0x101fe9</load_address>
         <run_address>0x101fe9</run_address>
         <size>0x23</size>
         <input_file_ref idref="fl-68"/>
      </object_component>
      <object_component id="oc-278">
         <name>.text</name>
         <load_address>0x10200c</load_address>
         <run_address>0x10200c</run_address>
         <size>0x22</size>
         <input_file_ref idref="fl-70"/>
      </object_component>
      <object_component id="oc-189">
         <name>.text</name>
         <load_address>0x10202e</load_address>
         <run_address>0x10202e</run_address>
         <size>0x21</size>
         <input_file_ref idref="fl-51"/>
      </object_component>
      <object_component id="oc-253">
         <name>.text</name>
         <load_address>0x10204f</load_address>
         <run_address>0x10204f</run_address>
         <size>0x20</size>
         <input_file_ref idref="fl-f"/>
      </object_component>
      <object_component id="oc-18e">
         <name>.text</name>
         <load_address>0x10206f</load_address>
         <run_address>0x10206f</run_address>
         <size>0x1f</size>
         <input_file_ref idref="fl-52"/>
      </object_component>
      <object_component id="oc-198">
         <name>.text</name>
         <load_address>0x10208e</load_address>
         <run_address>0x10208e</run_address>
         <size>0x1e</size>
         <input_file_ref idref="fl-54"/>
      </object_component>
      <object_component id="oc-da">
         <name>.text</name>
         <load_address>0x1020ac</load_address>
         <run_address>0x1020ac</run_address>
         <size>0x1d</size>
         <input_file_ref idref="fl-2f"/>
      </object_component>
      <object_component id="oc-1a2">
         <name>.text</name>
         <load_address>0x1020c9</load_address>
         <run_address>0x1020c9</run_address>
         <size>0x1d</size>
         <input_file_ref idref="fl-56"/>
      </object_component>
      <object_component id="oc-247">
         <name>.text</name>
         <load_address>0x1020e6</load_address>
         <run_address>0x1020e6</run_address>
         <size>0x1d</size>
         <input_file_ref idref="fl-33"/>
      </object_component>
      <object_component id="oc-1b1">
         <name>.text</name>
         <load_address>0x102103</load_address>
         <run_address>0x102103</run_address>
         <size>0x1c</size>
         <input_file_ref idref="fl-59"/>
      </object_component>
      <object_component id="oc-1a7">
         <name>.text</name>
         <load_address>0x10211f</load_address>
         <run_address>0x10211f</run_address>
         <size>0x1c</size>
         <input_file_ref idref="fl-57"/>
      </object_component>
      <object_component id="oc-e4">
         <name>.text</name>
         <load_address>0x10213b</load_address>
         <run_address>0x10213b</run_address>
         <size>0x1a</size>
         <input_file_ref idref="fl-31"/>
      </object_component>
      <object_component id="oc-23e">
         <name>.text</name>
         <load_address>0x102155</load_address>
         <run_address>0x102155</run_address>
         <size>0x19</size>
         <input_file_ref idref="fl-38"/>
      </object_component>
      <object_component id="oc-279">
         <name>.text</name>
         <load_address>0x10216e</load_address>
         <run_address>0x10216e</run_address>
         <size>0x19</size>
         <input_file_ref idref="fl-71"/>
      </object_component>
      <object_component id="oc-193">
         <name>.text</name>
         <load_address>0x102187</load_address>
         <run_address>0x102187</run_address>
         <size>0x18</size>
         <input_file_ref idref="fl-53"/>
      </object_component>
      <object_component id="oc-26f">
         <name>.text</name>
         <load_address>0x10219f</load_address>
         <run_address>0x10219f</run_address>
         <size>0x18</size>
         <input_file_ref idref="fl-5d"/>
      </object_component>
      <object_component id="oc-262">
         <name>.text</name>
         <load_address>0x1021b7</load_address>
         <run_address>0x1021b7</run_address>
         <size>0x18</size>
         <input_file_ref idref="fl-47"/>
      </object_component>
      <object_component id="oc-cb">
         <name>.text</name>
         <load_address>0x1021cf</load_address>
         <run_address>0x1021cf</run_address>
         <size>0x17</size>
         <input_file_ref idref="fl-2c"/>
      </object_component>
      <object_component id="oc-255">
         <name>.text</name>
         <load_address>0x1021e6</load_address>
         <run_address>0x1021e6</run_address>
         <size>0x13</size>
         <input_file_ref idref="fl-2"/>
      </object_component>
      <object_component id="oc-263">
         <name>.text</name>
         <load_address>0x1021f9</load_address>
         <run_address>0x1021f9</run_address>
         <size>0x10</size>
         <input_file_ref idref="fl-43"/>
      </object_component>
      <object_component id="oc-df">
         <name>.text</name>
         <load_address>0x102209</load_address>
         <run_address>0x102209</run_address>
         <size>0x10</size>
         <input_file_ref idref="fl-30"/>
      </object_component>
      <object_component id="oc-184">
         <name>.text</name>
         <load_address>0x102219</load_address>
         <run_address>0x102219</run_address>
         <size>0xe</size>
         <input_file_ref idref="fl-50"/>
      </object_component>
      <object_component id="oc-251">
         <name>.text</name>
         <load_address>0x102227</load_address>
         <run_address>0x102227</run_address>
         <size>0xd</size>
         <input_file_ref idref="fl-a"/>
      </object_component>
      <object_component id="oc-269">
         <name>.text</name>
         <load_address>0x102234</load_address>
         <run_address>0x102234</run_address>
         <size>0xd</size>
         <input_file_ref idref="fl-42"/>
      </object_component>
      <object_component id="oc-259">
         <name>.text</name>
         <load_address>0x102241</load_address>
         <run_address>0x102241</run_address>
         <size>0xc</size>
         <input_file_ref idref="fl-39"/>
      </object_component>
      <object_component id="oc-268">
         <name>.text</name>
         <load_address>0x10224d</load_address>
         <run_address>0x10224d</run_address>
         <size>0xb</size>
         <input_file_ref idref="fl-44"/>
      </object_component>
      <object_component id="oc-277">
         <name>.text</name>
         <load_address>0x102258</load_address>
         <run_address>0x102258</run_address>
         <size>0xa</size>
         <input_file_ref idref="fl-6f"/>
      </object_component>
      <object_component id="oc-257">
         <name>.text</name>
         <load_address>0x102262</load_address>
         <run_address>0x102262</run_address>
         <size>0x9</size>
         <input_file_ref idref="fl-37"/>
      </object_component>
      <object_component id="oc-17f">
         <name>.text</name>
         <load_address>0x10226b</load_address>
         <run_address>0x10226b</run_address>
         <size>0x9</size>
         <input_file_ref idref="fl-4f"/>
      </object_component>
      <object_component id="oc-30">
         <name>.text</name>
         <load_address>0x102274</load_address>
         <run_address>0x102274</run_address>
         <size>0x8</size>
         <input_file_ref idref="fl-4"/>
      </object_component>
      <object_component id="oc-88">
         <name>.text</name>
         <load_address>0x10227c</load_address>
         <run_address>0x10227c</run_address>
         <size>0x8</size>
         <input_file_ref idref="fl-15"/>
      </object_component>
      <object_component id="oc-24b">
         <name>.text</name>
         <load_address>0x102284</load_address>
         <run_address>0x102284</run_address>
         <size>0x8</size>
         <input_file_ref idref="fl-46"/>
      </object_component>
      <object_component id="oc-26a">
         <name>.text</name>
         <load_address>0x10228c</load_address>
         <run_address>0x10228c</run_address>
         <size>0x8</size>
         <input_file_ref idref="fl-48"/>
      </object_component>
      <object_component id="oc-24f">
         <name>.text</name>
         <load_address>0x102294</load_address>
         <run_address>0x102294</run_address>
         <size>0x5</size>
         <input_file_ref idref="fl-45"/>
      </object_component>
      <object_component id="oc-3c">
         <name>.text</name>
         <load_address>0x102299</load_address>
         <run_address>0x102299</run_address>
         <size>0x3</size>
         <input_file_ref idref="fl-6"/>
      </object_component>
      <object_component id="oc-276">
         <name>.text</name>
         <load_address>0x10229c</load_address>
         <run_address>0x10229c</run_address>
         <size>0x3</size>
         <input_file_ref idref="fl-6e"/>
      </object_component>
      <object_component id="oc-23b">
         <name>.text</name>
         <load_address>0x10229f</load_address>
         <run_address>0x10229f</run_address>
         <size>0x2</size>
         <input_file_ref idref="fl-34"/>
      </object_component>
      <object_component id="oc-23d">
         <name>.text</name>
         <load_address>0x1022a1</load_address>
         <run_address>0x1022a1</run_address>
         <size>0x1</size>
         <input_file_ref idref="fl-35"/>
      </object_component>
      <object_component id="oc-b0">
         <name>.cinit</name>
         <load_address>0x3f8002</load_address>
         <run_address>0x3f8002</run_address>
         <size>0x30</size>
         <input_file_ref idref="fl-18"/>
      </object_component>
      <object_component id="oc-127">
         <name>.cinit</name>
         <load_address>0x3f8032</load_address>
         <run_address>0x3f8032</run_address>
         <size>0x2a</size>
         <input_file_ref idref="fl-3e"/>
      </object_component>
      <object_component id="oc-154">
         <name>.cinit</name>
         <load_address>0x3f805c</load_address>
         <run_address>0x3f805c</run_address>
         <size>0x29</size>
         <input_file_ref idref="fl-47"/>
      </object_component>
      <object_component id="oc-be">
         <name>.cinit</name>
         <load_address>0x3f8085</load_address>
         <run_address>0x3f8085</run_address>
         <size>0x15</size>
         <input_file_ref idref="fl-1a"/>
      </object_component>
      <object_component id="oc-fe">
         <name>.cinit</name>
         <load_address>0x3f809a</load_address>
         <run_address>0x3f809a</run_address>
         <size>0xe</size>
         <input_file_ref idref="fl-36"/>
      </object_component>
      <object_component id="oc-24a">
         <name>.cinit:__lock</name>
         <load_address>0x3f80a8</load_address>
         <run_address>0x3f80a8</run_address>
         <size>0x5</size>
         <input_file_ref idref="fl-37"/>
      </object_component>
      <object_component id="oc-24e">
         <name>.cinit:__unlock</name>
         <load_address>0x3f80ad</load_address>
         <run_address>0x3f80ad</run_address>
         <size>0x5</size>
         <input_file_ref idref="fl-37"/>
      </object_component>
      <object_component id="oc-1fa">
         <name>.cinit</name>
         <load_address>0x3f80b2</load_address>
         <run_address>0x3f80b2</run_address>
         <size>0x4</size>
         <input_file_ref idref="fl-67"/>
      </object_component>
      <object_component id="oc-20b">
         <name>.cinit</name>
         <load_address>0x3f80b6</load_address>
         <run_address>0x3f80b6</run_address>
         <size>0x4</size>
         <input_file_ref idref="fl-6a"/>
      </object_component>
      <object_component id="oc-203">
         <name>.cinit</name>
         <load_address>0x3f80ba</load_address>
         <run_address>0x3f80ba</run_address>
         <size>0x4</size>
         <input_file_ref idref="fl-69"/>
      </object_component>
      <object_component id="oc-212">
         <name>.cinit</name>
         <load_address>0x3f80be</load_address>
         <run_address>0x3f80be</run_address>
         <size>0x4</size>
         <input_file_ref idref="fl-6b"/>
      </object_component>
      <object_component id="oc-c6">
         <name>.reset</name>
         <load_address>0x3fffc0</load_address>
         <run_address>0x3fffc0</run_address>
         <size>0x2</size>
         <input_file_ref idref="fl-2b"/>
      </object_component>
      <object_component id="oc-c5">
         <name>.stack</name>
         <uninitialized>true</uninitialized>
         <run_address>0x400</run_address>
         <size>0x0</size>
         <input_file_ref idref="fl-2b"/>
      </object_component>
      <object_component id="oc-2b3">
         <name>.stack</name>
         <uninitialized>true</uninitialized>
         <run_address>0x400</run_address>
         <size>0x0</size>
      </object_component>
      <object_component id="oc-37">
         <name>.ebss</name>
         <uninitialized>true</uninitialized>
         <run_address>0x1022a2</run_address>
         <size>0x18</size>
         <input_file_ref idref="fl-5"/>
      </object_component>
      <object_component id="oc-b1">
         <name>.ebss</name>
         <uninitialized>true</uninitialized>
         <run_address>0x102680</run_address>
         <size>0x72</size>
         <input_file_ref idref="fl-18"/>
      </object_component>
      <object_component id="oc-b8">
         <name>.ebss</name>
         <uninitialized>true</uninitialized>
         <run_address>0x102648</run_address>
         <size>0x22</size>
         <input_file_ref idref="fl-19"/>
      </object_component>
      <object_component id="oc-bf">
         <name>.ebss</name>
         <uninitialized>true</uninitialized>
         <run_address>0x1022c0</run_address>
         <size>0x180</size>
         <input_file_ref idref="fl-1a"/>
      </object_component>
      <object_component id="oc-ff">
         <name>.ebss</name>
         <uninitialized>true</uninitialized>
         <run_address>0x1022ba</run_address>
         <size>0x6</size>
         <input_file_ref idref="fl-36"/>
      </object_component>
      <object_component id="oc-24d">
         <name>.ebss:__unlock</name>
         <uninitialized>true</uninitialized>
         <run_address>0x1025b2</run_address>
         <size>0x2</size>
         <input_file_ref idref="fl-37"/>
      </object_component>
      <object_component id="oc-249">
         <name>.ebss:__lock</name>
         <uninitialized>true</uninitialized>
         <run_address>0x1025b0</run_address>
         <size>0x2</size>
         <input_file_ref idref="fl-37"/>
      </object_component>
      <object_component id="oc-128">
         <name>.ebss</name>
         <uninitialized>true</uninitialized>
         <run_address>0x102440</run_address>
         <size>0x160</size>
         <input_file_ref idref="fl-3e"/>
      </object_component>
      <object_component id="oc-155">
         <name>.ebss</name>
         <uninitialized>true</uninitialized>
         <run_address>0x1025c0</run_address>
         <size>0x88</size>
         <input_file_ref idref="fl-47"/>
      </object_component>
      <object_component id="oc-1da">
         <name>.ebss</name>
         <uninitialized>true</uninitialized>
         <run_address>0x1025a0</run_address>
         <size>0x8</size>
         <input_file_ref idref="fl-61"/>
      </object_component>
      <object_component id="oc-1fb">
         <name>.ebss</name>
         <uninitialized>true</uninitialized>
         <run_address>0x1025b4</run_address>
         <size>0x1</size>
         <input_file_ref idref="fl-67"/>
      </object_component>
      <object_component id="oc-204">
         <name>.ebss</name>
         <uninitialized>true</uninitialized>
         <run_address>0x1025a8</run_address>
         <size>0x8</size>
         <input_file_ref idref="fl-69"/>
      </object_component>
      <object_component id="oc-20c">
         <name>.ebss</name>
         <uninitialized>true</uninitialized>
         <run_address>0x1025b5</run_address>
         <size>0x1</size>
         <input_file_ref idref="fl-6a"/>
      </object_component>
      <object_component id="oc-213">
         <name>.ebss</name>
         <uninitialized>true</uninitialized>
         <run_address>0x1025b6</run_address>
         <size>0x1</size>
         <input_file_ref idref="fl-6b"/>
      </object_component>
      <object_component id="oc-26d">
         <name>.econst:.string:__ctypes_</name>
         <load_address>0x3f9400</load_address>
         <run_address>0x3f9400</run_address>
         <size>0x101</size>
         <input_file_ref idref="fl-3d"/>
      </object_component>
      <object_component id="oc-258">
         <name>.econst:_PieVectTableInit</name>
         <load_address>0x3f9502</load_address>
         <run_address>0x3f9502</run_address>
         <size>0x100</size>
         <input_file_ref idref="fl-f"/>
      </object_component>
      <object_component id="oc-b2">
         <name>.econst:.string</name>
         <load_address>0x3f9602</load_address>
         <run_address>0x3f9602</run_address>
         <size>0xa5</size>
         <input_file_ref idref="fl-18"/>
      </object_component>
      <object_component id="oc-11a">
         <name>.econst:.string</name>
         <load_address>0x3f96a8</load_address>
         <run_address>0x3f96a8</run_address>
         <size>0x26</size>
         <input_file_ref idref="fl-3b"/>
      </object_component>
      <object_component id="oc-119">
         <name>.econst</name>
         <load_address>0x3f96ce</load_address>
         <run_address>0x3f96ce</run_address>
         <size>0x1c</size>
         <input_file_ref idref="fl-3b"/>
      </object_component>
      <object_component id="oc-166">
         <name>.econst</name>
         <load_address>0x3f96ea</load_address>
         <run_address>0x3f96ea</run_address>
         <size>0x1c</size>
         <input_file_ref idref="fl-4a"/>
      </object_component>
      <object_component id="oc-160">
         <name>.econst</name>
         <load_address>0x3f9706</load_address>
         <run_address>0x3f9706</run_address>
         <size>0x8</size>
         <input_file_ref idref="fl-49"/>
      </object_component>
      <object_component id="oc-25a">
         <name>.econst:.string:_$P$T0$1</name>
         <load_address>0x3f970e</load_address>
         <run_address>0x3f970e</run_address>
         <size>0x7</size>
         <input_file_ref idref="fl-18"/>
      </object_component>
      <object_component id="oc-25b">
         <name>.econst:.string:_$P$T1$2</name>
         <load_address>0x3f9715</load_address>
         <run_address>0x3f9715</run_address>
         <size>0x7</size>
         <input_file_ref idref="fl-18"/>
      </object_component>
      <object_component id="oc-130">
         <name>.econst:.string</name>
         <load_address>0x3f971c</load_address>
         <run_address>0x3f971c</run_address>
         <size>0x2</size>
         <input_file_ref idref="fl-40"/>
      </object_component>
      <object_component id="oc-205">
         <name>.esysmem</name>
         <uninitialized>true</uninitialized>
         <run_address>0x3f9000</run_address>
         <size>0x1</size>
         <input_file_ref idref="fl-69"/>
      </object_component>
      <object_component id="oc-2b4">
         <name>.esysmem</name>
         <uninitialized>true</uninitialized>
         <run_address>0x3f9000</run_address>
         <size>0x0</size>
      </object_component>
      <object_component id="oc-29">
         <name>.debug_info</name>
         <load_address>0x0</load_address>
         <run_address>0x0</run_address>
         <size>0x118f</size>
         <input_file_ref idref="fl-2"/>
      </object_component>
      <object_component id="oc-32">
         <name>.debug_info</name>
         <load_address>0x118f</load_address>
         <run_address>0x118f</run_address>
         <size>0x16f</size>
         <input_file_ref idref="fl-4"/>
      </object_component>
      <object_component id="oc-36">
         <name>.debug_info</name>
         <load_address>0x12fe</load_address>
         <run_address>0x12fe</run_address>
         <size>0x7bc</size>
         <input_file_ref idref="fl-5"/>
      </object_component>
      <object_component id="oc-3d">
         <name>.debug_info</name>
         <load_address>0x1aba</load_address>
         <run_address>0x1aba</run_address>
         <size>0x121</size>
         <input_file_ref idref="fl-6"/>
      </object_component>
      <object_component id="oc-41">
         <name>.debug_info</name>
         <load_address>0x1bdb</load_address>
         <run_address>0x1bdb</run_address>
         <size>0x25ca</size>
         <input_file_ref idref="fl-7"/>
      </object_component>
      <object_component id="oc-47">
         <name>.debug_info</name>
         <load_address>0x41a5</load_address>
         <run_address>0x41a5</run_address>
         <size>0x5c8a</size>
         <input_file_ref idref="fl-8"/>
      </object_component>
      <object_component id="oc-4c">
         <name>.debug_info</name>
         <load_address>0x9e2f</load_address>
         <run_address>0x9e2f</run_address>
         <size>0x2d3</size>
         <input_file_ref idref="fl-9"/>
      </object_component>
      <object_component id="oc-51">
         <name>.debug_info</name>
         <load_address>0xa102</load_address>
         <run_address>0xa102</run_address>
         <size>0x1b44</size>
         <input_file_ref idref="fl-a"/>
      </object_component>
      <object_component id="oc-56">
         <name>.debug_info</name>
         <load_address>0xbc46</load_address>
         <run_address>0xbc46</run_address>
         <size>0x394</size>
         <input_file_ref idref="fl-b"/>
      </object_component>
      <object_component id="oc-5b">
         <name>.debug_info</name>
         <load_address>0xbfda</load_address>
         <run_address>0xbfda</run_address>
         <size>0x4cec</size>
         <input_file_ref idref="fl-c"/>
      </object_component>
      <object_component id="oc-60">
         <name>.debug_info</name>
         <load_address>0x10cc6</load_address>
         <run_address>0x10cc6</run_address>
         <size>0x2eb</size>
         <input_file_ref idref="fl-d"/>
      </object_component>
      <object_component id="oc-65">
         <name>.debug_info</name>
         <load_address>0x10fb1</load_address>
         <run_address>0x10fb1</run_address>
         <size>0xb18</size>
         <input_file_ref idref="fl-e"/>
      </object_component>
      <object_component id="oc-6a">
         <name>.debug_info</name>
         <load_address>0x11ac9</load_address>
         <run_address>0x11ac9</run_address>
         <size>0x2022</size>
         <input_file_ref idref="fl-f"/>
      </object_component>
      <object_component id="oc-6f">
         <name>.debug_info</name>
         <load_address>0x13aeb</load_address>
         <run_address>0x13aeb</run_address>
         <size>0x2d4</size>
         <input_file_ref idref="fl-10"/>
      </object_component>
      <object_component id="oc-74">
         <name>.debug_info</name>
         <load_address>0x13dbf</load_address>
         <run_address>0x13dbf</run_address>
         <size>0x2d4</size>
         <input_file_ref idref="fl-11"/>
      </object_component>
      <object_component id="oc-79">
         <name>.debug_info</name>
         <load_address>0x14093</load_address>
         <run_address>0x14093</run_address>
         <size>0x163e</size>
         <input_file_ref idref="fl-12"/>
      </object_component>
      <object_component id="oc-7e">
         <name>.debug_info</name>
         <load_address>0x156d1</load_address>
         <run_address>0x156d1</run_address>
         <size>0x2d9</size>
         <input_file_ref idref="fl-13"/>
      </object_component>
      <object_component id="oc-83">
         <name>.debug_info</name>
         <load_address>0x159aa</load_address>
         <run_address>0x159aa</run_address>
         <size>0x843</size>
         <input_file_ref idref="fl-14"/>
      </object_component>
      <object_component id="oc-8a">
         <name>.debug_info</name>
         <load_address>0x161ed</load_address>
         <run_address>0x161ed</run_address>
         <size>0x126</size>
         <input_file_ref idref="fl-15"/>
      </object_component>
      <object_component id="oc-8f">
         <name>.debug_info</name>
         <load_address>0x16313</load_address>
         <run_address>0x16313</run_address>
         <size>0x123</size>
         <input_file_ref idref="fl-16"/>
      </object_component>
      <object_component id="oc-93">
         <name>.debug_info</name>
         <load_address>0x16436</load_address>
         <run_address>0x16436</run_address>
         <size>0x135ac</size>
         <input_file_ref idref="fl-17"/>
      </object_component>
      <object_component id="oc-af">
         <name>.debug_info</name>
         <load_address>0x299e2</load_address>
         <run_address>0x299e2</run_address>
         <size>0xd6d</size>
         <input_file_ref idref="fl-18"/>
      </object_component>
      <object_component id="oc-b7">
         <name>.debug_info</name>
         <load_address>0x2a74f</load_address>
         <run_address>0x2a74f</run_address>
         <size>0x316c</size>
         <input_file_ref idref="fl-19"/>
      </object_component>
      <object_component id="oc-bd">
         <name>.debug_info</name>
         <load_address>0x2d8bb</load_address>
         <run_address>0x2d8bb</run_address>
         <size>0x3435</size>
         <input_file_ref idref="fl-1a"/>
      </object_component>
      <object_component id="oc-c7">
         <name>.debug_info</name>
         <load_address>0x30cf0</load_address>
         <run_address>0x30cf0</run_address>
         <size>0x16b</size>
         <input_file_ref idref="fl-2b"/>
      </object_component>
      <object_component id="oc-cc">
         <name>.debug_info</name>
         <load_address>0x30e5b</load_address>
         <run_address>0x30e5b</run_address>
         <size>0x10c</size>
         <input_file_ref idref="fl-2c"/>
      </object_component>
      <object_component id="oc-d1">
         <name>.debug_info</name>
         <load_address>0x30f67</load_address>
         <run_address>0x30f67</run_address>
         <size>0x10c</size>
         <input_file_ref idref="fl-2d"/>
      </object_component>
      <object_component id="oc-d6">
         <name>.debug_info</name>
         <load_address>0x31073</load_address>
         <run_address>0x31073</run_address>
         <size>0x118</size>
         <input_file_ref idref="fl-2e"/>
      </object_component>
      <object_component id="oc-db">
         <name>.debug_info</name>
         <load_address>0x3118b</load_address>
         <run_address>0x3118b</run_address>
         <size>0x118</size>
         <input_file_ref idref="fl-2f"/>
      </object_component>
      <object_component id="oc-e0">
         <name>.debug_info</name>
         <load_address>0x312a3</load_address>
         <run_address>0x312a3</run_address>
         <size>0x110</size>
         <input_file_ref idref="fl-30"/>
      </object_component>
      <object_component id="oc-e5">
         <name>.debug_info</name>
         <load_address>0x313b3</load_address>
         <run_address>0x313b3</run_address>
         <size>0x116</size>
         <input_file_ref idref="fl-31"/>
      </object_component>
      <object_component id="oc-e9">
         <name>.debug_info</name>
         <load_address>0x314c9</load_address>
         <run_address>0x314c9</run_address>
         <size>0x4cd</size>
         <input_file_ref idref="fl-32"/>
      </object_component>
      <object_component id="oc-ee">
         <name>.debug_info</name>
         <load_address>0x31996</load_address>
         <run_address>0x31996</run_address>
         <size>0x3c8</size>
         <input_file_ref idref="fl-33"/>
      </object_component>
      <object_component id="oc-f3">
         <name>.debug_info</name>
         <load_address>0x31d5e</load_address>
         <run_address>0x31d5e</run_address>
         <size>0x33b</size>
         <input_file_ref idref="fl-34"/>
      </object_component>
      <object_component id="oc-f8">
         <name>.debug_info</name>
         <load_address>0x32099</load_address>
         <run_address>0x32099</run_address>
         <size>0x338</size>
         <input_file_ref idref="fl-35"/>
      </object_component>
      <object_component id="oc-fd">
         <name>.debug_info</name>
         <load_address>0x323d1</load_address>
         <run_address>0x323d1</run_address>
         <size>0x4d2</size>
         <input_file_ref idref="fl-36"/>
      </object_component>
      <object_component id="oc-104">
         <name>.debug_info</name>
         <load_address>0x328a3</load_address>
         <run_address>0x328a3</run_address>
         <size>0x45a</size>
         <input_file_ref idref="fl-37"/>
      </object_component>
      <object_component id="oc-109">
         <name>.debug_info</name>
         <load_address>0x32cfd</load_address>
         <run_address>0x32cfd</run_address>
         <size>0x3f5</size>
         <input_file_ref idref="fl-38"/>
      </object_component>
      <object_component id="oc-10e">
         <name>.debug_info</name>
         <load_address>0x330f2</load_address>
         <run_address>0x330f2</run_address>
         <size>0x480</size>
         <input_file_ref idref="fl-39"/>
      </object_component>
      <object_component id="oc-113">
         <name>.debug_info</name>
         <load_address>0x33572</load_address>
         <run_address>0x33572</run_address>
         <size>0x692</size>
         <input_file_ref idref="fl-3a"/>
      </object_component>
      <object_component id="oc-118">
         <name>.debug_info</name>
         <load_address>0x33c04</load_address>
         <run_address>0x33c04</run_address>
         <size>0x26c0</size>
         <input_file_ref idref="fl-3b"/>
      </object_component>
      <object_component id="oc-11f">
         <name>.debug_info</name>
         <load_address>0x362c4</load_address>
         <run_address>0x362c4</run_address>
         <size>0x3ad</size>
         <input_file_ref idref="fl-3c"/>
      </object_component>
      <object_component id="oc-124">
         <name>.debug_info</name>
         <load_address>0x36671</load_address>
         <run_address>0x36671</run_address>
         <size>0x1dc</size>
         <input_file_ref idref="fl-3d"/>
      </object_component>
      <object_component id="oc-126">
         <name>.debug_info</name>
         <load_address>0x3684d</load_address>
         <run_address>0x3684d</run_address>
         <size>0x2d7</size>
         <input_file_ref idref="fl-3e"/>
      </object_component>
      <object_component id="oc-12a">
         <name>.debug_info</name>
         <load_address>0x36b24</load_address>
         <run_address>0x36b24</run_address>
         <size>0x5cf</size>
         <input_file_ref idref="fl-3f"/>
      </object_component>
      <object_component id="oc-12f">
         <name>.debug_info</name>
         <load_address>0x370f3</load_address>
         <run_address>0x370f3</run_address>
         <size>0x785</size>
         <input_file_ref idref="fl-40"/>
      </object_component>
      <object_component id="oc-135">
         <name>.debug_info</name>
         <load_address>0x37878</load_address>
         <run_address>0x37878</run_address>
         <size>0x3ed</size>
         <input_file_ref idref="fl-41"/>
      </object_component>
      <object_component id="oc-13a">
         <name>.debug_info</name>
         <load_address>0x37c65</load_address>
         <run_address>0x37c65</run_address>
         <size>0x3c6</size>
         <input_file_ref idref="fl-42"/>
      </object_component>
      <object_component id="oc-13f">
         <name>.debug_info</name>
         <load_address>0x3802b</load_address>
         <run_address>0x3802b</run_address>
         <size>0x454</size>
         <input_file_ref idref="fl-43"/>
      </object_component>
      <object_component id="oc-144">
         <name>.debug_info</name>
         <load_address>0x3847f</load_address>
         <run_address>0x3847f</run_address>
         <size>0x46f</size>
         <input_file_ref idref="fl-44"/>
      </object_component>
      <object_component id="oc-149">
         <name>.debug_info</name>
         <load_address>0x388ee</load_address>
         <run_address>0x388ee</run_address>
         <size>0x462</size>
         <input_file_ref idref="fl-45"/>
      </object_component>
      <object_component id="oc-14e">
         <name>.debug_info</name>
         <load_address>0x38d50</load_address>
         <run_address>0x38d50</run_address>
         <size>0x428</size>
         <input_file_ref idref="fl-46"/>
      </object_component>
      <object_component id="oc-153">
         <name>.debug_info</name>
         <load_address>0x39178</load_address>
         <run_address>0x39178</run_address>
         <size>0x739</size>
         <input_file_ref idref="fl-47"/>
      </object_component>
      <object_component id="oc-15a">
         <name>.debug_info</name>
         <load_address>0x398b1</load_address>
         <run_address>0x398b1</run_address>
         <size>0x37a</size>
         <input_file_ref idref="fl-48"/>
      </object_component>
      <object_component id="oc-15f">
         <name>.debug_info</name>
         <load_address>0x39c2b</load_address>
         <run_address>0x39c2b</run_address>
         <size>0x424</size>
         <input_file_ref idref="fl-49"/>
      </object_component>
      <object_component id="oc-165">
         <name>.debug_info</name>
         <load_address>0x3a04f</load_address>
         <run_address>0x3a04f</run_address>
         <size>0x4b0</size>
         <input_file_ref idref="fl-4a"/>
      </object_component>
      <object_component id="oc-16c">
         <name>.debug_info</name>
         <load_address>0x3a4ff</load_address>
         <run_address>0x3a4ff</run_address>
         <size>0x10c</size>
         <input_file_ref idref="fl-4b"/>
      </object_component>
      <object_component id="oc-171">
         <name>.debug_info</name>
         <load_address>0x3a60b</load_address>
         <run_address>0x3a60b</run_address>
         <size>0x118</size>
         <input_file_ref idref="fl-4c"/>
      </object_component>
      <object_component id="oc-176">
         <name>.debug_info</name>
         <load_address>0x3a723</load_address>
         <run_address>0x3a723</run_address>
         <size>0x10c</size>
         <input_file_ref idref="fl-4d"/>
      </object_component>
      <object_component id="oc-17b">
         <name>.debug_info</name>
         <load_address>0x3a82f</load_address>
         <run_address>0x3a82f</run_address>
         <size>0x10c</size>
         <input_file_ref idref="fl-4e"/>
      </object_component>
      <object_component id="oc-180">
         <name>.debug_info</name>
         <load_address>0x3a93b</load_address>
         <run_address>0x3a93b</run_address>
         <size>0x10c</size>
         <input_file_ref idref="fl-4f"/>
      </object_component>
      <object_component id="oc-185">
         <name>.debug_info</name>
         <load_address>0x3aa47</load_address>
         <run_address>0x3aa47</run_address>
         <size>0x11a</size>
         <input_file_ref idref="fl-50"/>
      </object_component>
      <object_component id="oc-18a">
         <name>.debug_info</name>
         <load_address>0x3ab61</load_address>
         <run_address>0x3ab61</run_address>
         <size>0x10c</size>
         <input_file_ref idref="fl-51"/>
      </object_component>
      <object_component id="oc-18f">
         <name>.debug_info</name>
         <load_address>0x3ac6d</load_address>
         <run_address>0x3ac6d</run_address>
         <size>0x10c</size>
         <input_file_ref idref="fl-52"/>
      </object_component>
      <object_component id="oc-194">
         <name>.debug_info</name>
         <load_address>0x3ad79</load_address>
         <run_address>0x3ad79</run_address>
         <size>0x16e</size>
         <input_file_ref idref="fl-53"/>
      </object_component>
      <object_component id="oc-199">
         <name>.debug_info</name>
         <load_address>0x3aee7</load_address>
         <run_address>0x3aee7</run_address>
         <size>0x146</size>
         <input_file_ref idref="fl-54"/>
      </object_component>
      <object_component id="oc-19e">
         <name>.debug_info</name>
         <load_address>0x3b02d</load_address>
         <run_address>0x3b02d</run_address>
         <size>0x229</size>
         <input_file_ref idref="fl-55"/>
      </object_component>
      <object_component id="oc-1a3">
         <name>.debug_info</name>
         <load_address>0x3b256</load_address>
         <run_address>0x3b256</run_address>
         <size>0x110</size>
         <input_file_ref idref="fl-56"/>
      </object_component>
      <object_component id="oc-1a8">
         <name>.debug_info</name>
         <load_address>0x3b366</load_address>
         <run_address>0x3b366</run_address>
         <size>0x110</size>
         <input_file_ref idref="fl-57"/>
      </object_component>
      <object_component id="oc-1ad">
         <name>.debug_info</name>
         <load_address>0x3b476</load_address>
         <run_address>0x3b476</run_address>
         <size>0x19d</size>
         <input_file_ref idref="fl-58"/>
      </object_component>
      <object_component id="oc-1b2">
         <name>.debug_info</name>
         <load_address>0x3b613</load_address>
         <run_address>0x3b613</run_address>
         <size>0x10f</size>
         <input_file_ref idref="fl-59"/>
      </object_component>
      <object_component id="oc-1b6">
         <name>.debug_info</name>
         <load_address>0x3b722</load_address>
         <run_address>0x3b722</run_address>
         <size>0x54e</size>
         <input_file_ref idref="fl-5a"/>
      </object_component>
      <object_component id="oc-1bb">
         <name>.debug_info</name>
         <load_address>0x3bc70</load_address>
         <run_address>0x3bc70</run_address>
         <size>0x5b1</size>
         <input_file_ref idref="fl-5b"/>
      </object_component>
      <object_component id="oc-1c0">
         <name>.debug_info</name>
         <load_address>0x3c221</load_address>
         <run_address>0x3c221</run_address>
         <size>0x524</size>
         <input_file_ref idref="fl-5c"/>
      </object_component>
      <object_component id="oc-1c5">
         <name>.debug_info</name>
         <load_address>0x3c745</load_address>
         <run_address>0x3c745</run_address>
         <size>0x5de</size>
         <input_file_ref idref="fl-5d"/>
      </object_component>
      <object_component id="oc-1ca">
         <name>.debug_info</name>
         <load_address>0x3cd23</load_address>
         <run_address>0x3cd23</run_address>
         <size>0x597</size>
         <input_file_ref idref="fl-5e"/>
      </object_component>
      <object_component id="oc-1cf">
         <name>.debug_info</name>
         <load_address>0x3d2ba</load_address>
         <run_address>0x3d2ba</run_address>
         <size>0x4bc</size>
         <input_file_ref idref="fl-5f"/>
[...]
         <name>_scib_buffer</name>
         <value>0x1022c8</value>
         <object_component_ref idref="oc-bf"/>
      </symbol>
      <symbol id="sm-2b8">
         <name>_scia_char_signal</name>
         <value>0x1022c6</value>
         <object_component_ref idref="oc-bf"/>
      </symbol>
      <symbol id="sm-2b9">
         <name>_scia_msg</name>
         <value>0x101481</value>
         <object_component_ref idref="oc-254"/>
      </symbol>
      <symbol id="sm-2ba">
         <name>_scia_fifo_init</name>
         <value>0x1014db</value>
         <object_component_ref idref="oc-254"/>
      </symbol>
      <symbol id="sm-2bb">
         <name>_scia_data_flag</name>
         <value>0x1022c3</value>
         <object_component_ref idref="oc-bf"/>
      </symbol>
      <symbol id="sm-2bc">
         <name>_scib_fifo_init</name>
         <value>0x1014f6</value>
         <object_component_ref idref="oc-254"/>
      </symbol>
      <symbol id="sm-2bd">
         <name>_scib_data_flag</name>
         <value>0x1022c2</value>
         <object_component_ref idref="oc-bf"/>
      </symbol>
      <symbol id="sm-2be">
         <name>_scib_rx_count</name>
         <value>0x1022c1</value>
         <object_component_ref idref="oc-bf"/>
      </symbol>
      <symbol id="sm-2bf">
         <name>_scib_read_all</name>
         <value>0x1014ce</value>
         <object_component_ref idref="oc-254"/>
      </symbol>
      <symbol id="sm-2c0">
         <name>_sci_buffer</name>
         <value>0x102340</value>
         <object_component_ref idref="oc-bf"/>
      </symbol>
      <symbol id="sm-2c1">
         <name>_scib_msg</name>
         <value>0x1014a2</value>
         <object_component_ref idref="oc-254"/>
      </symbol>
      <symbol id="sm-2dc">
         <name>_c_int00</name>
         <value>0x101b9a</value>
         <object_component_ref idref="oc-28"/>
      </symbol>
      <symbol id="sm-2dd">
         <name>__stack</name>
         <value>0x400</value>
         <object_component_ref idref="oc-c5"/>
      </symbol>
      <symbol id="sm-2ef">
         <name>FS$$CMP</name>
         <value>0x1021cf</value>
         <object_component_ref idref="oc-cb"/>
      </symbol>
      <symbol id="sm-300">
         <name>FS$$MPY</name>
         <value>0x101b40</value>
         <object_component_ref idref="oc-d0"/>
      </symbol>
      <symbol id="sm-313">
         <name>FS$$TOL</name>
         <value>0x101f28</value>
         <object_component_ref idref="oc-d5"/>
      </symbol>
      <symbol id="sm-324">
         <name>FS$$TOU</name>
         <value>0x1020ac</value>
         <object_component_ref idref="oc-da"/>
      </symbol>
      <symbol id="sm-332">
         <name>U$$TOFS</name>
         <value>0x102209</value>
         <object_component_ref idref="oc-df"/>
      </symbol>
      <symbol id="sm-341">
         <name>L$$TOFS</name>
         <value>0x10213b</value>
         <object_component_ref idref="oc-e4"/>
      </symbol>
      <symbol id="sm-350">
         <name>_copy_in</name>
         <value>0x101fc5</value>
         <object_component_ref idref="oc-23c"/>
      </symbol>
      <symbol id="sm-361">
         <name>_memcpy</name>
         <value>0x1020e6</value>
         <object_component_ref idref="oc-247"/>
      </symbol>
      <symbol id="sm-36d">
         <name>__system_pre_init</name>
         <value>0x10229f</value>
         <object_component_ref idref="oc-23b"/>
      </symbol>
      <symbol id="sm-37a">
         <name>__system_post_cinit</name>
         <value>0x1022a1</value>
         <object_component_ref idref="oc-23d"/>
      </symbol>
      <symbol id="sm-38e">
         <name>C$$EXIT</name>
         <value>0x101eff</value>
         <object_component_ref idref="oc-23f"/>
      </symbol>
      <symbol id="sm-38f">
         <name>_exit</name>
         <value>0x101f01</value>
         <object_component_ref idref="oc-23f"/>
      </symbol>
      <symbol id="sm-390">
         <name>___TI_cleanup_ptr</name>
         <value>0x1022bc</value>
         <object_component_ref idref="oc-ff"/>
      </symbol>
      <symbol id="sm-391">
         <name>___TI_enable_exit_profile_output</name>
         <value>0x1022ba</value>
         <object_component_ref idref="oc-ff"/>
      </symbol>
      <symbol id="sm-392">
         <name>_abort</name>
         <value>0x101eff</value>
         <object_component_ref idref="oc-23f"/>
      </symbol>
      <symbol id="sm-393">
         <name>___TI_dtors_ptr</name>
         <value>0x1022be</value>
         <object_component_ref idref="oc-ff"/>
      </symbol>
      <symbol id="sm-3a7">
         <name>__unlock</name>
         <value>0x1025b2</value>
         <object_component_ref idref="oc-24d"/>
      </symbol>
      <symbol id="sm-3a8">
         <name>__lock</name>
         <value>0x1025b0</value>
         <object_component_ref idref="oc-249"/>
      </symbol>
      <symbol id="sm-3a9">
         <name>__register_lock</name>
         <value>0x102266</value>
         <object_component_ref idref="oc-257"/>
      </symbol>
      <symbol id="sm-3aa">
         <name>__nop</name>
         <value>0x10226a</value>
         <object_component_ref idref="oc-257"/>
      </symbol>
      <symbol id="sm-3ab">
         <name>__register_unlock</name>
         <value>0x102262</value>
         <object_component_ref idref="oc-257"/>
      </symbol>
      <symbol id="sm-3ba">
         <name>__args_main</name>
         <value>0x102155</value>
         <object_component_ref idref="oc-23e"/>
      </symbol>
      <symbol id="sm-3c8">
         <name>_memset</name>
         <value>0x102241</value>
         <object_component_ref idref="oc-259"/>
      </symbol>
      <symbol id="sm-3d8">
         <name>_printf</name>
         <value>0x101db8</value>
         <object_component_ref idref="oc-25c"/>
      </symbol>
      <symbol id="sm-534">
         <name>___TI_printfi</name>
         <value>0x100b05</value>
         <object_component_ref idref="oc-25f"/>
      </symbol>
      <symbol id="sm-548">
         <name>_atoi</name>
         <value>0x101e4c</value>
         <object_component_ref idref="oc-264"/>
      </symbol>
      <symbol id="sm-550">
         <name>__ctypes_</name>
         <value>0x3f9400</value>
         <object_component_ref idref="oc-26d"/>
      </symbol>
      <symbol id="sm-55b">
         <name>___TI_ft_end</name>
         <value>0x102440</value>
         <object_component_ref idref="oc-128"/>
      </symbol>
      <symbol id="sm-55c">
         <name>___TI_tmpnams</name>
         <value>0x102500</value>
         <object_component_ref idref="oc-128"/>
      </symbol>
      <symbol id="sm-55d">
         <name>__ftable</name>
         <value>0x102480</value>
         <object_component_ref idref="oc-128"/>
      </symbol>
      <symbol id="sm-56f">
         <name>_putchar</name>
         <value>0x101c88</value>
         <object_component_ref idref="oc-25d"/>
      </symbol>
      <symbol id="sm-570">
         <name>_putc</name>
         <value>0x101c3e</value>
         <object_component_ref idref="oc-25d"/>
      </symbol>
      <symbol id="sm-571">
         <name>_fputc</name>
         <value>0x101c3e</value>
         <object_component_ref idref="oc-25d"/>
      </symbol>
      <symbol id="sm-58d">
         <name>_puts</name>
         <value>0x10159c</value>
         <object_component_ref idref="oc-25e"/>
      </symbol>
      <symbol id="sm-58e">
         <name>_fputs</name>
         <value>0x10150c</value>
         <object_component_ref idref="oc-25e"/>
      </symbol>
      <symbol id="sm-59c">
         <name>_ltoa</name>
         <value>0x101e7d</value>
         <object_component_ref idref="oc-265"/>
      </symbol>
      <symbol id="sm-5ab">
         <name>_memccpy</name>
         <value>0x102234</value>
         <object_component_ref idref="oc-269"/>
      </symbol>
      <symbol id="sm-5ba">
         <name>_memchr</name>
         <value>0x1021f9</value>
         <object_component_ref idref="oc-263"/>
      </symbol>
      <symbol id="sm-5c9">
         <name>_strchr</name>
         <value>0x10224d</value>
         <object_component_ref idref="oc-268"/>
      </symbol>
      <symbol id="sm-5d6">
         <name>_strcpy</name>
         <value>0x102294</value>
         <object_component_ref idref="oc-24f"/>
      </symbol>
      <symbol id="sm-5e3">
         <name>_strlen</name>
         <value>0x102284</value>
         <object_component_ref idref="oc-24b"/>
      </symbol>
      <symbol id="sm-5f6">
         <name>__device</name>
         <value>0x102600</value>
         <object_component_ref idref="oc-155"/>
      </symbol>
      <symbol id="sm-5f7">
         <name>__stream</name>
         <value>0x1025c0</value>
         <object_component_ref idref="oc-155"/>
      </symbol>
      <symbol id="sm-5f8">
         <name>_write</name>
         <value>0x1021b7</value>
         <object_component_ref idref="oc-262"/>
      </symbol>
      <symbol id="sm-606">
         <name>_wcslen</name>
         <value>0x10228c</value>
         <object_component_ref idref="oc-26a"/>
      </symbol>
      <symbol id="sm-619">
         <name>_frexpl</name>
         <value>0x101a89</value>
         <object_component_ref idref="oc-266"/>
      </symbol>
      <symbol id="sm-637">
         <name>_scalbnl</name>
         <value>0x1013b5</value>
         <object_component_ref idref="oc-267"/>
      </symbol>
      <symbol id="sm-638">
         <name>_ldexpl</name>
         <value>0x1013b5</value>
         <object_component_ref idref="oc-267"/>
      </symbol>
      <symbol id="sm-653">
         <name>FD$$ADD</name>
         <value>0x1015af</value>
         <object_component_ref idref="oc-16b"/>
      </symbol>
      <symbol id="sm-663">
         <name>FD$$CMP</name>
         <value>0x101eab</value>
         <object_component_ref idref="oc-170"/>
      </symbol>
      <symbol id="sm-67a">
         <name>FD$$DIV</name>
         <value>0x1016df</value>
         <object_component_ref idref="oc-175"/>
      </symbol>
      <symbol id="sm-68c">
         <name>FD$$MPY</name>
         <value>0x1017f0</value>
         <object_component_ref idref="oc-17a"/>
      </symbol>
      <symbol id="sm-699">
         <name>FD$$NEG</name>
         <value>0x10226b</value>
         <object_component_ref idref="oc-17f"/>
      </symbol>
      <symbol id="sm-6a5">
         <name>FD$$SUB</name>
         <value>0x102219</value>
         <object_component_ref idref="oc-184"/>
      </symbol>
      <symbol id="sm-6b4">
         <name>FD$$TOI</name>
         <value>0x10202e</value>
         <object_component_ref idref="oc-189"/>
      </symbol>
      <symbol id="sm-6c3">
         <name>FD$$TOL</name>
         <value>0x10206f</value>
         <object_component_ref idref="oc-18e"/>
      </symbol>
      <symbol id="sm-6cf">
         <name>LL$$AND</name>
         <value>0x102187</value>
         <object_component_ref idref="oc-193"/>
      </symbol>
      <symbol id="sm-6d0">
         <name>LL$$OR</name>
         <value>0x10218f</value>
         <object_component_ref idref="oc-193"/>
      </symbol>
      <symbol id="sm-6d1">
         <name>LL$$XOR</name>
         <value>0x102197</value>
         <object_component_ref idref="oc-193"/>
      </symbol>
      <symbol id="sm-6df">
         <name>ULL$$CMP</name>
         <value>0x1020a0</value>
         <object_component_ref idref="oc-198"/>
      </symbol>
      <symbol id="sm-6e0">
         <name>LL$$CMP</name>
         <value>0x10208e</value>
         <object_component_ref idref="oc-198"/>
      </symbol>
      <symbol id="sm-70c">
         <name>ULL$$MOD</name>
         <value>0x10117a</value>
         <object_component_ref idref="oc-19d"/>
      </symbol>
      <symbol id="sm-70d">
         <name>ULL$$DIV</name>
         <value>0x10114b</value>
         <object_component_ref idref="oc-19d"/>
      </symbol>
      <symbol id="sm-70e">
         <name>LL$$MOD</name>
         <value>0x101111</value>
         <object_component_ref idref="oc-19d"/>
      </symbol>
      <symbol id="sm-70f">
         <name>LL$$DIV</name>
         <value>0x1010d5</value>
         <object_component_ref idref="oc-19d"/>
      </symbol>
      <symbol id="sm-71f">
         <name>I$$TOFD</name>
         <value>0x1020c9</value>
         <object_component_ref idref="oc-1a2"/>
      </symbol>
      <symbol id="sm-72f">
         <name>L$$TOFD</name>
         <value>0x10211f</value>
         <object_component_ref idref="oc-1a7"/>
      </symbol>
      <symbol id="sm-73b">
         <name>UL$$MOD</name>
         <value>0x101ef9</value>
         <object_component_ref idref="oc-1ac"/>
      </symbol>
      <symbol id="sm-73c">
         <name>L$$MOD</name>
         <value>0x101ee4</value>
         <object_component_ref idref="oc-1ac"/>
      </symbol>
      <symbol id="sm-73d">
         <name>L$$DIV</name>
         <value>0x101ed5</value>
         <object_component_ref idref="oc-1ac"/>
      </symbol>
      <symbol id="sm-73e">
         <name>UL$$DIV</name>
         <value>0x101ef2</value>
         <object_component_ref idref="oc-1ac"/>
      </symbol>
      <symbol id="sm-74e">
         <name>FS$$TOFD</name>
         <value>0x102103</value>
         <object_component_ref idref="oc-1b1"/>
      </symbol>
      <symbol id="sm-765">
         <name>___TI_rd_ok</name>
         <value>0x101a01</value>
         <object_component_ref idref="oc-260"/>
      </symbol>
      <symbol id="sm-766">
         <name>___TI_wrt_ok</name>
         <value>0x1019c6</value>
         <object_component_ref idref="oc-260"/>
      </symbol>
      <symbol id="sm-77b">
         <name>___TI_doflush</name>
         <value>0x10195b</value>
         <object_component_ref idref="oc-261"/>
      </symbol>
      <symbol id="sm-77c">
         <name>_fflush</name>
         <value>0x10198a</value>
         <object_component_ref idref="oc-261"/>
      </symbol>
      <symbol id="sm-78c">
         <name>_fseek</name>
         <value>0x101ccc</value>
         <object_component_ref idref="oc-26b"/>
      </symbol>
      <symbol id="sm-799">
         <name>_lseek</name>
         <value>0x10219f</value>
         <object_component_ref idref="oc-26f"/>
      </symbol>
      <symbol id="sm-7b0">
         <name>_setvbuf</name>
         <value>0x101873</value>
         <object_component_ref idref="oc-26c"/>
      </symbol>
      <symbol id="sm-7bc">
         <name>_HOSTclose</name>
         <value>0x101f79</value>
         <object_component_ref idref="oc-241"/>
      </symbol>
      <symbol id="sm-7c8">
         <name>_HOSTlseek</name>
         <value>0x101a2d</value>
         <object_component_ref idref="oc-244"/>
      </symbol>
      <symbol id="sm-7d7">
         <name>_parmbuf</name>
         <value>0x1025a0</value>
         <object_component_ref idref="oc-1da"/>
      </symbol>
      <symbol id="sm-7d8">
         <name>_HOSTopen</name>
         <value>0x101d09</value>
         <object_component_ref idref="oc-240"/>
      </symbol>
      <symbol id="sm-7e5">
         <name>_HOSTread</name>
         <value>0x101d42</value>
         <object_component_ref idref="oc-242"/>
      </symbol>
      <symbol id="sm-7f1">
         <name>_HOSTrename</name>
         <value>0x101c8d</value>
         <object_component_ref idref="oc-246"/>
      </symbol>
      <symbol id="sm-7fd">
         <name>_HOSTunlink</name>
         <value>0x101fa0</value>
         <object_component_ref idref="oc-245"/>
      </symbol>
      <symbol id="sm-80a">
         <name>_HOSTwrite</name>
         <value>0x101d7a</value>
         <object_component_ref idref="oc-243"/>
      </symbol>
      <symbol id="sm-822">
         <name>___TI_readmsg</name>
         <value>0x1016a3</value>
         <object_component_ref idref="oc-24c"/>
      </symbol>
      <symbol id="sm-823">
         <name>C$$IO$$</name>
         <value>0x10169e</value>
         <object_component_ref idref="oc-24c"/>
      </symbol>
      <symbol id="sm-824">
         <name>__CIOBUF_</name>
         <value>0x102700</value>
         <object_component_ref idref="oc-1f4"/>
      </symbol>
      <symbol id="sm-825">
         <name>___TI_writemsg</name>
         <value>0x10164b</value>
         <object_component_ref idref="oc-24c"/>
      </symbol>
      <symbol id="sm-82f">
         <name>_errno</name>
         <value>0x1025b4</value>
         <object_component_ref idref="oc-1fb"/>
      </symbol>
      <symbol id="sm-83c">
         <name>_copysignl</name>
         <value>0x101fe9</value>
         <object_component_ref idref="oc-26e"/>
      </symbol>
      <symbol id="sm-886">
         <name>__sys_memory</name>
         <value>0x3f9000</value>
         <object_component_ref idref="oc-205"/>
      </symbol>
      <symbol id="sm-887">
         <name>_chkheap</name>
         <value>0x100e42</value>
         <object_component_ref idref="oc-270"/>
      </symbol>
      <symbol id="sm-888">
         <name>_realloc</name>
         <value>0x100d54</value>
         <object_component_ref idref="oc-270"/>
      </symbol>
      <symbol id="sm-889">
         <name>_free_memory</name>
         <value>0x100e27</value>
         <object_component_ref idref="oc-270"/>
      </symbol>
      <symbol id="sm-88a">
         <name>_max_free</name>
         <value>0x100e08</value>
         <object_component_ref idref="oc-270"/>
      </symbol>
      <symbol id="sm-88b">
         <name>_free</name>
         <value>0x100c8e</value>
         <object_component_ref idref="oc-270"/>
      </symbol>
      <symbol id="sm-88c">
         <name>_calloc</name>
         <value>0x100e44</value>
         <object_component_ref idref="oc-270"/>
      </symbol>
      <symbol id="sm-88d">
         <name>_malloc</name>
         <value>0x100cf7</value>
         <object_component_ref idref="oc-270"/>
      </symbol>
      <symbol id="sm-88e">
         <name>_minit</name>
         <value>0x100cd4</value>
         <object_component_ref idref="oc-270"/>
      </symbol>
      <symbol id="sm-8c5">
         <name>_fopen</name>
         <value>0x10128f</value>
         <object_component_ref idref="oc-271"/>
      </symbol>
      <symbol id="sm-8c6">
         <name>___TI_cleanup</name>
         <value>0x101254</value>
         <object_component_ref idref="oc-271"/>
      </symbol>
      <symbol id="sm-8c7">
         <name>_freopen</name>
         <value>0x101271</value>
         <object_component_ref idref="oc-271"/>
      </symbol>
      <symbol id="sm-8e2">
         <name>_open</name>
         <value>0x1018ec</value>
         <object_component_ref idref="oc-272"/>
      </symbol>
      <symbol id="sm-8f3">
         <name>___TI_closefile</name>
         <value>0x101ae5</value>
         <object_component_ref idref="oc-273"/>
      </symbol>
      <symbol id="sm-8f4">
         <name>_fclose</name>
         <value>0x101b27</value>
         <object_component_ref idref="oc-273"/>
      </symbol>
      <symbol id="sm-906">
         <name>_finddevice</name>
         <value>0x101bee</value>
         <object_component_ref idref="oc-274"/>
      </symbol>
      <symbol id="sm-907">
         <name>_getdevice</name>
         <value>0x101c0a</value>
         <object_component_ref idref="oc-274"/>
      </symbol>
      <symbol id="sm-913">
         <name>_remove</name>
         <value>0x10229c</value>
         <object_component_ref idref="oc-276"/>
      </symbol>
      <symbol id="sm-921">
         <name>_strcmp</name>
         <value>0x102258</value>
         <object_component_ref idref="oc-277"/>
      </symbol>
      <symbol id="sm-931">
         <name>_strncpy</name>
         <value>0x10200c</value>
         <object_component_ref idref="oc-278"/>
      </symbol>
      <symbol id="sm-93d">
         <name>_unlink</name>
         <value>0x10216e</value>
         <object_component_ref idref="oc-279"/>
      </symbol>
      <symbol id="sm-94d">
         <name>_close</name>
         <value>0x101e19</value>
         <object_component_ref idref="oc-275"/>
      </symbol>
   </symbol_table>
   <title>Link successful</title>
</link_info>
