******************************************************************************
             TMS320C2000 Linker Unix v18.1.3                   
******************************************************************************
>> Linked Mon Dec 17 14:12:48 2018

OUTPUT FILE NAME:   <Q37_WIFI_ADC_F281X_CCS8_2.out>
ENTRY POINT SYMBOL: "_c_int00"  address: 00101b9a


MEMORY CONFIGURATION

         name            origin    length      used     unused   attr    fill
----------------------  --------  ---------  --------  --------  ----  --------
PAGE 0:
  RAMM0                 00000000   00000400  00000080  00000380  RWIX
  BEGIN                 003f8000   00000002  00000002  00000000  RWIX
  PRAMH0                003f8002   00000ffe  000000c6  00000f38  RWIX
  RESET                 003fffc0   00000002  00000000  00000002  RWIX

PAGE 1:
  RAMM1                 00000400   00000400  00000400  00000000  RWIX
  DEV_EMU               00000880   00000180  000000d0  000000b0  RWIX
  FLASH_REGS            00000a80   00000060  00000008  00000058  RWIX
  CSM                   00000ae0   00000010  00000010  00000000  RWIX
  XINTF                 00000b20   00000020  00000020  00000000  RWIX
  CPU_TIMER0            00000c00   00000008  00000008  00000000  RWIX
  CPU_TIMER1            00000c08   00000008  00000008  00000000  RWIX
  CPU_TIMER2            00000c10   00000008  00000008  00000000  RWIX
  PIE_CTRL              00000ce0   00000020  0000001a  00000006  RWIX
  PIE_VECT              00000d00   00000100  00000100  00000000  RWIX
  ECANA                 00006000   00000040  00000034  0000000c  RWIX
  ECANA_LAM             00006040   00000040  00000040  00000000  RWIX
  ECANA_MOTS            00006080   00000040  00000040  00000000  RWIX
  ECANA_MOTO            000060c0   00000040  00000040  00000000  RWIX
  ECANA_MBOX            00006100   00000100  00000100  00000000  RWIX
  SYSTEM                00007010   00000020  00000020  00000000  RWIX
  SPIA                  00007040   00000010  00000010  00000000  RWIX
  SCIA                  00007050   00000010  00000010  00000000  RWIX
  XINTRUPT              00007070   00000010  00000010  00000000  RWIX
  GPIOMUX               000070c0   00000020  00000020  00000000  RWIX
  GPIODAT               000070e0   00000020  00000020  00000000  RWIX
  ADC                   00007100   00000020  0000001a  00000006  RWIX
  EVA                   00007400   00000040  00000032  0000000e  RWIX
  EVB                   00007500   00000040  00000032  0000000e  RWIX
  SCIB                  00007750   00000010  00000010  00000000  RWIX
  MCBSPA                00007800   00000040  00000025  0000001b  RWIX
  DRAMH1                00100000   0000ffff  00002812  0000d7ed  RWIX
  CSM_PWL               003f7ff8   00000008  00000008  00000000  RWIX
  DRAMH0                003f9000   00001000  0000071e  000008e2  RWIX


SECTION ALLOCATION MAP

 output                                  attributes/
section   page    origin      length       input sections
--------  ----  ----------  ----------   ----------------
csm_rsvd   0    00000000    00000076     
                  00000000    00000076     DSP281x_CSMPasswords.obj (csm_rsvd)

codestart 
*          0    003f8000    00000002     
                  003f8000    00000002     DSP281x_CodeStartBranch.obj (codestart)

.cinit     0    003f8002    000000c2     
                  003f8002    00000030     esp8266.obj (.cinit)
                  003f8032    0000002a     rts2800_ml.lib : defs.c.obj (.cinit)
                  003f805c    00000029                    : write.c.obj (.cinit)
                  003f8085    00000015     sci.obj (.cinit)
                  003f809a    0000000e     rts2800_ml.lib : exit.c.obj (.cinit)
                  003f80a8    00000005                    : _lock.c.obj (.cinit:__lock)
                  003f80ad    00000005                    : _lock.c.obj (.cinit:__unlock)
                  003f80b2    00000004                    : errno.c.obj (.cinit)
                  003f80b6    00000004                    : fopen.c.obj (.cinit)
                  003f80ba    00000004                    : memory.c.obj (.cinit)
                  003f80be    00000004                    : open.c.obj (.cinit)
                  003f80c2    00000002     --HOLE-- [fill = 0]

ramfuncs   0    003f80c4    00000004     
                  003f80c4    00000004     DSP281x_usDelay.obj (ramfuncs)

DevEmuRegsFile 
*          1    00000880    000000d0     UNINITIALIZED
                  00000880    000000d0     DSP281x_GlobalVariableDefs.obj (DevEmuRegsFile)

FlashRegsFile 
*          1    00000a80    00000008     UNINITIALIZED
                  00000a80    00000008     DSP281x_GlobalVariableDefs.obj (FlashRegsFile)

CsmRegsFile 
*          1    00000ae0    00000010     UNINITIALIZED
                  00000ae0    00000010     DSP281x_GlobalVariableDefs.obj (CsmRegsFile)

XintfRegsFile 
*          1    00000b20    00000020     UNINITIALIZED
                  00000b20    00000020     DSP281x_GlobalVariableDefs.obj (XintfRegsFile)

CpuTimer0RegsFile 
*          1    00000c00    00000008     UNINITIALIZED
                  00000c00    00000008     DSP281x_GlobalVariableDefs.obj (CpuTimer0RegsFile)

CpuTimer1RegsFile 
*          1    00000c08    00000008     UNINITIALIZED
                  00000c08    00000008     DSP281x_GlobalVariableDefs.obj (CpuTimer1RegsFile)

CpuTimer2RegsFile 
*          1    00000c10    00000008     UNINITIALIZED
                  00000c10    00000008     DSP281x_GlobalVariableDefs.obj (CpuTimer2RegsFile)

PieCtrlRegsFile 
*          1    00000ce0    0000001a     UNINITIALIZED
                  00000ce0    0000001a     DSP281x_GlobalVariableDefs.obj (PieCtrlRegsFile)

PieVectTableFile 
*          1    00000d00    00000100     UNINITIALIZED
                  00000d00    00000100     DSP281x_GlobalVariableDefs.obj (PieVectTableFile)

ECanaRegsFile 
*          1    00006000    00000034     UNINITIALIZED
                  00006000    00000034     DSP281x_GlobalVariableDefs.obj (ECanaRegsFile)

ECanaLAMRegsFile 
*          1    00006040    00000040     UNINITIALIZED
                  00006040    00000040     DSP281x_GlobalVariableDefs.obj (ECanaLAMRegsFile)

ECanaMOTSRegsFile 
*          1    00006080    00000040     UNINITIALIZED
                  00006080    00000040     DSP281x_GlobalVariableDefs.obj (ECanaMOTSRegsFile)

ECanaMOTORegsFile 
*          1    000060c0    00000040     UNINITIALIZED
                  000060c0    00000040     DSP281x_GlobalVariableDefs.obj (ECanaMOTORegsFile)

ECanaMboxesFile 
*          1    00006100    00000100     UNINITIALIZED
                  00006100    00000100     DSP281x_GlobalVariableDefs.obj (ECanaMboxesFile)

SysCtrlRegsFile 
*          1    00007010    00000020     UNINITIALIZED
                  00007010    00000020     DSP281x_GlobalVariableDefs.obj (SysCtrlRegsFile)

SpiaRegsFile 
*          1    00007040    00000010     UNINITIALIZED
                  00007040    00000010     DSP281x_GlobalVariableDefs.obj (SpiaRegsFile)

SciaRegsFile 
*          1    00007050    00000010     UNINITIALIZED
                  00007050    00000010     DSP281x_GlobalVariableDefs.obj (SciaRegsFile)

XIntruptRegsFile 
*          1    00007070    00000010     UNINITIALIZED
                  00007070    00000010     DSP281x_GlobalVariableDefs.obj (XIntruptRegsFile)

GpioMuxRegsFile 
*          1    000070c0    00000020     UNINITIALIZED
                  000070c0    00000020     DSP281x_GlobalVariableDefs.obj (GpioMuxRegsFile)

GpioDataRegsFile 
*          1    000070e0    00000020     UNINITIALIZED
                  000070e0    00000020     DSP281x_GlobalVariableDefs.obj (GpioDataRegsFile)

AdcRegsFile 
*          1    00007100    0000001a     UNINITIALIZED
                  00007100    0000001a     DSP281x_GlobalVariableDefs.obj (AdcRegsFile)

EvaRegsFile 
*          1    00007400    00000032     UNINITIALIZED
                  00007400    00000032     DSP281x_GlobalVariableDefs.obj (EvaRegsFile)

EvbRegsFile 
*          1    00007500    00000032     UNINITIALIZED
                  00007500    00000032     DSP281x_GlobalVariableDefs.obj (EvbRegsFile)

ScibRegsFile 
*          1    00007750    00000010     UNINITIALIZED
                  00007750    00000010     DSP281x_GlobalVariableDefs.obj (ScibRegsFile)

McbspaRegsFile 
*          1    00007800    00000025     UNINITIALIZED
                  00007800    00000025     DSP281x_GlobalVariableDefs.obj (McbspaRegsFile)

.text      1    00100000    000022a2     
                  00100000    00000c8e     rts2800_ml.lib : _printfi.c.obj (.text)
                  00100c8e    000001cd                    : memory.c.obj (.text)
                  00100e5b    0000014f     DSP281x_DefaultIsr.obj (.text:retain)
                  00100faa    0000012b     esp8266.obj (.text)
                  001010d5    00000107     rts2800_ml.lib : ll_div28.asm.obj (.text)
                  001011dc    000000f9                    : fopen.c.obj (.text)
                  001012d5    000000e0     main.obj (.text)
                  001013b5    000000ac     rts2800_ml.lib : s_scalbn.c.obj (.text)
                  00101461    000000ab     sci.obj (.text)
                  0010150c    000000a3     rts2800_ml.lib : fputs.c.obj (.text)
                  001015af    0000009c                    : fd_add28.asm.obj (.text)
                  0010164b    00000094                    : trgmsg.c.obj (.text)
                  001016df    0000008b                    : fd_div28.asm.obj (.text)
                  0010176a    00000086     DSP281x_SysCtrl.obj (.text)
                  001017f0    00000083     rts2800_ml.lib : fd_mpy28.asm.obj (.text)
                  00101873    00000079                    : setvbuf.c.obj (.text)
                  001018ec    0000006f                    : open.c.obj (.text)
                  0010195b    0000006b                    : fflush.c.obj (.text)
                  001019c6    00000067                    : _io_perm.c.obj (.text)
                  00101a2d    0000005c                    : hostlseek.c.obj (.text)
                  00101a89    0000005c                    : s_frexp.c.obj (.text)
                  00101ae5    0000005b                    : fclose.c.obj (.text)
                  00101b40    0000005a                    : fs_mpy28.asm.obj (.text)
                  00101b9a    00000054                    : boot28.asm.obj (.text)
                  00101bee    00000050                    : getdevice.c.obj (.text)
                  00101c3e    0000004f                    : fputc.c.obj (.text)
                  00101c8d    0000003f                    : hostrename.c.obj (.text)
                  00101ccc    0000003d                    : fseek.c.obj (.text)
                  00101d09    00000039                    : hostopen.c.obj (.text)
                  00101d42    00000038                    : hostread.c.obj (.text)
                  00101d7a    00000038                    : hostwrite.c.obj (.text)
                  00101db2    00000034                    : printf.c.obj (.text)
                  00101de6    00000033     sci.obj (.text:retain)
                  00101e19    00000033     rts2800_ml.lib : close.c.obj (.text)
                  00101e4c    00000031                    : atoi.c.obj (.text)
                  00101e7d    0000002e                    : ltoa.c.obj (.text)
                  00101eab    0000002a                    : fd_cmp28.asm.obj (.text)
                  00101ed5    0000002a                    : l_div28.asm.obj (.text)
                  00101eff    00000029                    : exit.c.obj (.text)
                  00101f28    00000029                    : fs_tol28.asm.obj (.text)
                  00101f51    00000028     DSP281x_PieCtrl.obj (.text)
                  00101f79    00000027     rts2800_ml.lib : hostclose.c.obj (.text)
                  00101fa0    00000025                    : hostunlink.c.obj (.text)
                  00101fc5    00000024                    : cpy_tbl.c.obj (.text)
                  00101fe9    00000023                    : s_copysign.c.obj (.text)
                  0010200c    00000022                    : strncpy.c.obj (.text)
                  0010202e    00000021                    : fd_toi28.asm.obj (.text)
                  0010204f    00000020     DSP281x_PieVect.obj (.text)
                  0010206f    0000001f     rts2800_ml.lib : fd_tol28.asm.obj (.text)
                  0010208e    0000001e                    : ll_cmp28.asm.obj (.text)
                  001020ac    0000001d                    : fs_tou28.asm.obj (.text)
                  001020c9    0000001d                    : i_tofd28.asm.obj (.text)
                  001020e6    0000001d                    : memcpy.c.obj (.text)
                  00102103    0000001c                    : fs_tofd28.asm.obj (.text)
                  0010211f    0000001c                    : l_tofd28.asm.obj (.text)
                  0010213b    0000001a                    : l_tofs28.asm.obj (.text)
                  00102155    00000019                    : args_main.c.obj (.text)
                  0010216e    00000019                    : unlink.c.obj (.text)
                  00102187    00000018                    : ll_aox28.asm.obj (.text)
                  0010219f    00000018                    : lseek.c.obj (.text)
                  001021b7    00000018                    : write.c.obj (.text)
                  001021cf    00000017                    : fs_cmp28.asm.obj (.text)
                  001021e6    00000013     DSP281x_Adc.obj (.text)
                  001021f9    00000010     rts2800_ml.lib : memchr.c.obj (.text)
                  00102209    00000010                    : u_tofs28.asm.obj (.text)
                  00102219    0000000e                    : fd_sub28.asm.obj (.text)
                  00102227    0000000d     DSP281x_Gpio.obj (.text)
                  00102234    0000000d     rts2800_ml.lib : memccpy.c.obj (.text)
                  00102241    0000000c                    : memset.c.obj (.text)
                  0010224d    0000000b                    : strchr.c.obj (.text)
                  00102258    0000000a                    : strcmp.c.obj (.text)
                  00102262    00000009                    : _lock.c.obj (.text)
                  0010226b    00000009                    : fd_neg28.asm.obj (.text)
                  00102274    00000008     DSP281x_CodeStartBranch.obj (.text)
                  0010227c    00000008     DSP281x_XintfBootReset.obj (.text)
                  00102284    00000008     rts2800_ml.lib : strlen.c.obj (.text)
                  0010228c    00000008                    : wcslen.c.obj (.text)
                  00102294    00000005                    : strcpy.c.obj (.text)
                  00102299    00000003     DSP281x_DBGIER.obj (.text)
                  0010229c    00000003     rts2800_ml.lib : remove.c.obj (.text)
                  0010229f    00000002                    : pre_init.c.obj (.text)
                  001022a1    00000001                    : startup.c.obj (.text)

CsmPwlFile 
*          1    003f7ff8    00000008     UNINITIALIZED
                  003f7ff8    00000008     DSP281x_GlobalVariableDefs.obj (CsmPwlFile)

.pinit     0    003f8002    00000000     UNINITIALIZED

.reset     0    003fffc0    00000002     DSECT
                  003fffc0    00000002     rts2800_ml.lib : boot28.asm.obj (.reset)

.stack     1    00000400    00000400     UNINITIALIZED
                  00000400    00000400     --HOLE--

.ebss      1    001022a2    00000450     UNINITIALIZED
                  001022a2    00000018     DSP281x_CpuTimers.obj (.ebss)
                  001022ba    00000006     rts2800_ml.lib : exit.c.obj (.ebss)
                  001022c0    00000180     sci.obj (.ebss)
                  00102440    00000160     rts2800_ml.lib : defs.c.obj (.ebss)
                  001025a0    00000008                    : hostopen.c.obj (.ebss)
                  001025a8    00000008                    : memory.c.obj (.ebss)
                  001025b0    00000002                    : _lock.c.obj (.ebss:__lock)
                  001025b2    00000002                    : _lock.c.obj (.ebss:__unlock)
                  001025b4    00000001                    : errno.c.obj (.ebss)
                  001025b5    00000001                    : fopen.c.obj (.ebss)
                  001025b6    00000001                    : open.c.obj (.ebss)
                  001025b7    00000009     --HOLE--
                  001025c0    00000088                    : write.c.obj (.ebss)
                  00102648    00000022     main.obj (.ebss)
                  0010266a    00000016     --HOLE--
                  00102680    00000072     esp8266.obj (.ebss)

.esysmem   1    003f9000    00000400     UNINITIALIZED
                  003f9000    00000001     rts2800_ml.lib : memory.c.obj (.esysmem)
                  003f9001    000003ff     --HOLE--

.econst    1    003f9400    0000031e     
                  003f9400    00000101     rts2800_ml.lib : ctype.c.obj (.econst:.string:__ctypes_)
                  003f9501    00000001     --HOLE-- [fill = 0]
                  003f9502    00000100     DSP281x_PieVect.obj (.econst:_PieVectTableInit)
                  003f9602    000000a5     esp8266.obj (.econst:.string)
                  003f96a7    00000001     --HOLE-- [fill = 0]
                  003f96a8    00000026     rts2800_ml.lib : _printfi.c.obj (.econst:.string)
                  003f96ce    0000001c                    : _printfi.c.obj (.econst)
                  003f96ea    0000001c                    : s_scalbn.c.obj (.econst)
                  003f9706    00000008                    : s_frexp.c.obj (.econst)
                  003f970e    00000007     esp8266.obj (.econst:.string:_$P$T0$1)
                  003f9715    00000007     esp8266.obj (.econst:.string:_$P$T1$2)
                  003f971c    00000002     rts2800_ml.lib : fputs.c.obj (.econst:.string)

csmpasswds 
*          0    00000076    00000008     
                  00000076    00000008     DSP281x_CSMPasswords.obj (csmpasswds)

reset_vec 
*          0    0000007e    00000002     
                  0000007e    00000002     DSP281x_XintfBootReset.obj (reset_vec)

.cio       1    00102700    00000120     UNINITIALIZED
                  00102700    00000120     rts2800_ml.lib : trgmsg.c.obj (.cio)

MODULE SUMMARY

       Module                           code   initialized data   uninitialized data
       ------                           ----   ----------------   ------------------
    ./DSP281x_common/source/
       DSP281x_DefaultIsr.obj           335    0                  0                 
       DSP281x_PieVect.obj              32     256                0                 
       DSP281x_SysCtrl.obj              134    0                  0                 
       DSP281x_CSMPasswords.obj         0      126                0                 
       DSP281x_PieCtrl.obj              40     0                  0                 
       DSP281x_CpuTimers.obj            0      0                  24                
       DSP281x_Adc.obj                  19     0                  0                 
       DSP281x_Gpio.obj                 13     0                  0                 
       DSP281x_CodeStartBranch.obj      10     0                  0                 
       DSP281x_XintfBootReset.obj       8      2                  0                 
       DSP281x_usDelay.obj              4      0                  0                 
       DSP281x_DBGIER.obj               3      0                  0                 
    +--+--------------------------------+------+------------------+--------------------+
       Total:                           598    384                24                
                                                                                    
    ./DSP281x_headers/source/
       DSP281x_GlobalVariableDefs.obj   0      0                  1401              
    +--+--------------------------------+------+------------------+--------------------+
       Total:                           0      0                  1401              
                                                                                    
    ./src/
       esp8266.obj                      299    227                114               
       sci.obj                          222    21                 384               
       main.obj                         224    0                  34                
    +--+--------------------------------+------+------------------+--------------------+
       Total:                           745    248                532               
                                                                                    
    /opt/ti/ccsv8/tools/compiler/ti-cgt-c2000_18.1.3.LTS/lib/rts2800_ml.lib
       _printfi.c.obj                   3214   66                 0                 
       memory.c.obj                     461    4                  8                 
       trgmsg.c.obj                     148    0                  288               
       defs.c.obj                       0      42                 352               
       ll_div28.asm.obj                 263    0                  0                 
       ctype.c.obj                      0      257                0                 
       fopen.c.obj                      249    4                  1                 
       write.c.obj                      24     41                 136               
       s_scalbn.c.obj                   172    28                 0                 
       fputs.c.obj                      163    2                  0                 
       fd_add28.asm.obj                 156    0                  0                 
       fd_div28.asm.obj                 139    0                  0                 
       fd_mpy28.asm.obj                 131    0                  0                 
       setvbuf.c.obj                    121    0                  0                 
       open.c.obj                       111    4                  1                 
       fflush.c.obj                     107    0                  0                 
       _io_perm.c.obj                   103    0                  0                 
       s_frexp.c.obj                    92     8                  0                 
       hostlseek.c.obj                  92     0                  0                 
       fclose.c.obj                     91     0                  0                 
       fs_mpy28.asm.obj                 90     0                  0                 
       boot28.asm.obj                   84     0                  0                 
       getdevice.c.obj                  80     0                  0                 
       fputc.c.obj                      79     0                  0                 
       hostopen.c.obj                   57     0                  8                 
       hostrename.c.obj                 63     0                  0                 
       exit.c.obj                       41     14                 6                 
       fseek.c.obj                      61     0                  0                 
       hostread.c.obj                   56     0                  0                 
       hostwrite.c.obj                  56     0                  0                 
       printf.c.obj                     52     0                  0                 
       close.c.obj                      51     0                  0                 
       atoi.c.obj                       49     0                  0                 
       ltoa.c.obj                       46     0                  0                 
       fd_cmp28.asm.obj                 42     0                  0                 
       l_div28.asm.obj                  42     0                  0                 
       fs_tol28.asm.obj                 41     0                  0                 
       hostclose.c.obj                  39     0                  0                 
       hostunlink.c.obj                 37     0                  0                 
       cpy_tbl.c.obj                    36     0                  0                 
       s_copysign.c.obj                 35     0                  0                 
       strncpy.c.obj                    34     0                  0                 
       fd_toi28.asm.obj                 33     0                  0                 
       fd_tol28.asm.obj                 31     0                  0                 
       ll_cmp28.asm.obj                 30     0                  0                 
       fs_tou28.asm.obj                 29     0                  0                 
       i_tofd28.asm.obj                 29     0                  0                 
       memcpy.c.obj                     29     0                  0                 
       fs_tofd28.asm.obj                28     0                  0                 
       l_tofd28.asm.obj                 28     0                  0                 
       l_tofs28.asm.obj                 26     0                  0                 
       args_main.c.obj                  25     0                  0                 
       unlink.c.obj                     25     0                  0                 
       ll_aox28.asm.obj                 24     0                  0                 
       lseek.c.obj                      24     0                  0                 
       _lock.c.obj                      9      10                 4                 
       fs_cmp28.asm.obj                 23     0                  0                 
       memchr.c.obj                     16     0                  0                 
       u_tofs28.asm.obj                 16     0                  0                 
       fd_sub28.asm.obj                 14     0                  0                 
       memccpy.c.obj                    13     0                  0                 
       memset.c.obj                     12     0                  0                 
       strchr.c.obj                     11     0                  0                 
       strcmp.c.obj                     10     0                  0                 
       fd_neg28.asm.obj                 9      0                  0                 
       strlen.c.obj                     8      0                  0                 
       wcslen.c.obj                     8      0                  0                 
       errno.c.obj                      0      4                  1                 
       strcpy.c.obj                     5      0                  0                 
       remove.c.obj                     3      0                  0                 
       pre_init.c.obj                   2      0                  0                 
       startup.c.obj                    1      0                  0                 
    +--+--------------------------------+------+------------------+--------------------+
       Total:                           7529   484                805               
                                                                                    
       Heap:                            0      0                  1024              
       Stack:                           0      0                  1024              
    +--+--------------------------------+------+------------------+--------------------+
       Grand Total:                     8872   1116               4810              


GLOBAL DATA SYMBOLS: SORTED BY DATA PAGE

address     data page           name
--------    ----------------    ----
00000400      10 (00000400)     __stack

00000880      22 (00000880)     _DevEmuRegs

00000a80      2a (00000a80)     _FlashRegs

00000ae0      2b (00000ac0)     _CsmRegs

00000b20      2c (00000b00)     _XintfRegs

00000c00      30 (00000c00)     _CpuTimer0Regs
00000c08      30 (00000c00)     _CpuTimer1Regs
00000c10      30 (00000c00)     _CpuTimer2Regs

00000ce0      33 (00000cc0)     _PieCtrlRegs

00000d00      34 (00000d00)     _PieVectTable

00006000     180 (00006000)     _ECanaRegs

00006040     181 (00006040)     _ECanaLAMRegs

00006080     182 (00006080)     _ECanaMOTSRegs

000060c0     183 (000060c0)     _ECanaMOTORegs

00006100     184 (00006100)     _ECanaMboxes

00007010     1c0 (00007000)     _SysCtrlRegs

00007040     1c1 (00007040)     _SpiaRegs
00007050     1c1 (00007040)     _SciaRegs
00007070     1c1 (00007040)     _XIntruptRegs

000070c0     1c3 (000070c0)     _GpioMuxRegs
000070e0     1c3 (000070c0)     _GpioDataRegs

00007100     1c4 (00007100)     _AdcRegs

00007400     1d0 (00007400)     _EvaRegs

00007500     1d4 (00007500)     _EvbRegs

00007750     1dd (00007740)     _ScibRegs

00007800     1e0 (00007800)     _McbspaRegs

001022a2    408a (00102280)     _CpuTimer1
001022aa    408a (00102280)     _CpuTimer2
001022b2    408a (00102280)     _CpuTimer0
001022ba    408a (00102280)     ___TI_enable_exit_profile_output
001022bc    408a (00102280)     ___TI_cleanup_ptr
001022be    408a (00102280)     ___TI_dtors_ptr

001022c0    408b (001022c0)     _scia_rx_count
001022c1    408b (001022c0)     _scib_rx_count
001022c2    408b (001022c0)     _scib_data_flag
001022c3    408b (001022c0)     _scia_data_flag
001022c4    408b (001022c0)     _sci_count
001022c6    408b (001022c0)     _scia_char_signal
001022c8    408b (001022c0)     _scib_buffer

00102300    408c (00102300)     _scia_buffer

00102340    408d (00102340)     _sci_buffer

00102440    4091 (00102440)     ___TI_ft_end

00102480    4092 (00102480)     __ftable

00102500    4094 (00102500)     ___TI_tmpnams

001025a0    4096 (00102580)     _parmbuf
001025b0    4096 (00102580)     __lock
001025b2    4096 (00102580)     __unlock
001025b4    4096 (00102580)     _errno

001025c0    4097 (001025c0)     __stream

00102600    4098 (00102600)     __device

00102648    4099 (00102640)     _rdata_pointB
00102649    4099 (00102640)     _rdata_pointA
0010264a    4099 (00102640)     _rdataB
00102652    4099 (00102640)     _sdataB
0010265a    4099 (00102640)     _sdataA
00102662    4099 (00102640)     _rdataA

00102680    409a (00102680)     _is_enable_send
00102681    409a (00102680)     _rx_count
00102682    409a (00102680)     _cmd_at_reset
00102684    409a (00102680)     _cmd_at_user_ssid_passwd
00102686    409a (00102680)     _cmd_at_air_mode
00102688    409a (00102680)     _cmd_at_hoc_mode
0010268a    409a (00102680)     _cmd_at_connect_to_wifi
0010268c    409a (00102680)     _cmd_at_set_ip
0010268e    409a (00102680)     _cmd_at_mode
00102690    409a (00102680)     _cmd_at_start

001026c0    409b (001026c0)     _rx_buffer

00102700    409c (00102700)     __CIOBUF_

003f7ff8    fdff (003f7fc0)     _CsmPwl

003f9000    fe40 (003f9000)     __sys_memory

003f9400    fe50 (003f9400)     __ctypes_

003f9502    fe54 (003f9500)     _PieVectTableInit


GLOBAL SYMBOLS: SORTED ALPHABETICALLY BY Name 

page  address   name                            
----  -------   ----                            
1     00100000  .text                           
1     00101eff  C$$EXIT                         
1     0010169e  C$$IO$$                         
1     001015af  FD$$ADD                         
1     00101eab  FD$$CMP                         
1     001016df  FD$$DIV                         
1     001017f0  FD$$MPY                         
1     0010226b  FD$$NEG                         
1     00102219  FD$$SUB                         
1     0010202e  FD$$TOI                         
1     0010206f  FD$$TOL                         
1     001021cf  FS$$CMP                         
1     00101b40  FS$$MPY                         
1     00102103  FS$$TOFD                        
1     00101f28  FS$$TOL                         
1     001020ac  FS$$TOU                         
1     001020c9  I$$TOFD                         
1     00101ed5  L$$DIV                          
1     00101ee4  L$$MOD                          
1     0010211f  L$$TOFD                         
1     0010213b  L$$TOFS                         
1     00102187  LL$$AND                         
1     0010208e  LL$$CMP                         
1     001010d5  LL$$DIV                         
1     00101111  LL$$MOD                         
1     0010218f  LL$$OR                          
1     00102197  LL$$XOR                         
1     00102209  U$$TOFS                         
1     00101ef2  UL$$DIV                         
1     00101ef9  UL$$MOD                         
1     001020a0  ULL$$CMP                        
1     0010114b  ULL$$DIV                        
1     0010117a  ULL$$MOD                        
1     00100ece  _ADCINT_ISR                     
1     00007100  _AdcRegs                        
1     00100f14  _CAPINT1_ISR                    
1     00100f19  _CAPINT2_ISR                    
1     00100f1e  _CAPINT3_ISR                    
1     00100f5a  _CAPINT4_ISR                    
1     00100f5f  _CAPINT5_ISR                    
1     00100f64  _CAPINT6_ISR                    
1     00100edd  _CMP1INT_ISR                    
1     00100ee2  _CMP2INT_ISR                    
1     00100ee7  _CMP3INT_ISR                    
1     00100f23  _CMP4INT_ISR                    
1     00100f28  _CMP5INT_ISR                    
1     00100f2d  _CMP6INT_ISR                    
1     001022b2  _CpuTimer0                      
1     00000c00  _CpuTimer0Regs                  
1     001022a2  _CpuTimer1                      
1     00000c08  _CpuTimer1Regs                  
1     001022aa  _CpuTimer2                      
1     00000c10  _CpuTimer2Regs                  
1     003f7ff8  _CsmPwl                         
1     00000ae0  _CsmRegs                        
1     001017bf  _CsmUnlock                      
1     00100e65  _DATALOG_ISR                    
0     003f80c4  _DSP28x_usDelay                 
1     00000880  _DevEmuRegs                     
1     0010177c  _DisableDog                     
1     00100f91  _ECAN0INTA_ISR                  
1     00100f96  _ECAN1INTA_ISR                  
1     00006040  _ECanaLAMRegs                   
1     000060c0  _ECanaMOTORegs                  
1     00006080  _ECanaMOTSRegs                  
1     00006100  _ECanaMboxes                    
1     00006000  _ECanaRegs                      
1     00100f9b  _EMPTY_ISR                      
1     00100e6f  _EMUINT_ISR                     
1     00101f70  _EnableInterrupts               
1     00007400  _EvaRegs                        
1     00007500  _EvbRegs                        
1     00000a80  _FlashRegs                      
1     000070e0  _GpioDataRegs                   
1     000070c0  _GpioMuxRegs                    
1     00101f79  _HOSTclose                      
1     00101a2d  _HOSTlseek                      
1     00101d09  _HOSTopen                       
1     00101d42  _HOSTread                       
1     00101c8d  _HOSTrename                     
1     00101fa0  _HOSTunlink                     
1     00101d7a  _HOSTwrite                      
1     00100e79  _ILLEGAL_ISR                    
1     00100e5b  _INT13_ISR                      
1     00100e60  _INT14_ISR                      
1     001021e6  _InitAdc                        
1     00102227  _InitGpio                       
1     001017a5  _InitPeripheralClocks           
1     00101f51  _InitPieCtrl                    
1     0010204f  _InitPieVectTable               
1     00101784  _InitPll                        
1     0010176a  _InitSysCtrl                    
1     00101772  _KickDog                        
1     00100f73  _MRINTA_ISR                     
1     00100f78  _MXINTA_ISR                     
1     00007800  _McbspaRegs                     
1     00100e74  _NMI_ISR                        
1     00100eba  _PDPINTA_ISR                    
1     00100ebf  _PDPINTB_ISR                    
1     00100fa0  _PIE_RESERVED                   
1     00000ce0  _PieCtrlRegs                    
1     00000d00  _PieVectTable                   
1     003f9502  _PieVectTableInit               
1     00100e6a  _RTOSINT_ISR                    
1     00100f7d  _SCIRXINTA_ISR                  
1     00100f87  _SCIRXINTB_ISR                  
1     00100f82  _SCITXINTA_ISR                  
1     00100f8c  _SCITXINTB_ISR                  
1     00101461  _SCI_INIT                       
1     00100f69  _SPIRXINTA_ISR                  
1     00100f6e  _SPITXINTA_ISR                  
1     00007050  _SciaRegs                       
1     00007750  _ScibRegs                       
1     00102299  _SetDBGIER                      
1     00007040  _SpiaRegs                       
1     00007010  _SysCtrlRegs                    
1     00100ef1  _T1CINT_ISR                     
1     00100efb  _T1OFINT_ISR                    
1     00100eec  _T1PINT_ISR                     
1     00100ef6  _T1UFINT_ISR                    
1     00100f05  _T2CINT_ISR                     
1     00100f0f  _T2OFINT_ISR                    
1     00100f00  _T2PINT_ISR                     
1     00100f0a  _T2UFINT_ISR                    
1     00100f37  _T3CINT_ISR                     
1     00100f41  _T3OFINT_ISR                    
1     00100f32  _T3PINT_ISR                     
1     00100f3c  _T3UFINT_ISR                    
1     00100f4b  _T4CINT_ISR                     
1     00100f55  _T4OFINT_ISR                    
1     00100f46  _T4PINT_ISR                     
1     00100f50  _T4UFINT_ISR                    
1     00100ed3  _TINT0_ISR                      
1     00100eab  _USER10_ISR                     
1     00100eb0  _USER11_ISR                     
1     00100eb5  _USER12_ISR                     
1     00100e7e  _USER1_ISR                      
1     00100e83  _USER2_ISR                      
1     00100e88  _USER3_ISR                      
1     00100e8d  _USER4_ISR                      
1     00100e92  _USER5_ISR                      
1     00100e97  _USER6_ISR                      
1     00100e9c  _USER7_ISR                      
1     00100ea1  _USER8_ISR                      
1     00100ea6  _USER9_ISR                      
1     00100ed8  _WAKEINT_ISR                    
1     00100ec4  _XINT1_ISR                      
1     00100ec9  _XINT2_ISR                      
1     00007070  _XIntruptRegs                   
1     00000b20  _XintfRegs                      
1     00102700  __CIOBUF_                       
1     00000800  __STACK_END                     
abs   00000400  __STACK_SIZE                    
abs   00000400  __SYSMEM_SIZE                   
1     00101254  ___TI_cleanup                   
1     001022bc  ___TI_cleanup_ptr               
1     00101ae5  ___TI_closefile                 
1     0010195b  ___TI_doflush                   
1     001022be  ___TI_dtors_ptr                 
1     001022ba  ___TI_enable_exit_profile_output
1     00102440  ___TI_ft_end                    
abs   ffffffff  ___TI_pprof_out_hndl            
1     00100b05  ___TI_printfi                   
abs   ffffffff  ___TI_prof_data_size            
abs   ffffffff  ___TI_prof_data_start           
1     00101a01  ___TI_rd_ok                     
1     001016a3  ___TI_readmsg                   
1     00102500  ___TI_tmpnams                   
1     0010164b  ___TI_writemsg                  
1     001019c6  ___TI_wrt_ok                    
abs   ffffffff  ___binit__                      
abs   ffffffff  ___c_args__                     
0     003f8002  ___cinit__                      
1     001022a2  ___etext__                      
abs   ffffffff  ___pinit__                      
1     00100000  ___text__                       
1     00102155  __args_main                     
1     003f9400  __ctypes_                       
1     00102600  __device                        
1     00102480  __ftable                        
1     001025b0  __lock                          
1     0010226a  __nop                           
1     00102266  __register_lock                 
1     00102262  __register_unlock               
1     00000400  __stack                         
1     001025c0  __stream                        
1     003f9000  __sys_memory                    
1     001022a1  __system_post_cinit             
1     0010229f  __system_pre_init               
1     001025b2  __unlock                        
1     00101eff  _abort                          
1     00101e4c  _atoi                           
1     00101b9a  _c_int00                        
1     00100e44  _calloc                         
1     00100e42  _chkheap                        
1     00101e19  _close                          
1     00102686  _cmd_at_air_mode                
1     0010268a  _cmd_at_connect_to_wifi         
1     00102688  _cmd_at_hoc_mode                
1     0010268e  _cmd_at_mode                    
1     00102682  _cmd_at_reset                   
1     0010268c  _cmd_at_set_ip                  
1     00102690  _cmd_at_start                   
1     00102684  _cmd_at_user_ssid_passwd        
1     00101fc5  _copy_in                        
1     00101fe9  _copysignl                      
1     001025b4  _errno                          
1     001014b5  _error                          
1     00100fbc  _esp8266_init                   
1     0010104f  _esp8266_read_signal            
1     00100fe6  _esp8266_reset                  
1     00100fec  _esp8266_write_to_host          
1     00101f01  _exit                           
1     00101b27  _fclose                         
1     0010198a  _fflush                         
1     00101bee  _finddevice                     
1     0010128f  _fopen                          
1     00101c3e  _fputc                          
1     0010150c  _fputs                          
1     00100c8e  _free                           
1     00100e27  _free_memory                    
1     00101271  _freopen                        
1     00101a89  _frexpl                         
1     00101ccc  _fseek                          
1     00101c0a  _getdevice                      
1     00102680  _is_enable_send                 
1     001013b5  _ldexpl                         
1     0010219f  _lseek                          
1     00101e7d  _ltoa                           
1     001012d5  _main                           
1     00100cf7  _malloc                         
1     00100e08  _max_free                       
1     00102234  _memccpy                        
1     001021f9  _memchr                         
1     001020e6  _memcpy                         
1     00102241  _memset                         
1     00100cd4  _minit                          
1     001018ec  _open                           
1     001025a0  _parmbuf                        
1     00101db8  _printf                         
1     00101c3e  _putc                           
1     00101c88  _putchar                        
1     0010159c  _puts                           
1     00102662  _rdataA                         
1     0010264a  _rdataB                         
1     00102649  _rdata_pointA                   
1     00102648  _rdata_pointB                   
1     00100d54  _realloc                        
1     0010229c  _remove                         
1     00100fa5  _rsvd_ISR                       
1     001026c0  _rx_buffer                      
1     00102681  _rx_count                       
1     001013b5  _scalbnl                        
1     00102340  _sci_buffer                     
1     001022c4  _sci_count                      
1     00101de6  _sciaRxFifoIsr                  
1     00102300  _scia_buffer                    
1     001022c6  _scia_char_signal               
1     001022c3  _scia_data_flag                 
1     001014db  _scia_fifo_init                 
1     001014d2  _scia_is_have_data              
1     00101481  _scia_msg                       
1     001014b7  _scia_read_all                  
1     001022c0  _scia_rx_count                  
1     00101473  _scia_xmit                      
1     00101e05  _scibRxFifoIsr                  
1     001022c8  _scib_buffer                    
1     001022c2  _scib_data_flag                 
1     001014f6  _scib_fifo_init                 
1     001014da  _scib_is_have_data              
1     001014a2  _scib_msg                       
1     001014ce  _scib_read_all                  
1     001022c1  _scib_rx_count                  
1     00101494  _scib_xmit                      
1     0010265a  _sdataA                         
1     00102652  _sdataB                         
1     00101873  _setvbuf                        
1     0010224d  _strchr                         
1     00102258  _strcmp                         
1     001010b9  _strcmp_user                    
1     00102294  _strcpy                         
1     00102284  _strlen                         
1     0010200c  _strncpy                        
1     0010216e  _unlink                         
1     0010228c  _wcslen                         
1     001021b7  _write                          
abs   ffffffff  binit                           
0     003f8002  cinit                           
1     001022a2  etext                           
abs   ffffffff  pinit                           


GLOBAL SYMBOLS: SORTED BY Symbol Address 

page  address   name                            
----  -------   ----                            
0     003f8002  ___cinit__                      
0     003f8002  cinit                           
0     003f80c4  _DSP28x_usDelay                 
1     00000400  __stack                         
1     00000800  __STACK_END                     
1     00000880  _DevEmuRegs                     
1     00000a80  _FlashRegs                      
1     00000ae0  _CsmRegs                        
1     00000b20  _XintfRegs                      
1     00000c00  _CpuTimer0Regs                  
1     00000c08  _CpuTimer1Regs                  
1     00000c10  _CpuTimer2Regs                  
1     00000ce0  _PieCtrlRegs                    
1     00000d00  _PieVectTable                   
1     00006000  _ECanaRegs                      
1     00006040  _ECanaLAMRegs                   
1     00006080  _ECanaMOTSRegs                  
1     000060c0  _ECanaMOTORegs                  
1     00006100  _ECanaMboxes                    
1     00007010  _SysCtrlRegs                    
1     00007040  _SpiaRegs                       
1     00007050  _SciaRegs                       
1     00007070  _XIntruptRegs                   
1     000070c0  _GpioMuxRegs                    
1     000070e0  _GpioDataRegs                   
1     00007100  _AdcRegs                        
1     00007400  _EvaRegs                        
1     00007500  _EvbRegs                        
1     00007750  _ScibRegs                       
1     00007800  _McbspaRegs                     
1     00100000  .text                           
1     00100000  ___text__                       
1     00100b05  ___TI_printfi                   
1     00100c8e  _free                           
1     00100cd4  _minit                          
1     00100cf7  _malloc                         
1     00100d54  _realloc                        
1     00100e08  _max_free                       
1     00100e27  _free_memory                    
1     00100e42  _chkheap                        
1     00100e44  _calloc                         
1     00100e5b  _INT13_ISR                      
1     00100e60  _INT14_ISR                      
1     00100e65  _DATALOG_ISR                    
1     00100e6a  _RTOSINT_ISR                    
1     00100e6f  _EMUINT_ISR                     
1     00100e74  _NMI_ISR                        
1     00100e79  _ILLEGAL_ISR                    
1     00100e7e  _USER1_ISR                      
1     00100e83  _USER2_ISR                      
1     00100e88  _USER3_ISR                      
1     00100e8d  _USER4_ISR                      
1     00100e92  _USER5_ISR                      
1     00100e97  _USER6_ISR                      
1     00100e9c  _USER7_ISR                      
1     00100ea1  _USER8_ISR                      
1     00100ea6  _USER9_ISR                      
1     00100eab  _USER10_ISR                     
1     00100eb0  _USER11_ISR                     
1     00100eb5  _USER12_ISR                     
1     00100eba  _PDPINTA_ISR                    
1     00100ebf  _PDPINTB_ISR                    
1     00100ec4  _XINT1_ISR                      
1     00100ec9  _XINT2_ISR                      
1     00100ece  _ADCINT_ISR                     
1     00100ed3  _TINT0_ISR                      
1     00100ed8  _WAKEINT_ISR                    
1     00100edd  _CMP1INT_ISR                    
1     00100ee2  _CMP2INT_ISR                    
1     00100ee7  _CMP3INT_ISR                    
1     00100eec  _T1PINT_ISR                     
1     00100ef1  _T1CINT_ISR                     
1     00100ef6  _T1UFINT_ISR                    
1     00100efb  _T1OFINT_ISR                    
1     00100f00  _T2PINT_ISR                     
1     00100f05  _T2CINT_ISR                     
1     00100f0a  _T2UFINT_ISR                    
1     00100f0f  _T2OFINT_ISR                    
1     00100f14  _CAPINT1_ISR                    
1     00100f19  _CAPINT2_ISR                    
1     00100f1e  _CAPINT3_ISR                    
1     00100f23  _CMP4INT_ISR                    
1     00100f28  _CMP5INT_ISR                    
1     00100f2d  _CMP6INT_ISR                    
1     00100f32  _T3PINT_ISR                     
1     00100f37  _T3CINT_ISR                     
1     00100f3c  _T3UFINT_ISR                    
1     00100f41  _T3OFINT_ISR                    
1     00100f46  _T4PINT_ISR                     
1     00100f4b  _T4CINT_ISR                     
1     00100f50  _T4UFINT_ISR                    
1     00100f55  _T4OFINT_ISR                    
1     00100f5a  _CAPINT4_ISR                    
1     00100f5f  _CAPINT5_ISR                    
1     00100f64  _CAPINT6_ISR                    
1     00100f69  _SPIRXINTA_ISR                  
1     00100f6e  _SPITXINTA_ISR                  
1     00100f73  _MRINTA_ISR                     
1     00100f78  _MXINTA_ISR                     
1     00100f7d  _SCIRXINTA_ISR                  
1     00100f82  _SCITXINTA_ISR                  
1     00100f87  _SCIRXINTB_ISR                  
1     00100f8c  _SCITXINTB_ISR                  
1     00100f91  _ECAN0INTA_ISR                  
1     00100f96  _ECAN1INTA_ISR                  
1     00100f9b  _EMPTY_ISR                      
1     00100fa0  _PIE_RESERVED                   
1     00100fa5  _rsvd_ISR                       
1     00100fbc  _esp8266_init                   
1     00100fe6  _esp8266_reset                  
1     00100fec  _esp8266_write_to_host          
1     0010104f  _esp8266_read_signal            
1     001010b9  _strcmp_user                    
1     001010d5  LL$$DIV                         
1     00101111  LL$$MOD                         
1     0010114b  ULL$$DIV                        
1     0010117a  ULL$$MOD                        
1     00101254  ___TI_cleanup                   
1     00101271  _freopen                        
1     0010128f  _fopen                          
1     001012d5  _main                           
1     001013b5  _ldexpl                         
1     001013b5  _scalbnl                        
1     00101461  _SCI_INIT                       
1     00101473  _scia_xmit                      
1     00101481  _scia_msg                       
1     00101494  _scib_xmit                      
1     001014a2  _scib_msg                       
1     001014b5  _error                          
1     001014b7  _scia_read_all                  
1     001014ce  _scib_read_all                  
1     001014d2  _scia_is_have_data              
1     001014da  _scib_is_have_data              
1     001014db  _scia_fifo_init                 
1     001014f6  _scib_fifo_init                 
1     0010150c  _fputs                          
1     0010159c  _puts                           
1     001015af  FD$$ADD                         
1     0010164b  ___TI_writemsg                  
1     0010169e  C$$IO$$                         
1     001016a3  ___TI_readmsg                   
1     001016df  FD$$DIV                         
1     0010176a  _InitSysCtrl                    
1     00101772  _KickDog                        
1     0010177c  _DisableDog                     
1     00101784  _InitPll                        
1     001017a5  _InitPeripheralClocks           
1     001017bf  _CsmUnlock                      
1     001017f0  FD$$MPY                         
1     00101873  _setvbuf                        
1     001018ec  _open                           
1     0010195b  ___TI_doflush                   
1     0010198a  _fflush                         
1     001019c6  ___TI_wrt_ok                    
1     00101a01  ___TI_rd_ok                     
1     00101a2d  _HOSTlseek                      
1     00101a89  _frexpl                         
1     00101ae5  ___TI_closefile                 
1     00101b27  _fclose                         
1     00101b40  FS$$MPY                         
1     00101b9a  _c_int00                        
1     00101bee  _finddevice                     
1     00101c0a  _getdevice                      
1     00101c3e  _fputc                          
1     00101c3e  _putc                           
1     00101c88  _putchar                        
1     00101c8d  _HOSTrename                     
1     00101ccc  _fseek                          
1     00101d09  _HOSTopen                       
1     00101d42  _HOSTread                       
1     00101d7a  _HOSTwrite                      
1     00101db8  _printf                         
1     00101de6  _sciaRxFifoIsr                  
1     00101e05  _scibRxFifoIsr                  
1     00101e19  _close                          
1     00101e4c  _atoi                           
1     00101e7d  _ltoa                           
1     00101eab  FD$$CMP                         
1     00101ed5  L$$DIV                          
1     00101ee4  L$$MOD                          
1     00101ef2  UL$$DIV                         
1     00101ef9  UL$$MOD                         
1     00101eff  C$$EXIT                         
1     00101eff  _abort                          
1     00101f01  _exit                           
1     00101f28  FS$$TOL                         
1     00101f51  _InitPieCtrl                    
1     00101f70  _EnableInterrupts               
1     00101f79  _HOSTclose                      
1     00101fa0  _HOSTunlink                     
1     00101fc5  _copy_in                        
1     00101fe9  _copysignl                      
1     0010200c  _strncpy                        
1     0010202e  FD$$TOI                         
1     0010204f  _InitPieVectTable               
1     0010206f  FD$$TOL                         
1     0010208e  LL$$CMP                         
1     001020a0  ULL$$CMP                        
1     001020ac  FS$$TOU                         
1     001020c9  I$$TOFD                         
1     001020e6  _memcpy                         
1     00102103  FS$$TOFD                        
1     0010211f  L$$TOFD                         
1     0010213b  L$$TOFS                         
1     00102155  __args_main                     
1     0010216e  _unlink                         
1     00102187  LL$$AND                         
1     0010218f  LL$$OR                          
1     00102197  LL$$XOR                         
1     0010219f  _lseek                          
1     001021b7  _write                          
1     001021cf  FS$$CMP                         
1     001021e6  _InitAdc                        
1     001021f9  _memchr                         
1     00102209  U$$TOFS                         
1     00102219  FD$$SUB                         
1     00102227  _InitGpio                       
1     00102234  _memccpy                        
1     00102241  _memset                         
1     0010224d  _strchr                         
1     00102258  _strcmp                         
1     00102262  __register_unlock               
1     00102266  __register_lock                 
1     0010226a  __nop                           
1     0010226b  FD$$NEG                         
1     00102284  _strlen                         
1     0010228c  _wcslen                         
1     00102294  _strcpy                         
1     00102299  _SetDBGIER                      
1     0010229c  _remove                         
1     0010229f  __system_pre_init               
1     001022a1  __system_post_cinit             
1     001022a2  _CpuTimer1                      
1     001022a2  ___etext__                      
1     001022a2  etext                           
1     001022aa  _CpuTimer2                      
1     001022b2  _CpuTimer0                      
1     001022ba  ___TI_enable_exit_profile_output
1     001022bc  ___TI_cleanup_ptr               
1     001022be  ___TI_dtors_ptr                 
1     001022c0  _scia_rx_count                  
1     001022c1  _scib_rx_count                  
1     001022c2  _scib_data_flag                 
1     001022c3  _scia_data_flag                 
1     001022c4  _sci_count                      
1     001022c6  _scia_char_signal               
1     001022c8  _scib_buffer                    
1     00102300  _scia_buffer                    
1     00102340  _sci_buffer                     
1     00102440  ___TI_ft_end                    
1     00102480  __ftable                        
1     00102500  ___TI_tmpnams                   
1     001025a0  _parmbuf                        
1     001025b0  __lock                          
1     001025b2  __unlock                        
1     001025b4  _errno                          
1     001025c0  __stream                        
1     00102600  __device                        
1     00102648  _rdata_pointB                   
1     00102649  _rdata_pointA                   
1     0010264a  _rdataB                         
1     00102652  _sdataB                         
1     0010265a  _sdataA                         
1     00102662  _rdataA                         
1     00102680  _is_enable_send                 
1     00102681  _rx_count                       
1     00102682  _cmd_at_reset                   
1     00102684  _cmd_at_user_ssid_passwd        
1     00102686  _cmd_at_air_mode                
1     00102688  _cmd_at_hoc_mode                
1     0010268a  _cmd_at_connect_to_wifi         
1     0010268c  _cmd_at_set_ip                  
1     0010268e  _cmd_at_mode                    
1     00102690  _cmd_at_start                   
1     001026c0  _rx_buffer                      
1     00102700  __CIOBUF_                       
1     003f7ff8  _CsmPwl                         
1     003f9000  __sys_memory                    
1     003f9400  __ctypes_                       
1     003f9502  _PieVectTableInit               
abs   00000400  __STACK_SIZE                    
abs   00000400  __SYSMEM_SIZE                   
abs   ffffffff  ___TI_pprof_out_hndl            
abs   ffffffff  ___TI_prof_data_size            
abs   ffffffff  ___TI_prof_data_start           
abs   ffffffff  ___binit__                      
abs   ffffffff  ___c_args__                     
abs   ffffffff  ___pinit__                      
abs   ffffffff  binit                           
abs   ffffffff  pinit                           

[290 symbols]
